Archive member included to satisfy reference by file (symbol)

c:/st/stm32cubeide_1.11.0/stm32cubeide/plugins/com.st.stm32cube.ide.mcu.externaltools.gnu-tools-for-stm32.10.3-2021.10.win32_1.0.100.202210260954/tools/bin/../lib/gcc/arm-none-eabi/10.3.1/../../../../arm-none-eabi/lib/thumb/v7e-m+fp/hard\libc_nano.a(lib_a-errno.o)
                              ./Core/Src/syscalls.o (__errno)
c:/st/stm32cubeide_1.11.0/stm32cubeide/plugins/com.st.stm32cube.ide.mcu.externaltools.gnu-tools-for-stm32.10.3-2021.10.win32_1.0.100.202210260954/tools/bin/../lib/gcc/arm-none-eabi/10.3.1/../../../../arm-none-eabi/lib/thumb/v7e-m+fp/hard\libc_nano.a(lib_a-exit.o)
                              c:/st/stm32cubeide_1.11.0/stm32cubeide/plugins/com.st.stm32cube.ide.mcu.externaltools.gnu-tools-for-stm32.10.3-2021.10.win32_1.0.100.202210260954/tools/bin/../lib/gcc/arm-none-eabi/10.3.1/../../../../arm-none-eabi/lib/thumb/v7e-m+fp/hard/crt0.o (exit)
c:/st/stm32cubeide_1.11.0/stm32cubeide/plugins/com.st.stm32cube.ide.mcu.externaltools.gnu-tools-for-stm32.10.3-2021.10.win32_1.0.100.202210260954/tools/bin/../lib/gcc/arm-none-eabi/10.3.1/../../../../arm-none-eabi/lib/thumb/v7e-m+fp/hard\libc_nano.a(lib_a-impure.o)
                              c:/st/stm32cubeide_1.11.0/stm32cubeide/plugins/com.st.stm32cube.ide.mcu.externaltools.gnu-tools-for-stm32.10.3-2021.10.win32_1.0.100.202210260954/tools/bin/../lib/gcc/arm-none-eabi/10.3.1/../../../../arm-none-eabi/lib/thumb/v7e-m+fp/hard\libc_nano.a(lib_a-exit.o) (_global_impure_ptr)
c:/st/stm32cubeide_1.11.0/stm32cubeide/plugins/com.st.stm32cube.ide.mcu.externaltools.gnu-tools-for-stm32.10.3-2021.10.win32_1.0.100.202210260954/tools/bin/../lib/gcc/arm-none-eabi/10.3.1/../../../../arm-none-eabi/lib/thumb/v7e-m+fp/hard\libc_nano.a(lib_a-init.o)
                              c:/st/stm32cubeide_1.11.0/stm32cubeide/plugins/com.st.stm32cube.ide.mcu.externaltools.gnu-tools-for-stm32.10.3-2021.10.win32_1.0.100.202210260954/tools/bin/../lib/gcc/arm-none-eabi/10.3.1/../../../../arm-none-eabi/lib/thumb/v7e-m+fp/hard/crt0.o (__libc_init_array)
c:/st/stm32cubeide_1.11.0/stm32cubeide/plugins/com.st.stm32cube.ide.mcu.externaltools.gnu-tools-for-stm32.10.3-2021.10.win32_1.0.100.202210260954/tools/bin/../lib/gcc/arm-none-eabi/10.3.1/../../../../arm-none-eabi/lib/thumb/v7e-m+fp/hard\libc_nano.a(lib_a-memset.o)
                              c:/st/stm32cubeide_1.11.0/stm32cubeide/plugins/com.st.stm32cube.ide.mcu.externaltools.gnu-tools-for-stm32.10.3-2021.10.win32_1.0.100.202210260954/tools/bin/../lib/gcc/arm-none-eabi/10.3.1/../../../../arm-none-eabi/lib/thumb/v7e-m+fp/hard/crt0.o (memset)
c:/st/stm32cubeide_1.11.0/stm32cubeide/plugins/com.st.stm32cube.ide.mcu.externaltools.gnu-tools-for-stm32.10.3-2021.10.win32_1.0.100.202210260954/tools/bin/../lib/gcc/arm-none-eabi/10.3.1/thumb/v7e-m+fp/hard\libgcc.a(_aeabi_uldivmod.o)
                              ./Drivers/STM32L4xx_HAL_Driver/Src/stm32l4xx_hal_uart.o (__aeabi_uldivmod)
c:/st/stm32cubeide_1.11.0/stm32cubeide/plugins/com.st.stm32cube.ide.mcu.externaltools.gnu-tools-for-stm32.10.3-2021.10.win32_1.0.100.202210260954/tools/bin/../lib/gcc/arm-none-eabi/10.3.1/thumb/v7e-m+fp/hard\libgcc.a(_udivmoddi4.o)
                              c:/st/stm32cubeide_1.11.0/stm32cubeide/plugins/com.st.stm32cube.ide.mcu.externaltools.gnu-tools-for-stm32.10.3-2021.10.win32_1.0.100.202210260954/tools/bin/../lib/gcc/arm-none-eabi/10.3.1/thumb/v7e-m+fp/hard\libgcc.a(_aeabi_uldivmod.o) (__udivmoddi4)
c:/st/stm32cubeide_1.11.0/stm32cubeide/plugins/com.st.stm32cube.ide.mcu.externaltools.gnu-tools-for-stm32.10.3-2021.10.win32_1.0.100.202210260954/tools/bin/../lib/gcc/arm-none-eabi/10.3.1/thumb/v7e-m+fp/hard\libgcc.a(_dvmd_tls.o)
                              c:/st/stm32cubeide_1.11.0/stm32cubeide/plugins/com.st.stm32cube.ide.mcu.externaltools.gnu-tools-for-stm32.10.3-2021.10.win32_1.0.100.202210260954/tools/bin/../lib/gcc/arm-none-eabi/10.3.1/thumb/v7e-m+fp/hard\libgcc.a(_aeabi_uldivmod.o) (__aeabi_ldiv0)

Discarded input sections

 .text          0x0000000000000000        0x0 c:/st/stm32cubeide_1.11.0/stm32cubeide/plugins/com.st.stm32cube.ide.mcu.externaltools.gnu-tools-for-stm32.10.3-2021.10.win32_1.0.100.202210260954/tools/bin/../lib/gcc/arm-none-eabi/10.3.1/thumb/v7e-m+fp/hard/crti.o
 .data          0x0000000000000000        0x0 c:/st/stm32cubeide_1.11.0/stm32cubeide/plugins/com.st.stm32cube.ide.mcu.externaltools.gnu-tools-for-stm32.10.3-2021.10.win32_1.0.100.202210260954/tools/bin/../lib/gcc/arm-none-eabi/10.3.1/thumb/v7e-m+fp/hard/crti.o
 .bss           0x0000000000000000        0x0 c:/st/stm32cubeide_1.11.0/stm32cubeide/plugins/com.st.stm32cube.ide.mcu.externaltools.gnu-tools-for-stm32.10.3-2021.10.win32_1.0.100.202210260954/tools/bin/../lib/gcc/arm-none-eabi/10.3.1/thumb/v7e-m+fp/hard/crti.o
[...]
Memory Configuration

Name             Origin             Length             Attributes
RAM              0x0000000020000000 0x00000000000a0000 xrw
RAM2             0x0000000010000000 0x0000000000010000 xrw
RAM3             0x0000000020040000 0x0000000000060000 xrw
FLASH            0x0000000008000000 0x0000000000200000 xr
*default*        0x0000000000000000 0xffffffffffffffff

Linker script and memory map

LOAD c:/st/stm32cubeide_1.11.0/stm32cubeide/plugins/com.st.stm32cube.ide.mcu.externaltools.gnu-tools-for-stm32.10.3-2021.10.win32_1.0.100.202210260954/tools/bin/../lib/gcc/arm-none-eabi/10.3.1/thumb/v7e-m+fp/hard/crti.o
LOAD c:/st/stm32cubeide_1.11.0/stm32cubeide/plugins/com.st.stm32cube.ide.mcu.externaltools.gnu-tools-for-stm32.10.3-2021.10.win32_1.0.100.202210260954/tools/bin/../lib/gcc/arm-none-eabi/10.3.1/thumb/v7e-m+fp/hard/crtbegin.o
LOAD c:/st/stm32cubeide_1.11.0/stm32cubeide/plugins/com.st.stm32cube.ide.mcu.externaltools.gnu-tools-for-stm32.10.3-2021.10.win32_1.0.100.202210260954/tools/bin/../lib/gcc/arm-none-eabi/10.3.1/../../../../arm-none-eabi/lib/thumb/v7e-m+fp/hard/crt0.o
LOAD ./Core/Src/gyro.o
LOAD ./Core/Src/main.o
LOAD ./Core/Src/stm32l4xx_hal_msp.o
LOAD ./Core/Src/stm32l4xx_it.o
LOAD ./Core/Src/syscalls.o
LOAD ./Core/Src/sysmem.o
LOAD ./Core/Src/system_stm32l4xx.o
LOAD ./Core/Startup/startup_stm32l4s5vitx.o
LOAD ./Drivers/STM32L4xx_HAL_Driver/Src/stm32l4xx_hal.o
LOAD ./Drivers/STM32L4xx_HAL_Driver/Src/stm32l4xx_hal_adc.o
LOAD ./Drivers/STM32L4xx_HAL_Driver/Src/stm32l4xx_hal_adc_ex.o
LOAD ./Drivers/STM32L4xx_HAL_Driver/Src/stm32l4xx_hal_cortex.o
LOAD ./Drivers/STM32L4xx_HAL_Driver/Src/stm32l4xx_hal_dfsdm.o
LOAD ./Drivers/STM32L4xx_HAL_Driver/Src/stm32l4xx_hal_dfsdm_ex.o
LOAD ./Drivers/STM32L4xx_HAL_Driver/Src/stm32l4xx_hal_dma.o
LOAD ./Drivers/STM32L4xx_HAL_Driver/Src/stm32l4xx_hal_dma_ex.o
LOAD ./Drivers/STM32L4xx_HAL_Driver/Src/stm32l4xx_hal_exti.o
LOAD ./Drivers/STM32L4xx_HAL_Driver/Src/stm32l4xx_hal_flash.o
LOAD ./Drivers/STM32L4xx_HAL_Driver/Src/stm32l4xx_hal_flash_ex.o
LOAD ./Drivers/STM32L4xx_HAL_Driver/Src/stm32l4xx_hal_flash_ramfunc.o
LOAD ./Drivers/STM32L4xx_HAL_Driver/Src/stm32l4xx_hal_gpio.o
LOAD ./Drivers/STM32L4xx_HAL_Driver/Src/stm32l4xx_hal_i2c.o
LOAD ./Drivers/STM32L4xx_HAL_Driver/Src/stm32l4xx_hal_i2c_ex.o
LOAD ./Drivers/STM32L4xx_HAL_Driver/Src/stm32l4xx_hal_ospi.o
LOAD ./Drivers/STM32L4xx_HAL_Driver/Src/stm32l4xx_hal_pwr.o
LOAD ./Drivers/STM32L4xx_HAL_Driver/Src/stm32l4xx_hal_pwr_ex.o
LOAD ./Drivers/STM32L4xx_HAL_Driver/Src/stm32l4xx_hal_rcc.o
LOAD ./Drivers/STM32L4xx_HAL_Driver/Src/stm32l4xx_hal_rcc_ex.o
LOAD ./Drivers/STM32L4xx_HAL_Driver/Src/stm32l4xx_hal_spi.o
LOAD ./Drivers/STM32L4xx_HAL_Driver/Src/stm32l4xx_hal_spi_ex.o
LOAD ./Drivers/STM32L4xx_HAL_Driver/Src/stm32l4xx_hal_tim.o
LOAD ./Drivers/STM32L4xx_HAL_Driver/Src/stm32l4xx_hal_tim_ex.o
LOAD ./Drivers/STM32L4xx_HAL_Driver/Src/stm32l4xx_hal_uart.o
LOAD ./Drivers/STM32L4xx_HAL_Driver/Src/stm32l4xx_hal_uart_ex.o
START GROUP
LOAD c:/st/stm32cubeide_1.11.0/stm32cubeide/plugins/com.st.stm32cube.ide.mcu.externaltools.gnu-tools-for-stm32.10.3-2021.10.win32_1.0.100.202210260954/tools/bin/../lib/gcc/arm-none-eabi/10.3.1/../../../../arm-none-eabi/lib/thumb/v7e-m+fp/hard\libc_nano.a
LOAD c:/st/stm32cubeide_1.11.0/stm32cubeide/plugins/com.st.stm32cube.ide.mcu.externaltools.gnu-tools-for-stm32.10.3-2021.10.win32_1.0.100.202210260954/tools/bin/../lib/gcc/arm-none-eabi/10.3.1/../../../../arm-none-eabi/lib/thumb/v7e-m+fp/hard\libm.a
END GROUP
START GROUP
LOAD c:/st/stm32cubeide_1.11.0/stm32cubeide/plugins/com.st.stm32cube.ide.mcu.externaltools.gnu-tools-for-stm32.10.3-2021.10.win32_1.0.100.202210260954/tools/bin/../lib/gcc/arm-none-eabi/10.3.1/thumb/v7e-m+fp/hard\libgcc.a
LOAD c:/st/stm32cubeide_1.11.0/stm32cubeide/plugins/com.st.stm32cube.ide.mcu.externaltools.gnu-tools-for-stm32.10.3-2021.10.win32_1.0.100.202210260954/tools/bin/../lib/gcc/arm-none-eabi/10.3.1/../../../../arm-none-eabi/lib/thumb/v7e-m+fp/hard\libc_nano.a
END GROUP
START GROUP
LOAD c:/st/stm32cubeide_1.11.0/stm32cubeide/plugins/com.st.stm32cube.ide.mcu.externaltools.gnu-tools-for-stm32.10.3-2021.10.win32_1.0.100.202210260954/tools/bin/../lib/gcc/arm-none-eabi/10.3.1/thumb/v7e-m+fp/hard\libgcc.a
LOAD c:/st/stm32cubeide_1.11.0/stm32cubeide/plugins/com.st.stm32cube.ide.mcu.externaltools.gnu-tools-for-stm32.10.3-2021.10.win32_1.0.100.202210260954/tools/bin/../lib/gcc/arm-none-eabi/10.3.1/../../../../arm-none-eabi/lib/thumb/v7e-m+fp/hard\libc_nano.a
LOAD c:/st/stm32cubeide_1.11.0/stm32cubeide/plugins/com.st.stm32cube.ide.mcu.externaltools.gnu-tools-for-stm32.10.3-2021.10.win32_1.0.100.202210260954/tools/bin/../lib/gcc/arm-none-eabi/10.3.1/../../../../arm-none-eabi/lib/thumb/v7e-m+fp/hard\libnosys.a
END GROUP
START GROUP
LOAD c:/st/stm32cubeide_1.11.0/stm32cubeide/plugins/com.st.stm32cube.ide.mcu.externaltools.gnu-tools-for-stm32.10.3-2021.10.win32_1.0.100.202210260954/tools/bin/../lib/gcc/arm-none-eabi/10.3.1/thumb/v7e-m+fp/hard\libgcc.a
LOAD c:/st/stm32cubeide_1.11.0/stm32cubeide/plugins/com.st.stm32cube.ide.mcu.externaltools.gnu-tools-for-stm32.10.3-2021.10.win32_1.0.100.202210260954/tools/bin/../lib/gcc/arm-none-eabi/10.3.1/../../../../arm-none-eabi/lib/thumb/v7e-m+fp/hard\libc_nano.a
LOAD c:/st/stm32cubeide_1.11.0/stm32cubeide/plugins/com.st.stm32cube.ide.mcu.externaltools.gnu-tools-for-stm32.10.3-2021.10.win32_1.0.100.202210260954/tools/bin/../lib/gcc/arm-none-eabi/10.3.1/../../../../arm-none-eabi/lib/thumb/v7e-m+fp/hard\libnosys.a
END GROUP
LOAD c:/st/stm32cubeide_1.11.0/stm32cubeide/plugins/com.st.stm32cube.ide.mcu.externaltools.gnu-tools-for-stm32.10.3-2021.10.win32_1.0.100.202210260954/tools/bin/../lib/gcc/arm-none-eabi/10.3.1/thumb/v7e-m+fp/hard/crtend.o
LOAD c:/st/stm32cubeide_1.11.0/stm32cubeide/plugins/com.st.stm32cube.ide.mcu.externaltools.gnu-tools-for-stm32.10.3-2021.10.win32_1.0.100.202210260954/tools/bin/../lib/gcc/arm-none-eabi/10.3.1/thumb/v7e-m+fp/hard/crtn.o
                0x00000000200a0000                _estack = (ORIGIN (RAM) + LENGTH (RAM))
                0x0000000000000200                _Min_Heap_Size = 0x200
                0x0000000000000400                _Min_Stack_Size = 0x400

.isr_vector     0x0000000008000000      0x1bc
                0x0000000008000000                . = ALIGN (0x4)
 *(.isr_vector)
 .isr_vector    0x0000000008000000      0x1bc ./Core/Startup/startup_stm32l4s5vitx.o
                0x0000000008000000                g_pfnVectors
                0x00000000080001bc                . = ALIGN (0x4)

.text           0x00000000080001bc     0x66a4
                0x00000000080001bc                . = ALIGN (0x4)
 *(.text)
 .text          0x00000000080001bc       0x40 c:/st/stm32cubeide_1.11.0/stm32cubeide/plugins/com.st.stm32cube.ide.mcu.externaltools.gnu-tools-for-stm32.10.3-2021.10.win32_1.0.100.202210260954/tools/bin/../lib/gcc/arm-none-eabi/10.3.1/thumb/v7e-m+fp/hard/crtbegin.o
 .text          0x00000000080001fc       0x30 c:/st/stm32cubeide_1.11.0/stm32cubeide/plugins/com.st.stm32cube.ide.mcu.externaltools.gnu-tools-for-stm32.10.3-2021.10.win32_1.0.100.202210260954/tools/bin/../lib/gcc/arm-none-eabi/10.3.1/thumb/v7e-m+fp/hard\libgcc.a(_aeabi_uldivmod.o)
                0x00000000080001fc                __aeabi_uldivmod
 .text          0x000000000800022c      0x2d0 c:/st/stm32cubeide_1.11.0/stm32cubeide/plugins/com.st.stm32cube.ide.mcu.externaltools.gnu-tools-for-stm32.10.3-2021.10.win32_1.0.100.202210260954/tools/bin/../lib/gcc/arm-none-eabi/10.3.1/thumb/v7e-m+fp/hard\libgcc.a(_udivmoddi4.o)
                0x000000000800022c                __udivmoddi4
 .text          0x00000000080004fc        0x4 c:/st/stm32cubeide_1.11.0/stm32cubeide/plugins/com.st.stm32cube.ide.mcu.externaltools.gnu-tools-for-stm32.10.3-2021.10.win32_1.0.100.202210260954/tools/bin/../lib/gcc/arm-none-eabi/10.3.1/thumb/v7e-m+fp/hard\libgcc.a(_dvmd_tls.o)
                0x00000000080004fc                __aeabi_idiv0
                0x00000000080004fc                __aeabi_ldiv0
 *(.text*)
 .text.what_is_it
                0x0000000008000500       0x30 ./Core/Src/gyro.o
                0x0000000008000500                what_is_it
 .text.main     0x0000000008000530       0x4a ./Core/Src/main.o
                0x0000000008000530                main
 *fill*         0x000000000800057a        0x2 
 .text.SystemClock_Config
                0x000000000800057c       0xc4 ./Core/Src/main.o
                0x000000000800057c                SystemClock_Config
 .text.PeriphCommonClock_Config
                0x0000000008000640       0x5e ./Core/Src/main.o
                0x0000000008000640                PeriphCommonClock_Config
 *fill*         0x000000000800069e        0x2 
 .text.MX_ADC1_Init
                0x00000000080006a0       0xcc ./Core/Src/main.o
 .text.MX_DFSDM1_Init
                0x000000000800076c       0x70 ./Core/Src/main.o
 .text.MX_I2C1_Init
                0x00000000080007dc       0x80 ./Core/Src/main.o
 .text.MX_I2C2_Init
                0x000000000800085c       0x80 ./Core/Src/main.o
 .text.MX_OCTOSPI1_Init
                0x00000000080008dc       0xac ./Core/Src/main.o
 .text.MX_SPI1_Init
                0x0000000008000988       0x7c ./Core/Src/main.o
 .text.MX_SPI3_Init
                0x0000000008000a04       0x7c ./Core/Src/main.o
 .text.MX_UART4_Init
                0x0000000008000a80       0x98 ./Core/Src/main.o
 .text.MX_USART1_UART_Init
                0x0000000008000b18       0x98 ./Core/Src/main.o
 .text.MX_USART2_UART_Init
                0x0000000008000bb0       0x9c ./Core/Src/main.o
 .text.MX_USART3_UART_Init
                0x0000000008000c4c       0x98 ./Core/Src/main.o
 .text.MX_USB_OTG_FS_USB_Init
                0x0000000008000ce4        0xe ./Core/Src/main.o
 *fill*         0x0000000008000cf2        0x2 
 .text.MX_GPIO_Init
                0x0000000008000cf4      0x284 ./Core/Src/main.o
 .text.Error_Handler
                0x0000000008000f78        0xa ./Core/Src/main.o
                0x0000000008000f78                Error_Handler
 *fill*         0x0000000008000f82        0x2 
 .text.HAL_MspInit
                0x0000000008000f84       0x48 ./Core/Src/stm32l4xx_hal_msp.o
                0x0000000008000f84                HAL_MspInit
 .text.HAL_ADC_MspInit
                0x0000000008000fcc       0x80 ./Core/Src/stm32l4xx_hal_msp.o
                0x0000000008000fcc                HAL_ADC_MspInit
 .text.HAL_DFSDM_ChannelMspInit
                0x000000000800104c       0xc8 ./Core/Src/stm32l4xx_hal_msp.o
                0x000000000800104c                HAL_DFSDM_ChannelMspInit
 .text.HAL_I2C_MspInit
                0x0000000008001114      0x144 ./Core/Src/stm32l4xx_hal_msp.o
                0x0000000008001114                HAL_I2C_MspInit
 .text.HAL_OSPI_MspInit
                0x0000000008001258       0xd8 ./Core/Src/stm32l4xx_hal_msp.o
                0x0000000008001258                HAL_OSPI_MspInit
 .text.HAL_SPI_MspInit
                0x0000000008001330       0xec ./Core/Src/stm32l4xx_hal_msp.o
                0x0000000008001330                HAL_SPI_MspInit
 .text.HAL_UART_MspInit
                0x000000000800141c      0x254 ./Core/Src/stm32l4xx_hal_msp.o
                0x000000000800141c                HAL_UART_MspInit
 .text.NMI_Handler
                0x0000000008001670        0x6 ./Core/Src/stm32l4xx_it.o
                0x0000000008001670                NMI_Handler
 .text.HardFault_Handler
                0x0000000008001676        0x6 ./Core/Src/stm32l4xx_it.o
                0x0000000008001676                HardFault_Handler
 .text.MemManage_Handler
                0x000000000800167c        0x6 ./Core/Src/stm32l4xx_it.o
                0x000000000800167c                MemManage_Handler
 .text.BusFault_Handler
                0x0000000008001682        0x6 ./Core/Src/stm32l4xx_it.o
                0x0000000008001682                BusFault_Handler
 .text.UsageFault_Handler
                0x0000000008001688        0x6 ./Core/Src/stm32l4xx_it.o
                0x0000000008001688                UsageFault_Handler
 .text.SVC_Handler
                0x000000000800168e        0xe ./Core/Src/stm32l4xx_it.o
                0x000000000800168e                SVC_Handler
 .text.DebugMon_Handler
                0x000000000800169c        0xe ./Core/Src/stm32l4xx_it.o
                0x000000000800169c                DebugMon_Handler
 .text.PendSV_Handler
                0x00000000080016aa        0xe ./Core/Src/stm32l4xx_it.o
                0x00000000080016aa                PendSV_Handler
 .text.SysTick_Handler
                0x00000000080016b8        0xc ./Core/Src/stm32l4xx_it.o
                0x00000000080016b8                SysTick_Handler
 .text.EXTI9_5_IRQHandler
                0x00000000080016c4       0x22 ./Core/Src/stm32l4xx_it.o
                0x00000000080016c4                EXTI9_5_IRQHandler
 .text.EXTI15_10_IRQHandler
                0x00000000080016e6       0x38 ./Core/Src/stm32l4xx_it.o
                0x00000000080016e6                EXTI15_10_IRQHandler
 *fill*         0x000000000800171e        0x2 
 .text.SystemInit
                0x0000000008001720       0x24 ./Core/Src/system_stm32l4xx.o
                0x0000000008001720                SystemInit
 .text.Reset_Handler
                0x0000000008001744       0x50 ./Core/Startup/startup_stm32l4s5vitx.o
                0x0000000008001744                Reset_Handler
 .text.Default_Handler
                0x0000000008001794        0x2 ./Core/Startup/startup_stm32l4s5vitx.o
                0x0000000008001794                RTC_Alarm_IRQHandler
                0x0000000008001794                EXTI2_IRQHandler
                0x0000000008001794                TIM8_TRG_COM_IRQHandler
                0x0000000008001794                TIM8_CC_IRQHandler
                0x0000000008001794                TIM1_CC_IRQHandler
                0x0000000008001794                TSC_IRQHandler
                0x0000000008001794                TAMP_STAMP_IRQHandler
                0x0000000008001794                EXTI3_IRQHandler
                0x0000000008001794                LPTIM2_IRQHandler
                0x0000000008001794                DFSDM1_FLT1_IRQHandler
                0x0000000008001794                GFXMMU_IRQHandler
                0x0000000008001794                I2C3_ER_IRQHandler
                0x0000000008001794                DFSDM1_FLT2_IRQHandler
                0x0000000008001794                EXTI0_IRQHandler
                0x0000000008001794                I2C2_EV_IRQHandler
                0x0000000008001794                CAN1_RX0_IRQHandler
                0x0000000008001794                FPU_IRQHandler
                0x0000000008001794                TIM1_UP_TIM16_IRQHandler
                0x0000000008001794                LTDC_ER_IRQHandler
                0x0000000008001794                SPI1_IRQHandler
                0x0000000008001794                OCTOSPI1_IRQHandler
                0x0000000008001794                TIM6_DAC_IRQHandler
                0x0000000008001794                DCMI_IRQHandler
                0x0000000008001794                TIM8_UP_IRQHandler
                0x0000000008001794                OCTOSPI2_IRQHandler
                0x0000000008001794                DMA2_Channel2_IRQHandler
                0x0000000008001794                DMA1_Channel4_IRQHandler
                0x0000000008001794                SAI2_IRQHandler
                0x0000000008001794                ADC1_IRQHandler
                0x0000000008001794                DFSDM1_FLT3_IRQHandler
                0x0000000008001794                USART3_IRQHandler
                0x0000000008001794                DMA1_Channel7_IRQHandler
                0x0000000008001794                CAN1_RX1_IRQHandler
                0x0000000008001794                UART5_IRQHandler
                0x0000000008001794                TIM4_IRQHandler
                0x0000000008001794                DMA2_Channel1_IRQHandler
                0x0000000008001794                I2C1_EV_IRQHandler
                0x0000000008001794                DMAMUX1_OVR_IRQHandler
                0x0000000008001794                DMA1_Channel6_IRQHandler
                0x0000000008001794                UART4_IRQHandler
                0x0000000008001794                DMA2_Channel4_IRQHandler
                0x0000000008001794                TIM3_IRQHandler
                0x0000000008001794                RCC_IRQHandler
                0x0000000008001794                DMA1_Channel1_IRQHandler
                0x0000000008001794                Default_Handler
                0x0000000008001794                DMA2_Channel7_IRQHandler
                0x0000000008001794                TIM7_IRQHandler
                0x0000000008001794                SDMMC1_IRQHandler
                0x0000000008001794                TIM5_IRQHandler
                0x0000000008001794                I2C3_EV_IRQHandler
                0x0000000008001794                RTC_WKUP_IRQHandler
                0x0000000008001794                LTDC_IRQHandler
                0x0000000008001794                PVD_PVM_IRQHandler
                0x0000000008001794                SPI2_IRQHandler
                0x0000000008001794                CAN1_TX_IRQHandler
                0x0000000008001794                DMA2_Channel5_IRQHandler
                0x0000000008001794                DMA1_Channel5_IRQHandler
                0x0000000008001794                EXTI4_IRQHandler
                0x0000000008001794                RNG_IRQHandler
                0x0000000008001794                TIM1_TRG_COM_TIM17_IRQHandler
                0x0000000008001794                DMA1_Channel3_IRQHandler
                0x0000000008001794                COMP_IRQHandler
                0x0000000008001794                HASH_CRS_IRQHandler
                0x0000000008001794                WWDG_IRQHandler
                0x0000000008001794                I2C4_EV_IRQHandler
                0x0000000008001794                LPUART1_IRQHandler
                0x0000000008001794                DMA2_Channel6_IRQHandler
                0x0000000008001794                TIM2_IRQHandler
                0x0000000008001794                DMA2D_IRQHandler
                0x0000000008001794                EXTI1_IRQHandler
                0x0000000008001794                AES_IRQHandler
                0x0000000008001794                USART2_IRQHandler
                0x0000000008001794                DFSDM1_FLT0_IRQHandler
                0x0000000008001794                I2C2_ER_IRQHandler
                0x0000000008001794                DMA1_Channel2_IRQHandler
                0x0000000008001794                TIM8_BRK_IRQHandler
                0x0000000008001794                CAN1_SCE_IRQHandler
                0x0000000008001794                FLASH_IRQHandler
                0x0000000008001794                USART1_IRQHandler
                0x0000000008001794                OTG_FS_IRQHandler
                0x0000000008001794                SPI3_IRQHandler
                0x0000000008001794                I2C1_ER_IRQHandler
                0x0000000008001794                FMC_IRQHandler
                0x0000000008001794                LPTIM1_IRQHandler
                0x0000000008001794                I2C4_ER_IRQHandler
                0x0000000008001794                SAI1_IRQHandler
                0x0000000008001794                DMA2_Channel3_IRQHandler
                0x0000000008001794                TIM1_BRK_TIM15_IRQHandler
 .text.HAL_Init
                0x0000000008001796       0x30 ./Drivers/STM32L4xx_HAL_Driver/Src/stm32l4xx_hal.o
                0x0000000008001796                HAL_Init
 *fill*         0x00000000080017c6        0x2 
 .text.HAL_InitTick
                0x00000000080017c8       0x78 ./Drivers/STM32L4xx_HAL_Driver/Src/stm32l4xx_hal.o
                0x00000000080017c8                HAL_InitTick
 .text.HAL_IncTick
                0x0000000008001840       0x28 ./Drivers/STM32L4xx_HAL_Driver/Src/stm32l4xx_hal.o
                0x0000000008001840                HAL_IncTick
 .text.HAL_GetTick
                0x0000000008001868       0x18 ./Drivers/STM32L4xx_HAL_Driver/Src/stm32l4xx_hal.o
                0x0000000008001868                HAL_GetTick
 .text.LL_ADC_SetCommonClock
                0x0000000008001880       0x26 ./Drivers/STM32L4xx_HAL_Driver/Src/stm32l4xx_hal_adc.o
 .text.LL_ADC_SetCommonPathInternalCh
                0x00000000080018a6       0x26 ./Drivers/STM32L4xx_HAL_Driver/Src/stm32l4xx_hal_adc.o
 .text.LL_ADC_GetCommonPathInternalCh
                0x00000000080018cc       0x1c ./Drivers/STM32L4xx_HAL_Driver/Src/stm32l4xx_hal_adc.o
 .text.LL_ADC_SetOffset
                0x00000000080018e8       0x48 ./Drivers/STM32L4xx_HAL_Driver/Src/stm32l4xx_hal_adc.o
 .text.LL_ADC_GetOffsetChannel
                0x0000000008001930       0x2c ./Drivers/STM32L4xx_HAL_Driver/Src/stm32l4xx_hal_adc.o
 .text.LL_ADC_SetOffsetState
                0x000000000800195c       0x36 ./Drivers/STM32L4xx_HAL_Driver/Src/stm32l4xx_hal_adc.o
 .text.LL_ADC_SetSamplingTimeCommonConfig
                0x0000000008001992       0x26 ./Drivers/STM32L4xx_HAL_Driver/Src/stm32l4xx_hal_adc.o
 .text.LL_ADC_REG_SetSequencerRanks
                0x00000000080019b8       0x58 ./Drivers/STM32L4xx_HAL_Driver/Src/stm32l4xx_hal_adc.o
 .text.LL_ADC_SetChannelSamplingTime
                0x0000000008001a10       0x56 ./Drivers/STM32L4xx_HAL_Driver/Src/stm32l4xx_hal_adc.o
 *fill*         0x0000000008001a66        0x2 
 .text.LL_ADC_SetChannelSingleDiff
                0x0000000008001a68       0x48 ./Drivers/STM32L4xx_HAL_Driver/Src/stm32l4xx_hal_adc.o
 .text.LL_ADC_DisableDeepPowerDown
                0x0000000008001ab0       0x24 ./Drivers/STM32L4xx_HAL_Driver/Src/stm32l4xx_hal_adc.o
 .text.LL_ADC_IsDeepPowerDownEnabled
                0x0000000008001ad4       0x28 ./Drivers/STM32L4xx_HAL_Driver/Src/stm32l4xx_hal_adc.o
 .text.LL_ADC_EnableInternalRegulator
                0x0000000008001afc       0x28 ./Drivers/STM32L4xx_HAL_Driver/Src/stm32l4xx_hal_adc.o
 .text.LL_ADC_IsInternalRegulatorEnabled
                0x0000000008001b24       0x28 ./Drivers/STM32L4xx_HAL_Driver/Src/stm32l4xx_hal_adc.o
 .text.LL_ADC_IsEnabled
                0x0000000008001b4c       0x26 ./Drivers/STM32L4xx_HAL_Driver/Src/stm32l4xx_hal_adc.o
 .text.LL_ADC_REG_IsConversionOngoing
                0x0000000008001b72       0x26 ./Drivers/STM32L4xx_HAL_Driver/Src/stm32l4xx_hal_adc.o
 .text.LL_ADC_INJ_IsConversionOngoing
                0x0000000008001b98       0x26 ./Drivers/STM32L4xx_HAL_Driver/Src/stm32l4xx_hal_adc.o
 *fill*         0x0000000008001bbe        0x2 
 .text.HAL_ADC_Init
                0x0000000008001bc0      0x298 ./Drivers/STM32L4xx_HAL_Driver/Src/stm32l4xx_hal_adc.o
                0x0000000008001bc0                HAL_ADC_Init
 .text.HAL_ADC_ConfigChannel
                0x0000000008001e58      0x7f8 ./Drivers/STM32L4xx_HAL_Driver/Src/stm32l4xx_hal_adc.o
                0x0000000008001e58                HAL_ADC_ConfigChannel
 .text.__NVIC_SetPriorityGrouping
                0x0000000008002650       0x48 ./Drivers/STM32L4xx_HAL_Driver/Src/stm32l4xx_hal_cortex.o
 .text.__NVIC_GetPriorityGrouping
                0x0000000008002698       0x1c ./Drivers/STM32L4xx_HAL_Driver/Src/stm32l4xx_hal_cortex.o
 .text.__NVIC_EnableIRQ
                0x00000000080026b4       0x3c ./Drivers/STM32L4xx_HAL_Driver/Src/stm32l4xx_hal_cortex.o
 .text.__NVIC_SetPriority
                0x00000000080026f0       0x54 ./Drivers/STM32L4xx_HAL_Driver/Src/stm32l4xx_hal_cortex.o
 .text.NVIC_EncodePriority
                0x0000000008002744       0x66 ./Drivers/STM32L4xx_HAL_Driver/Src/stm32l4xx_hal_cortex.o
 *fill*         0x00000000080027aa        0x2 
 .text.SysTick_Config
                0x00000000080027ac       0x44 ./Drivers/STM32L4xx_HAL_Driver/Src/stm32l4xx_hal_cortex.o
 .text.HAL_NVIC_SetPriorityGrouping
                0x00000000080027f0       0x16 ./Drivers/STM32L4xx_HAL_Driver/Src/stm32l4xx_hal_cortex.o
                0x00000000080027f0                HAL_NVIC_SetPriorityGrouping
 .text.HAL_NVIC_SetPriority
                0x0000000008002806       0x38 ./Drivers/STM32L4xx_HAL_Driver/Src/stm32l4xx_hal_cortex.o
                0x0000000008002806                HAL_NVIC_SetPriority
 .text.HAL_NVIC_EnableIRQ
                0x000000000800283e       0x1c ./Drivers/STM32L4xx_HAL_Driver/Src/stm32l4xx_hal_cortex.o
                0x000000000800283e                HAL_NVIC_EnableIRQ
 .text.HAL_SYSTICK_Config
                0x000000000800285a       0x18 ./Drivers/STM32L4xx_HAL_Driver/Src/stm32l4xx_hal_cortex.o
                0x000000000800285a                HAL_SYSTICK_Config
 *fill*         0x0000000008002872        0x2 
 .text.HAL_DFSDM_ChannelInit
                0x0000000008002874      0x180 ./Drivers/STM32L4xx_HAL_Driver/Src/stm32l4xx_hal_dfsdm.o
                0x0000000008002874                HAL_DFSDM_ChannelInit
 .text.DFSDM_GetChannelFromInstance
                0x00000000080029f4       0x98 ./Drivers/STM32L4xx_HAL_Driver/Src/stm32l4xx_hal_dfsdm.o
 .text.HAL_GPIO_Init
                0x0000000008002a8c      0x324 ./Drivers/STM32L4xx_HAL_Driver/Src/stm32l4xx_hal_gpio.o
                0x0000000008002a8c                HAL_GPIO_Init
 .text.HAL_GPIO_WritePin
                0x0000000008002db0       0x30 ./Drivers/STM32L4xx_HAL_Driver/Src/stm32l4xx_hal_gpio.o
                0x0000000008002db0                HAL_GPIO_WritePin
 .text.HAL_GPIO_EXTI_IRQHandler
                0x0000000008002de0       0x30 ./Drivers/STM32L4xx_HAL_Driver/Src/stm32l4xx_hal_gpio.o
                0x0000000008002de0                HAL_GPIO_EXTI_IRQHandler
 .text.HAL_GPIO_EXTI_Callback
                0x0000000008002e10       0x16 ./Drivers/STM32L4xx_HAL_Driver/Src/stm32l4xx_hal_gpio.o
                0x0000000008002e10                HAL_GPIO_EXTI_Callback
 .text.HAL_I2C_Init
                0x0000000008002e26      0x11e ./Drivers/STM32L4xx_HAL_Driver/Src/stm32l4xx_hal_i2c.o
                0x0000000008002e26                HAL_I2C_Init
 .text.HAL_I2C_Mem_Read
                0x0000000008002f44      0x234 ./Drivers/STM32L4xx_HAL_Driver/Src/stm32l4xx_hal_i2c.o
                0x0000000008002f44                HAL_I2C_Mem_Read
 .text.I2C_RequestMemoryRead
                0x0000000008003178       0xa8 ./Drivers/STM32L4xx_HAL_Driver/Src/stm32l4xx_hal_i2c.o
 .text.I2C_Flush_TXDR
                0x0000000008003220       0x48 ./Drivers/STM32L4xx_HAL_Driver/Src/stm32l4xx_hal_i2c.o
 .text.I2C_WaitOnFlagUntilTimeout
                0x0000000008003268       0x80 ./Drivers/STM32L4xx_HAL_Driver/Src/stm32l4xx_hal_i2c.o
 .text.I2C_WaitOnTXISFlagUntilTimeout
                0x00000000080032e8       0x80 ./Drivers/STM32L4xx_HAL_Driver/Src/stm32l4xx_hal_i2c.o
 .text.I2C_WaitOnSTOPFlagUntilTimeout
                0x0000000008003368       0x78 ./Drivers/STM32L4xx_HAL_Driver/Src/stm32l4xx_hal_i2c.o
 .text.I2C_IsErrorOccurred
                0x00000000080033e0      0x1d8 ./Drivers/STM32L4xx_HAL_Driver/Src/stm32l4xx_hal_i2c.o
 .text.I2C_TransferConfig
                0x00000000080035b8       0x64 ./Drivers/STM32L4xx_HAL_Driver/Src/stm32l4xx_hal_i2c.o
 .text.HAL_I2CEx_ConfigAnalogFilter
                0x000000000800361c       0x96 ./Drivers/STM32L4xx_HAL_Driver/Src/stm32l4xx_hal_i2c_ex.o
                0x000000000800361c                HAL_I2CEx_ConfigAnalogFilter
 .text.HAL_I2CEx_ConfigDigitalFilter
                0x00000000080036b2       0x98 ./Drivers/STM32L4xx_HAL_Driver/Src/stm32l4xx_hal_i2c_ex.o
                0x00000000080036b2                HAL_I2CEx_ConfigDigitalFilter
 *fill*         0x000000000800374a        0x2 
 .text.HAL_OSPI_Init
                0x000000000800374c      0x154 ./Drivers/STM32L4xx_HAL_Driver/Src/stm32l4xx_hal_ospi.o
                0x000000000800374c                HAL_OSPI_Init
 .text.HAL_OSPI_SetTimeout
                0x00000000080038a0       0x1e ./Drivers/STM32L4xx_HAL_Driver/Src/stm32l4xx_hal_ospi.o
                0x00000000080038a0                HAL_OSPI_SetTimeout
 *fill*         0x00000000080038be        0x2 
 .text.HAL_OSPIM_Config
                0x00000000080038c0      0x668 ./Drivers/STM32L4xx_HAL_Driver/Src/stm32l4xx_hal_ospi.o
                0x00000000080038c0                HAL_OSPIM_Config
 .text.OSPI_WaitFlagStateUntilTimeout
                0x0000000008003f28       0x6e ./Drivers/STM32L4xx_HAL_Driver/Src/stm32l4xx_hal_ospi.o
 *fill*         0x0000000008003f96        0x2 
 .text.OSPIM_GetConfig
                0x0000000008003f98      0x160 ./Drivers/STM32L4xx_HAL_Driver/Src/stm32l4xx_hal_ospi.o
 .text.HAL_PWR_EnableBkUpAccess
                0x00000000080040f8       0x20 ./Drivers/STM32L4xx_HAL_Driver/Src/stm32l4xx_hal_pwr.o
                0x00000000080040f8                HAL_PWR_EnableBkUpAccess
 .text.HAL_PWREx_GetVoltageRange
                0x0000000008004118       0x40 ./Drivers/STM32L4xx_HAL_Driver/Src/stm32l4xx_hal_pwr_ex.o
                0x0000000008004118                HAL_PWREx_GetVoltageRange
 .text.HAL_PWREx_ControlVoltageScaling
                0x0000000008004158      0x148 ./Drivers/STM32L4xx_HAL_Driver/Src/stm32l4xx_hal_pwr_ex.o
                0x0000000008004158                HAL_PWREx_ControlVoltageScaling
 .text.HAL_RCC_OscConfig
                0x00000000080042a0      0x834 ./Drivers/STM32L4xx_HAL_Driver/Src/stm32l4xx_hal_rcc.o
                0x00000000080042a0                HAL_RCC_OscConfig
 .text.HAL_RCC_ClockConfig
                0x0000000008004ad4      0x274 ./Drivers/STM32L4xx_HAL_Driver/Src/stm32l4xx_hal_rcc.o
                0x0000000008004ad4                HAL_RCC_ClockConfig
 .text.HAL_RCC_GetSysClockFreq
                0x0000000008004d48      0x118 ./Drivers/STM32L4xx_HAL_Driver/Src/stm32l4xx_hal_rcc.o
                0x0000000008004d48                HAL_RCC_GetSysClockFreq
 .text.HAL_RCC_GetHCLKFreq
                0x0000000008004e60       0x18 ./Drivers/STM32L4xx_HAL_Driver/Src/stm32l4xx_hal_rcc.o
                0x0000000008004e60                HAL_RCC_GetHCLKFreq
 .text.HAL_RCC_GetPCLK1Freq
                0x0000000008004e78       0x2c ./Drivers/STM32L4xx_HAL_Driver/Src/stm32l4xx_hal_rcc.o
                0x0000000008004e78                HAL_RCC_GetPCLK1Freq
 .text.HAL_RCC_GetPCLK2Freq
                0x0000000008004ea4       0x2c ./Drivers/STM32L4xx_HAL_Driver/Src/stm32l4xx_hal_rcc.o
                0x0000000008004ea4                HAL_RCC_GetPCLK2Freq
 .text.RCC_SetFlashLatencyFromMSIRange
                0x0000000008004ed0       0xb4 ./Drivers/STM32L4xx_HAL_Driver/Src/stm32l4xx_hal_rcc.o
 .text.RCC_GetSysClockFreqFromPLLSource
                0x0000000008004f84       0xcc ./Drivers/STM32L4xx_HAL_Driver/Src/stm32l4xx_hal_rcc.o
 .text.HAL_RCCEx_PeriphCLKConfig
                0x0000000008005050      0x660 ./Drivers/STM32L4xx_HAL_Driver/Src/stm32l4xx_hal_rcc_ex.o
                0x0000000008005050                HAL_RCCEx_PeriphCLKConfig
 .text.HAL_RCCEx_EnableMSIPLLMode
                0x00000000080056b0       0x20 ./Drivers/STM32L4xx_HAL_Driver/Src/stm32l4xx_hal_rcc_ex.o
                0x00000000080056b0                HAL_RCCEx_EnableMSIPLLMode
 .text.RCCEx_PLLSAI1_Config
                0x00000000080056d0      0x1e8 ./Drivers/STM32L4xx_HAL_Driver/Src/stm32l4xx_hal_rcc_ex.o
 .text.RCCEx_PLLSAI2_Config
                0x00000000080058b8      0x1e8 ./Drivers/STM32L4xx_HAL_Driver/Src/stm32l4xx_hal_rcc_ex.o
 .text.HAL_SPI_Init
                0x0000000008005aa0      0x146 ./Drivers/STM32L4xx_HAL_Driver/Src/stm32l4xx_hal_spi.o
                0x0000000008005aa0                HAL_SPI_Init
 .text.HAL_UART_Init
                0x0000000008005be6       0xa0 ./Drivers/STM32L4xx_HAL_Driver/Src/stm32l4xx_hal_uart.o
                0x0000000008005be6                HAL_UART_Init
 *fill*         0x0000000008005c86        0x2 
 .text.UART_SetConfig
                0x0000000008005c88      0x5f8 ./Drivers/STM32L4xx_HAL_Driver/Src/stm32l4xx_hal_uart.o
                0x0000000008005c88                UART_SetConfig
 .text.UART_AdvFeatureConfig
                0x0000000008006280      0x144 ./Drivers/STM32L4xx_HAL_Driver/Src/stm32l4xx_hal_uart.o
                0x0000000008006280                UART_AdvFeatureConfig
 .text.UART_CheckIdleState
                0x00000000080063c4       0x96 ./Drivers/STM32L4xx_HAL_Driver/Src/stm32l4xx_hal_uart.o
                0x00000000080063c4                UART_CheckIdleState
 .text.UART_WaitOnFlagUntilTimeout
                0x000000000800645a      0x190 ./Drivers/STM32L4xx_HAL_Driver/Src/stm32l4xx_hal_uart.o
                0x000000000800645a                UART_WaitOnFlagUntilTimeout
 .text.HAL_UARTEx_DisableFifoMode
                0x00000000080065ea       0x72 ./Drivers/STM32L4xx_HAL_Driver/Src/stm32l4xx_hal_uart_ex.o
                0x00000000080065ea                HAL_UARTEx_DisableFifoMode
 .text.HAL_UARTEx_SetTxFifoThreshold
                0x000000000800665c       0x7c ./Drivers/STM32L4xx_HAL_Driver/Src/stm32l4xx_hal_uart_ex.o
                0x000000000800665c                HAL_UARTEx_SetTxFifoThreshold
 .text.HAL_UARTEx_SetRxFifoThreshold
                0x00000000080066d8       0x7c ./Drivers/STM32L4xx_HAL_Driver/Src/stm32l4xx_hal_uart_ex.o
                0x00000000080066d8                HAL_UARTEx_SetRxFifoThreshold
 .text.UARTEx_SetNbDataToProcess
                0x0000000008006754       0x9c ./Drivers/STM32L4xx_HAL_Driver/Src/stm32l4xx_hal_uart_ex.o
 .text.__libc_init_array
                0x00000000080067f0       0x48 c:/st/stm32cubeide_1.11.0/stm32cubeide/plugins/com.st.stm32cube.ide.mcu.externaltools.gnu-tools-for-stm32.10.3-2021.10.win32_1.0.100.202210260954/tools/bin/../lib/gcc/arm-none-eabi/10.3.1/../../../../arm-none-eabi/lib/thumb/v7e-m+fp/hard\libc_nano.a(lib_a-init.o)
                0x00000000080067f0                __libc_init_array
 .text.memset   0x0000000008006838       0x10 c:/st/stm32cubeide_1.11.0/stm32cubeide/plugins/com.st.stm32cube.ide.mcu.externaltools.gnu-tools-for-stm32.10.3-2021.10.win32_1.0.100.202210260954/tools/bin/../lib/gcc/arm-none-eabi/10.3.1/../../../../arm-none-eabi/lib/thumb/v7e-m+fp/hard\libc_nano.a(lib_a-memset.o)
                0x0000000008006838                memset
 *(.glue_7)
 .glue_7        0x0000000008006848        0x0 linker stubs
 *(.glue_7t)
 .glue_7t       0x0000000008006848        0x0 linker stubs
 *(.eh_frame)
 .eh_frame      0x0000000008006848        0x0 c:/st/stm32cubeide_1.11.0/stm32cubeide/plugins/com.st.stm32cube.ide.mcu.externaltools.gnu-tools-for-stm32.10.3-2021.10.win32_1.0.100.202210260954/tools/bin/../lib/gcc/arm-none-eabi/10.3.1/thumb/v7e-m+fp/hard/crtbegin.o
 *(.init)
 .init          0x0000000008006848        0x4 c:/st/stm32cubeide_1.11.0/stm32cubeide/plugins/com.st.stm32cube.ide.mcu.externaltools.gnu-tools-for-stm32.10.3-2021.10.win32_1.0.100.202210260954/tools/bin/../lib/gcc/arm-none-eabi/10.3.1/thumb/v7e-m+fp/hard/crti.o
                0x0000000008006848                _init
 .init          0x000000000800684c        0x8 c:/st/stm32cubeide_1.11.0/stm32cubeide/plugins/com.st.stm32cube.ide.mcu.externaltools.gnu-tools-for-stm32.10.3-2021.10.win32_1.0.100.202210260954/tools/bin/../lib/gcc/arm-none-eabi/10.3.1/thumb/v7e-m+fp/hard/crtn.o
 *(.fini)
 .fini          0x0000000008006854        0x4 c:/st/stm32cubeide_1.11.0/stm32cubeide/plugins/com.st.stm32cube.ide.mcu.externaltools.gnu-tools-for-stm32.10.3-2021.10.win32_1.0.100.202210260954/tools/bin/../lib/gcc/arm-none-eabi/10.3.1/thumb/v7e-m+fp/hard/crti.o
                0x0000000008006854                _fini
 .fini          0x0000000008006858        0x8 c:/st/stm32cubeide_1.11.0/stm32cubeide/plugins/com.st.stm32cube.ide.mcu.externaltools.gnu-tools-for-stm32.10.3-2021.10.win32_1.0.100.202210260954/tools/bin/../lib/gcc/arm-none-eabi/10.3.1/thumb/v7e-m+fp/hard/crtn.o
                0x0000000008006860                . = ALIGN (0x4)
                0x0000000008006860                _etext = .

.vfp11_veneer   0x0000000008006860        0x0
 .vfp11_veneer  0x0000000008006860        0x0 linker stubs

.v4_bx          0x0000000008006860        0x0
 .v4_bx         0x0000000008006860        0x0 linker stubs

.iplt           0x0000000008006860        0x0
 .iplt          0x0000000008006860        0x0 c:/st/stm32cubeide_1.11.0/stm32cubeide/plugins/com.st.stm32cube.ide.mcu.externaltools.gnu-tools-for-stm32.10.3-2021.10.win32_1.0.100.202210260954/tools/bin/../lib/gcc/arm-none-eabi/10.3.1/thumb/v7e-m+fp/hard/crtbegin.o

.rodata         0x0000000008006860       0x70
                0x0000000008006860                . = ALIGN (0x4)
 *(.rodata)
 *(.rodata*)
 .rodata.AHBPrescTable
                0x0000000008006860       0x10 ./Core/Src/system_stm32l4xx.o
                0x0000000008006860                AHBPrescTable
 .rodata.APBPrescTable
                0x0000000008006870        0x8 ./Core/Src/system_stm32l4xx.o
                0x0000000008006870                APBPrescTable
 .rodata.MSIRangeTable
                0x0000000008006878       0x30 ./Core/Src/system_stm32l4xx.o
                0x0000000008006878                MSIRangeTable
 .rodata.UARTPrescTable
                0x00000000080068a8       0x18 ./Drivers/STM32L4xx_HAL_Driver/Src/stm32l4xx_hal_uart.o
                0x00000000080068a8                UARTPrescTable
 .rodata.numerator.1
                0x00000000080068c0        0x8 ./Drivers/STM32L4xx_HAL_Driver/Src/stm32l4xx_hal_uart_ex.o
 .rodata.denominator.0
                0x00000000080068c8        0x8 ./Drivers/STM32L4xx_HAL_Driver/Src/stm32l4xx_hal_uart_ex.o
                0x00000000080068d0                . = ALIGN (0x4)

.ARM.extab      0x00000000080068d0        0x0
                0x00000000080068d0                . = ALIGN (0x4)
 *(.ARM.extab* .gnu.linkonce.armextab.*)
                0x00000000080068d0                . = ALIGN (0x4)

.ARM            0x00000000080068d0        0x8
                0x00000000080068d0                . = ALIGN (0x4)
                0x00000000080068d0                __exidx_start = .
 *(.ARM.exidx*)
 .ARM.exidx     0x00000000080068d0        0x8 c:/st/stm32cubeide_1.11.0/stm32cubeide/plugins/com.st.stm32cube.ide.mcu.externaltools.gnu-tools-for-stm32.10.3-2021.10.win32_1.0.100.202210260954/tools/bin/../lib/gcc/arm-none-eabi/10.3.1/thumb/v7e-m+fp/hard\libgcc.a(_udivmoddi4.o)
                0x00000000080068d8                __exidx_end = .
                0x00000000080068d8                . = ALIGN (0x4)

.rel.dyn        0x00000000080068d8        0x0
 .rel.iplt      0x00000000080068d8        0x0 c:/st/stm32cubeide_1.11.0/stm32cubeide/plugins/com.st.stm32cube.ide.mcu.externaltools.gnu-tools-for-stm32.10.3-2021.10.win32_1.0.100.202210260954/tools/bin/../lib/gcc/arm-none-eabi/10.3.1/thumb/v7e-m+fp/hard/crtbegin.o

.preinit_array  0x00000000080068d8        0x0
                0x00000000080068d8                . = ALIGN (0x4)
                0x00000000080068d8                PROVIDE (__preinit_array_start = .)
 *(.preinit_array*)
                0x00000000080068d8                PROVIDE (__preinit_array_end = .)
                0x00000000080068d8                . = ALIGN (0x4)

.init_array     0x00000000080068d8        0x4
                0x00000000080068d8                . = ALIGN (0x4)
                0x00000000080068d8                PROVIDE (__init_array_start = .)
 *(SORT_BY_NAME(.init_array.*))
 *(.init_array*)
 .init_array    0x00000000080068d8        0x4 c:/st/stm32cubeide_1.11.0/stm32cubeide/plugins/com.st.stm32cube.ide.mcu.externaltools.gnu-tools-for-stm32.10.3-2021.10.win32_1.0.100.202210260954/tools/bin/../lib/gcc/arm-none-eabi/10.3.1/thumb/v7e-m+fp/hard/crtbegin.o
                0x00000000080068dc                PROVIDE (__init_array_end = .)
                0x00000000080068dc                . = ALIGN (0x4)

.fini_array     0x00000000080068dc        0x4
                0x00000000080068dc                . = ALIGN (0x4)
                [!provide]                        PROVIDE (__fini_array_start = .)
 *(SORT_BY_NAME(.fini_array.*))
 *(.fini_array*)
 .fini_array    0x00000000080068dc        0x4 c:/st/stm32cubeide_1.11.0/stm32cubeide/plugins/com.st.stm32cube.ide.mcu.externaltools.gnu-tools-for-stm32.10.3-2021.10.win32_1.0.100.202210260954/tools/bin/../lib/gcc/arm-none-eabi/10.3.1/thumb/v7e-m+fp/hard/crtbegin.o
                [!provide]                        PROVIDE (__fini_array_end = .)
                0x00000000080068e0                . = ALIGN (0x4)
                0x00000000080068e0                _sidata = LOADADDR (.data)

.data           0x0000000020000000        0xc load address 0x00000000080068e0
                0x0000000020000000                . = ALIGN (0x4)
                0x0000000020000000                _sdata = .
 *(.data)
 *(.data*)
 .data.SystemCoreClock
                0x0000000020000000        0x4 ./Core/Src/system_stm32l4xx.o
                0x0000000020000000                SystemCoreClock
 .data.uwTickPrio
                0x0000000020000004        0x4 ./Drivers/STM32L4xx_HAL_Driver/Src/stm32l4xx_hal.o
                0x0000000020000004                uwTickPrio
 .data.uwTickFreq
                0x0000000020000008        0x1 ./Drivers/STM32L4xx_HAL_Driver/Src/stm32l4xx_hal.o
                0x0000000020000008                uwTickFreq
 *(.RamFunc)
 *(.RamFunc*)
                0x000000002000000c                . = ALIGN (0x4)
 *fill*         0x0000000020000009        0x3 
                0x000000002000000c                _edata = .

.igot.plt       0x000000002000000c        0x0 load address 0x00000000080068ec
 .igot.plt      0x000000002000000c        0x0 c:/st/stm32cubeide_1.11.0/stm32cubeide/plugins/com.st.stm32cube.ide.mcu.externaltools.gnu-tools-for-stm32.10.3-2021.10.win32_1.0.100.202210260954/tools/bin/../lib/gcc/arm-none-eabi/10.3.1/thumb/v7e-m+fp/hard/crtbegin.o
                0x000000002000000c                . = ALIGN (0x4)

.bss            0x000000002000000c      0x4ec load address 0x00000000080068ec
                0x000000002000000c                _sbss = .
                0x000000002000000c                __bss_start__ = _sbss
 *(.bss)
 .bss           0x000000002000000c       0x1c c:/st/stm32cubeide_1.11.0/stm32cubeide/plugins/com.st.stm32cube.ide.mcu.externaltools.gnu-tools-for-stm32.10.3-2021.10.win32_1.0.100.202210260954/tools/bin/../lib/gcc/arm-none-eabi/10.3.1/thumb/v7e-m+fp/hard/crtbegin.o
 *(.bss*)
 .bss.data      0x0000000020000028        0x2 ./Core/Src/gyro.o
                0x0000000020000028                data
 *fill*         0x000000002000002a        0x2 
 .bss.hadc1     0x000000002000002c       0x68 ./Core/Src/main.o
                0x000000002000002c                hadc1
 .bss.hdfsdm1_channel2
                0x0000000020000094       0x38 ./Core/Src/main.o
                0x0000000020000094                hdfsdm1_channel2
 .bss.hi2c1     0x00000000200000cc       0x54 ./Core/Src/main.o
                0x00000000200000cc                hi2c1
 .bss.hi2c2     0x0000000020000120       0x54 ./Core/Src/main.o
                0x0000000020000120                hi2c2
 .bss.hospi1    0x0000000020000174       0x50 ./Core/Src/main.o
                0x0000000020000174                hospi1
 .bss.hspi1     0x00000000200001c4       0x64 ./Core/Src/main.o
                0x00000000200001c4                hspi1
 .bss.hspi3     0x0000000020000228       0x64 ./Core/Src/main.o
                0x0000000020000228                hspi3
 .bss.huart4    0x000000002000028c       0x90 ./Core/Src/main.o
                0x000000002000028c                huart4
 .bss.huart1    0x000000002000031c       0x90 ./Core/Src/main.o
                0x000000002000031c                huart1
 .bss.huart2    0x00000000200003ac       0x90 ./Core/Src/main.o
                0x00000000200003ac                huart2
 .bss.huart3    0x000000002000043c       0x90 ./Core/Src/main.o
                0x000000002000043c                huart3
 .bss.DFSDM1_Init
                0x00000000200004cc        0x4 ./Core/Src/stm32l4xx_hal_msp.o
 .bss.uwTick    0x00000000200004d0        0x4 ./Drivers/STM32L4xx_HAL_Driver/Src/stm32l4xx_hal.o
                0x00000000200004d0                uwTick
 .bss.v_dfsdm1ChannelCounter
                0x00000000200004d4        0x4 ./Drivers/STM32L4xx_HAL_Driver/Src/stm32l4xx_hal_dfsdm.o
 .bss.a_dfsdm1ChannelHandle
                0x00000000200004d8       0x20 ./Drivers/STM32L4xx_HAL_Driver/Src/stm32l4xx_hal_dfsdm.o
 *(COMMON)
                0x00000000200004f8                . = ALIGN (0x4)
                0x00000000200004f8                _ebss = .
                0x00000000200004f8                __bss_end__ = _ebss

._user_heap_stack
                0x00000000200004f8      0x600 load address 0x00000000080068ec
                0x00000000200004f8                . = ALIGN (0x8)
                [!provide]                        PROVIDE (end = .)
                0x00000000200004f8                PROVIDE (_end = .)
                0x00000000200006f8                . = (. + _Min_Heap_Size)
 *fill*         0x00000000200004f8      0x200 
                0x0000000020000af8                . = (. + _Min_Stack_Size)
 *fill*         0x00000000200006f8      0x400 
                0x0000000020000af8                . = ALIGN (0x8)

/DISCARD/
 libc.a(*)
 libm.a(*)
 libgcc.a(*)

.ARM.attributes
                0x0000000000000000       0x30
 *(.ARM.attributes)
 .ARM.attributes
                0x0000000000000000       0x1e c:/st/stm32cubeide_1.11.0/stm32cubeide/plugins/com.st.stm32cube.ide.mcu.externaltools.gnu-tools-for-stm32.10.3-2021.10.win32_1.0.100.202210260954/tools/bin/../lib/gcc/arm-none-eabi/10.3.1/thumb/v7e-m+fp/hard/crti.o
 .ARM.attributes
                0x000000000000001e       0x34 c:/st/stm32cubeide_1.11.0/stm32cubeide/plugins/com.st.stm32cube.ide.mcu.externaltools.gnu-tools-for-stm32.10.3-2021.10.win32_1.0.100.202210260954/tools/bin/../lib/gcc/arm-none-eabi/10.3.1/thumb/v7e-m+fp/hard/crtbegin.o
 .ARM.attributes
                0x0000000000000052       0x34 ./Core/Src/gyro.o
 .ARM.attributes
                0x0000000000000086       0x34 ./Core/Src/main.o
 .ARM.attributes
                0x00000000000000ba       0x34 ./Core/Src/stm32l4xx_hal_msp.o
 .ARM.attributes
                0x00000000000000ee       0x34 ./Core/Src/stm32l4xx_it.o
 .ARM.attributes
                0x0000000000000122       0x34 ./Core/Src/system_stm32l4xx.o
 .ARM.attributes
                0x0000000000000156       0x21 ./Core/Startup/startup_stm32l4s5vitx.o
 .ARM.attributes
                0x0000000000000177       0x34 ./Drivers/STM32L4xx_HAL_Driver/Src/stm32l4xx_hal.o
 .ARM.attributes
                0x00000000000001ab       0x34 ./Drivers/STM32L4xx_HAL_Driver/Src/stm32l4xx_hal_adc.o
 .ARM.attributes
                0x00000000000001df       0x34 ./Drivers/STM32L4xx_HAL_Driver/Src/stm32l4xx_hal_cortex.o
 .ARM.attributes
                0x0000000000000213       0x34 ./Drivers/STM32L4xx_HAL_Driver/Src/stm32l4xx_hal_dfsdm.o
 .ARM.attributes
                0x0000000000000247       0x34 ./Drivers/STM32L4xx_HAL_Driver/Src/stm32l4xx_hal_gpio.o
 .ARM.attributes
                0x000000000000027b       0x34 ./Drivers/STM32L4xx_HAL_Driver/Src/stm32l4xx_hal_i2c.o
 .ARM.attributes
                0x00000000000002af       0x34 ./Drivers/STM32L4xx_HAL_Driver/Src/stm32l4xx_hal_i2c_ex.o
 .ARM.attributes
                0x00000000000002e3       0x34 ./Drivers/STM32L4xx_HAL_Driver/Src/stm32l4xx_hal_ospi.o
 .ARM.attributes
                0x0000000000000317       0x34 ./Drivers/STM32L4xx_HAL_Driver/Src/stm32l4xx_hal_pwr.o
 .ARM.attributes
                0x000000000000034b       0x34 ./Drivers/STM32L4xx_HAL_Driver/Src/stm32l4xx_hal_pwr_ex.o
 .ARM.attributes
                0x000000000000037f       0x34 ./Drivers/STM32L4xx_HAL_Driver/Src/stm32l4xx_hal_rcc.o
 .ARM.attributes
                0x00000000000003b3       0x34 ./Drivers/STM32L4xx_HAL_Driver/Src/stm32l4xx_hal_rcc_ex.o
 .ARM.attributes
                0x00000000000003e7       0x34 ./Drivers/STM32L4xx_HAL_Driver/Src/stm32l4xx_hal_spi.o
 .ARM.attributes
                0x000000000000041b       0x34 ./Drivers/STM32L4xx_HAL_Driver/Src/stm32l4xx_hal_uart.o
 .ARM.attributes
                0x000000000000044f       0x34 ./Drivers/STM32L4xx_HAL_Driver/Src/stm32l4xx_hal_uart_ex.o
 .ARM.attributes
                0x0000000000000483       0x34 c:/st/stm32cubeide_1.11.0/stm32cubeide/plugins/com.st.stm32cube.ide.mcu.externaltools.gnu-tools-for-stm32.10.3-2021.10.win32_1.0.100.202210260954/tools/bin/../lib/gcc/arm-none-eabi/10.3.1/../../../../arm-none-eabi/lib/thumb/v7e-m+fp/hard\libc_nano.a(lib_a-init.o)
 .ARM.attributes
                0x00000000000004b7       0x34 c:/st/stm32cubeide_1.11.0/stm32cubeide/plugins/com.st.stm32cube.ide.mcu.externaltools.gnu-tools-for-stm32.10.3-2021.10.win32_1.0.100.202210260954/tools/bin/../lib/gcc/arm-none-eabi/10.3.1/../../../../arm-none-eabi/lib/thumb/v7e-m+fp/hard\libc_nano.a(lib_a-memset.o)
 .ARM.attributes
                0x00000000000004eb       0x1e c:/st/stm32cubeide_1.11.0/stm32cubeide/plugins/com.st.stm32cube.ide.mcu.externaltools.gnu-tools-for-stm32.10.3-2021.10.win32_1.0.100.202210260954/tools/bin/../lib/gcc/arm-none-eabi/10.3.1/thumb/v7e-m+fp/hard\libgcc.a(_aeabi_uldivmod.o)
 .ARM.attributes
                0x0000000000000509       0x34 c:/st/stm32cubeide_1.11.0/stm32cubeide/plugins/com.st.stm32cube.ide.mcu.externaltools.gnu-tools-for-stm32.10.3-2021.10.win32_1.0.100.202210260954/tools/bin/../lib/gcc/arm-none-eabi/10.3.1/thumb/v7e-m+fp/hard\libgcc.a(_udivmoddi4.o)
 .ARM.attributes
                0x000000000000053d       0x1e c:/st/stm32cubeide_1.11.0/stm32cubeide/plugins/com.st.stm32cube.ide.mcu.externaltools.gnu-tools-for-stm32.10.3-2021.10.win32_1.0.100.202210260954/tools/bin/../lib/gcc/arm-none-eabi/10.3.1/thumb/v7e-m+fp/hard\libgcc.a(_dvmd_tls.o)
 .ARM.attributes
                0x000000000000055b       0x1e c:/st/stm32cubeide_1.11.0/stm32cubeide/plugins/com.st.stm32cube.ide.mcu.externaltools.gnu-tools-for-stm32.10.3-2021.10.win32_1.0.100.202210260954/tools/bin/../lib/gcc/arm-none-eabi/10.3.1/thumb/v7e-m+fp/hard/crtn.o
OUTPUT(gyro.elf elf32-littlearm)
LOAD linker stubs
LOAD c:/st/stm32cubeide_1.11.0/stm32cubeide/plugins/com.st.stm32cube.ide.mcu.externaltools.gnu-tools-for-stm32.10.3-2021.10.win32_1.0.100.202210260954/tools/bin/../lib/gcc/arm-none-eabi/10.3.1/../../../../arm-none-eabi/lib/thumb/v7e-m+fp/hard\libc.a
LOAD c:/st/stm32cubeide_1.11.0/stm32cubeide/plugins/com.st.stm32cube.ide.mcu.externaltools.gnu-tools-for-stm32.10.3-2021.10.win32_1.0.100.202210260954/tools/bin/../lib/gcc/arm-none-eabi/10.3.1/../../../../arm-none-eabi/lib/thumb/v7e-m+fp/hard\libm.a
LOAD c:/st/stm32cubeide_1.11.0/stm32cubeide/plugins/com.st.stm32cube.ide.mcu.externaltools.gnu-tools-for-stm32.10.3-2021.10.win32_1.0.100.202210260954/tools/bin/../lib/gcc/arm-none-eabi/10.3.1/thumb/v7e-m+fp/hard\libgcc.a

.debug_info     0x0000000000000000    0x1a80a
 .debug_info    0x0000000000000000      0x817 ./Core/Src/gyro.o
 .debug_info    0x0000000000000817     0x280c ./Core/Src/main.o
 .debug_info    0x0000000000003023     0x2374 ./Core/Src/stm32l4xx_hal_msp.o
 .debug_info    0x0000000000005397      0x171 ./Core/Src/stm32l4xx_it.o
 .debug_info    0x0000000000005508      0x5fe ./Core/Src/system_stm32l4xx.o
 .debug_info    0x0000000000005b06       0x22 ./Core/Startup/startup_stm32l4s5vitx.o
 .debug_info    0x0000000000005b28      0xb99 ./Drivers/STM32L4xx_HAL_Driver/Src/stm32l4xx_hal.o
 .debug_info    0x00000000000066c1     0x1ed5 ./Drivers/STM32L4xx_HAL_Driver/Src/stm32l4xx_hal_adc.o
 .debug_info    0x0000000000008596      0xe3f ./Drivers/STM32L4xx_HAL_Driver/Src/stm32l4xx_hal_cortex.o
 .debug_info    0x00000000000093d5     0x1cde ./Drivers/STM32L4xx_HAL_Driver/Src/stm32l4xx_hal_dfsdm.o
 .debug_info    0x000000000000b0b3      0x859 ./Drivers/STM32L4xx_HAL_Driver/Src/stm32l4xx_hal_gpio.o
 .debug_info    0x000000000000b90c     0x234c ./Drivers/STM32L4xx_HAL_Driver/Src/stm32l4xx_hal_i2c.o
 .debug_info    0x000000000000dc58      0xba5 ./Drivers/STM32L4xx_HAL_Driver/Src/stm32l4xx_hal_i2c_ex.o
 .debug_info    0x000000000000e7fd     0x1937 ./Drivers/STM32L4xx_HAL_Driver/Src/stm32l4xx_hal_ospi.o
 .debug_info    0x0000000000010134      0x9d0 ./Drivers/STM32L4xx_HAL_Driver/Src/stm32l4xx_hal_pwr.o
 .debug_info    0x0000000000010b04      0xa5e ./Drivers/STM32L4xx_HAL_Driver/Src/stm32l4xx_hal_pwr_ex.o
 .debug_info    0x0000000000011562      0xe19 ./Drivers/STM32L4xx_HAL_Driver/Src/stm32l4xx_hal_rcc.o
 .debug_info    0x000000000001237b     0x11f3 ./Drivers/STM32L4xx_HAL_Driver/Src/stm32l4xx_hal_rcc_ex.o
 .debug_info    0x000000000001356e     0x189c ./Drivers/STM32L4xx_HAL_Driver/Src/stm32l4xx_hal_spi.o
 .debug_info    0x0000000000014e0a     0x4996 ./Drivers/STM32L4xx_HAL_Driver/Src/stm32l4xx_hal_uart.o
 .debug_info    0x00000000000197a0     0x106a ./Drivers/STM32L4xx_HAL_Driver/Src/stm32l4xx_hal_uart_ex.o

.debug_abbrev   0x0000000000000000     0x2cbb
 .debug_abbrev  0x0000000000000000      0x181 ./Core/Src/gyro.o
 .debug_abbrev  0x0000000000000181      0x31c ./Core/Src/main.o
 .debug_abbrev  0x000000000000049d      0x23f ./Core/Src/stm32l4xx_hal_msp.o
 .debug_abbrev  0x00000000000006dc       0x9f ./Core/Src/stm32l4xx_it.o
 .debug_abbrev  0x000000000000077b      0x116 ./Core/Src/system_stm32l4xx.o
 .debug_abbrev  0x0000000000000891       0x12 ./Core/Startup/startup_stm32l4s5vitx.o
 .debug_abbrev  0x00000000000008a3      0x23a ./Drivers/STM32L4xx_HAL_Driver/Src/stm32l4xx_hal.o
 .debug_abbrev  0x0000000000000add      0x2b6 ./Drivers/STM32L4xx_HAL_Driver/Src/stm32l4xx_hal_adc.o
 .debug_abbrev  0x0000000000000d93      0x316 ./Drivers/STM32L4xx_HAL_Driver/Src/stm32l4xx_hal_cortex.o
 .debug_abbrev  0x00000000000010a9      0x26d ./Drivers/STM32L4xx_HAL_Driver/Src/stm32l4xx_hal_dfsdm.o
 .debug_abbrev  0x0000000000001316      0x1bb ./Drivers/STM32L4xx_HAL_Driver/Src/stm32l4xx_hal_gpio.o
 .debug_abbrev  0x00000000000014d1      0x243 ./Drivers/STM32L4xx_HAL_Driver/Src/stm32l4xx_hal_i2c.o
 .debug_abbrev  0x0000000000001714      0x1b0 ./Drivers/STM32L4xx_HAL_Driver/Src/stm32l4xx_hal_i2c_ex.o
 .debug_abbrev  0x00000000000018c4      0x2a8 ./Drivers/STM32L4xx_HAL_Driver/Src/stm32l4xx_hal_ospi.o
 .debug_abbrev  0x0000000000001b6c      0x1c9 ./Drivers/STM32L4xx_HAL_Driver/Src/stm32l4xx_hal_pwr.o
 .debug_abbrev  0x0000000000001d35      0x1f3 ./Drivers/STM32L4xx_HAL_Driver/Src/stm32l4xx_hal_pwr_ex.o
 .debug_abbrev  0x0000000000001f28      0x2f9 ./Drivers/STM32L4xx_HAL_Driver/Src/stm32l4xx_hal_rcc.o
 .debug_abbrev  0x0000000000002221      0x299 ./Drivers/STM32L4xx_HAL_Driver/Src/stm32l4xx_hal_rcc_ex.o
 .debug_abbrev  0x00000000000024ba      0x254 ./Drivers/STM32L4xx_HAL_Driver/Src/stm32l4xx_hal_spi.o
 .debug_abbrev  0x000000000000270e      0x2f0 ./Drivers/STM32L4xx_HAL_Driver/Src/stm32l4xx_hal_uart.o
 .debug_abbrev  0x00000000000029fe      0x2bd ./Drivers/STM32L4xx_HAL_Driver/Src/stm32l4xx_hal_uart_ex.o

.debug_aranges  0x0000000000000000     0x15d8
 .debug_aranges
                0x0000000000000000       0x30 ./Core/Src/gyro.o
 .debug_aranges
                0x0000000000000030       0xa0 ./Core/Src/main.o
 .debug_aranges
                0x00000000000000d0       0x80 ./Core/Src/stm32l4xx_hal_msp.o
 .debug_aranges
                0x0000000000000150       0x70 ./Core/Src/stm32l4xx_it.o
 .debug_aranges
                0x00000000000001c0       0x28 ./Core/Src/system_stm32l4xx.o
 .debug_aranges
                0x00000000000001e8       0x28 ./Core/Startup/startup_stm32l4s5vitx.o
 .debug_aranges
                0x0000000000000210      0x130 ./Drivers/STM32L4xx_HAL_Driver/Src/stm32l4xx_hal.o
 .debug_aranges
                0x0000000000000340      0x218 ./Drivers/STM32L4xx_HAL_Driver/Src/stm32l4xx_hal_adc.o
 .debug_aranges
                0x0000000000000558      0x118 ./Drivers/STM32L4xx_HAL_Driver/Src/stm32l4xx_hal_cortex.o
 .debug_aranges
                0x0000000000000670      0x248 ./Drivers/STM32L4xx_HAL_Driver/Src/stm32l4xx_hal_dfsdm.o
 .debug_aranges
                0x00000000000008b8       0x58 ./Drivers/STM32L4xx_HAL_Driver/Src/stm32l4xx_hal_gpio.o
 .debug_aranges
                0x0000000000000910      0x2a0 ./Drivers/STM32L4xx_HAL_Driver/Src/stm32l4xx_hal_i2c.o
 .debug_aranges
                0x0000000000000bb0       0x48 ./Drivers/STM32L4xx_HAL_Driver/Src/stm32l4xx_hal_i2c_ex.o
 .debug_aranges
                0x0000000000000bf8      0x170 ./Drivers/STM32L4xx_HAL_Driver/Src/stm32l4xx_hal_ospi.o
 .debug_aranges
                0x0000000000000d68       0x98 ./Drivers/STM32L4xx_HAL_Driver/Src/stm32l4xx_hal_pwr.o
 .debug_aranges
                0x0000000000000e00      0x170 ./Drivers/STM32L4xx_HAL_Driver/Src/stm32l4xx_hal_pwr_ex.o
 .debug_aranges
                0x0000000000000f70       0x98 ./Drivers/STM32L4xx_HAL_Driver/Src/stm32l4xx_hal_rcc.o
 .debug_aranges
                0x0000000000001008      0x110 ./Drivers/STM32L4xx_HAL_Driver/Src/stm32l4xx_hal_rcc_ex.o
 .debug_aranges
                0x0000000000001118      0x1d8 ./Drivers/STM32L4xx_HAL_Driver/Src/stm32l4xx_hal_spi.o
 .debug_aranges
                0x00000000000012f0      0x248 ./Drivers/STM32L4xx_HAL_Driver/Src/stm32l4xx_hal_uart.o
 .debug_aranges
                0x0000000000001538       0xa0 ./Drivers/STM32L4xx_HAL_Driver/Src/stm32l4xx_hal_uart_ex.o

.debug_ranges   0x0000000000000000     0x14c0
 .debug_ranges  0x0000000000000000       0x20 ./Core/Src/gyro.o
 .debug_ranges  0x0000000000000020       0x90 ./Core/Src/main.o
 .debug_ranges  0x00000000000000b0       0x70 ./Core/Src/stm32l4xx_hal_msp.o
 .debug_ranges  0x0000000000000120       0x60 ./Core/Src/stm32l4xx_it.o
 .debug_ranges  0x0000000000000180       0x18 ./Core/Src/system_stm32l4xx.o
 .debug_ranges  0x0000000000000198       0x20 ./Core/Startup/startup_stm32l4s5vitx.o
 .debug_ranges  0x00000000000001b8      0x120 ./Drivers/STM32L4xx_HAL_Driver/Src/stm32l4xx_hal.o
 .debug_ranges  0x00000000000002d8      0x208 ./Drivers/STM32L4xx_HAL_Driver/Src/stm32l4xx_hal_adc.o
 .debug_ranges  0x00000000000004e0      0x108 ./Drivers/STM32L4xx_HAL_Driver/Src/stm32l4xx_hal_cortex.o
 .debug_ranges  0x00000000000005e8      0x238 ./Drivers/STM32L4xx_HAL_Driver/Src/stm32l4xx_hal_dfsdm.o
 .debug_ranges  0x0000000000000820       0x48 ./Drivers/STM32L4xx_HAL_Driver/Src/stm32l4xx_hal_gpio.o
 .debug_ranges  0x0000000000000868      0x290 ./Drivers/STM32L4xx_HAL_Driver/Src/stm32l4xx_hal_i2c.o
 .debug_ranges  0x0000000000000af8       0x38 ./Drivers/STM32L4xx_HAL_Driver/Src/stm32l4xx_hal_i2c_ex.o
 .debug_ranges  0x0000000000000b30      0x160 ./Drivers/STM32L4xx_HAL_Driver/Src/stm32l4xx_hal_ospi.o
 .debug_ranges  0x0000000000000c90       0x88 ./Drivers/STM32L4xx_HAL_Driver/Src/stm32l4xx_hal_pwr.o
 .debug_ranges  0x0000000000000d18      0x160 ./Drivers/STM32L4xx_HAL_Driver/Src/stm32l4xx_hal_pwr_ex.o
 .debug_ranges  0x0000000000000e78       0x88 ./Drivers/STM32L4xx_HAL_Driver/Src/stm32l4xx_hal_rcc.o
 .debug_ranges  0x0000000000000f00      0x100 ./Drivers/STM32L4xx_HAL_Driver/Src/stm32l4xx_hal_rcc_ex.o
 .debug_ranges  0x0000000000001000      0x1c8 ./Drivers/STM32L4xx_HAL_Driver/Src/stm32l4xx_hal_spi.o
 .debug_ranges  0x00000000000011c8      0x268 ./Drivers/STM32L4xx_HAL_Driver/Src/stm32l4xx_hal_uart.o
 .debug_ranges  0x0000000000001430       0x90 ./Drivers/STM32L4xx_HAL_Driver/Src/stm32l4xx_hal_uart_ex.o

.debug_macro    0x0000000000000000    0x2cd1c
 .debug_macro   0x0000000000000000      0x23d ./Core/Src/gyro.o
 .debug_macro   0x000000000000023d      0xa78 ./Core/Src/gyro.o
 .debug_macro   0x0000000000000cb5      0x1bf ./Core/Src/gyro.o
 .debug_macro   0x0000000000000e74       0x2e ./Core/Src/gyro.o
 .debug_macro   0x0000000000000ea2       0x28 ./Core/Src/gyro.o
 .debug_macro   0x0000000000000eca       0x22 ./Core/Src/gyro.o
 .debug_macro   0x0000000000000eec       0x8e ./Core/Src/gyro.o
 .debug_macro   0x0000000000000f7a       0x51 ./Core/Src/gyro.o
 .debug_macro   0x0000000000000fcb      0x103 ./Core/Src/gyro.o
 .debug_macro   0x00000000000010ce       0x6a ./Core/Src/gyro.o
 .debug_macro   0x0000000000001138      0x1df ./Core/Src/gyro.o
 .debug_macro   0x0000000000001317       0x1c ./Core/Src/gyro.o
 .debug_macro   0x0000000000001333       0x22 ./Core/Src/gyro.o
 .debug_macro   0x0000000000001355       0xfb ./Core/Src/gyro.o
 .debug_macro   0x0000000000001450     0x1011 ./Core/Src/gyro.o
 .debug_macro   0x0000000000002461      0x11f ./Core/Src/gyro.o
 .debug_macro   0x0000000000002580    0x1d292 ./Core/Src/gyro.o
 .debug_macro   0x000000000001f812       0x6d ./Core/Src/gyro.o
 .debug_macro   0x000000000001f87f     0x38ed ./Core/Src/gyro.o
 .debug_macro   0x000000000002316c      0x174 ./Core/Src/gyro.o
 .debug_macro   0x00000000000232e0       0x5c ./Core/Src/gyro.o
 .debug_macro   0x000000000002333c     0x1910 ./Core/Src/gyro.o
 .debug_macro   0x0000000000024c4c      0x7dc ./Core/Src/gyro.o
 .debug_macro   0x0000000000025428      0x1b9 ./Core/Src/gyro.o
 .debug_macro   0x00000000000255e1      0x225 ./Core/Src/gyro.o
 .debug_macro   0x0000000000025806      0x486 ./Core/Src/gyro.o
 .debug_macro   0x0000000000025c8c      0x1ce ./Core/Src/gyro.o
 .debug_macro   0x0000000000025e5a       0x43 ./Core/Src/gyro.o
 .debug_macro   0x0000000000025e9d      0x1fb ./Core/Src/gyro.o
 .debug_macro   0x0000000000026098       0x10 ./Core/Src/gyro.o
 .debug_macro   0x00000000000260a8       0xb3 ./Core/Src/gyro.o
 .debug_macro   0x000000000002615b      0x23d ./Core/Src/gyro.o
 .debug_macro   0x0000000000026398      0xdfb ./Core/Src/gyro.o
 .debug_macro   0x0000000000027193      0x624 ./Core/Src/gyro.o
 .debug_macro   0x00000000000277b7      0x24f ./Core/Src/gyro.o
 .debug_macro   0x0000000000027a06      0x241 ./Core/Src/gyro.o
 .debug_macro   0x0000000000027c47      0x416 ./Core/Src/gyro.o
 .debug_macro   0x000000000002805d       0x1c ./Core/Src/gyro.o
 .debug_macro   0x0000000000028079       0xf2 ./Core/Src/gyro.o
 .debug_macro   0x000000000002816b      0x22c ./Core/Src/gyro.o
 .debug_macro   0x0000000000028397       0x61 ./Core/Src/gyro.o
 .debug_macro   0x00000000000283f8       0xa5 ./Core/Src/gyro.o
 .debug_macro   0x000000000002849d      0x486 ./Core/Src/gyro.o
 .debug_macro   0x0000000000028923      0x122 ./Core/Src/gyro.o
 .debug_macro   0x0000000000028a45      0x3f6 ./Core/Src/gyro.o
 .debug_macro   0x0000000000028e3b      0x2fe ./Core/Src/gyro.o
 .debug_macro   0x0000000000029139      0x67e ./Core/Src/gyro.o
 .debug_macro   0x00000000000297b7       0xa6 ./Core/Src/gyro.o
 .debug_macro   0x000000000002985d      0x432 ./Core/Src/gyro.o
 .debug_macro   0x0000000000029c8f      0x44a ./Core/Src/gyro.o
 .debug_macro   0x000000000002a0d9      0x23d ./Core/Src/main.o
 .debug_macro   0x000000000002a316      0x23d ./Core/Src/stm32l4xx_hal_msp.o
 .debug_macro   0x000000000002a553      0x247 ./Core/Src/stm32l4xx_it.o
 .debug_macro   0x000000000002a79a      0x22e ./Core/Src/system_stm32l4xx.o
 .debug_macro   0x000000000002a9c8      0x27c ./Drivers/STM32L4xx_HAL_Driver/Src/stm32l4xx_hal.o
 .debug_macro   0x000000000002ac44      0x24b ./Drivers/STM32L4xx_HAL_Driver/Src/stm32l4xx_hal_adc.o
 .debug_macro   0x000000000002ae8f      0x22e ./Drivers/STM32L4xx_HAL_Driver/Src/stm32l4xx_hal_cortex.o
 .debug_macro   0x000000000002b0bd      0x252 ./Drivers/STM32L4xx_HAL_Driver/Src/stm32l4xx_hal_dfsdm.o
 .debug_macro   0x000000000002b30f      0x235 ./Drivers/STM32L4xx_HAL_Driver/Src/stm32l4xx_hal_gpio.o
 .debug_macro   0x000000000002b544      0x2fa ./Drivers/STM32L4xx_HAL_Driver/Src/stm32l4xx_hal_i2c.o
 .debug_macro   0x000000000002b83e      0x22e ./Drivers/STM32L4xx_HAL_Driver/Src/stm32l4xx_hal_i2c_ex.o
 .debug_macro   0x000000000002ba6c      0x275 ./Drivers/STM32L4xx_HAL_Driver/Src/stm32l4xx_hal_ospi.o
 .debug_macro   0x000000000002bce1      0x246 ./Drivers/STM32L4xx_HAL_Driver/Src/stm32l4xx_hal_pwr.o
 .debug_macro   0x000000000002bf27      0x258 ./Drivers/STM32L4xx_HAL_Driver/Src/stm32l4xx_hal_pwr_ex.o
 .debug_macro   0x000000000002c17f      0x270 ./Drivers/STM32L4xx_HAL_Driver/Src/stm32l4xx_hal_rcc.o
 .debug_macro   0x000000000002c3ef      0x264 ./Drivers/STM32L4xx_HAL_Driver/Src/stm32l4xx_hal_rcc_ex.o
 .debug_macro   0x000000000002c653      0x236 ./Drivers/STM32L4xx_HAL_Driver/Src/stm32l4xx_hal_spi.o
 .debug_macro   0x000000000002c889      0x259 ./Drivers/STM32L4xx_HAL_Driver/Src/stm32l4xx_hal_uart.o
 .debug_macro   0x000000000002cae2      0x23a ./Drivers/STM32L4xx_HAL_Driver/Src/stm32l4xx_hal_uart_ex.o

.debug_line     0x0000000000000000    0x19636
 .debug_line    0x0000000000000000      0x7bd ./Core/Src/gyro.o
 .debug_line    0x00000000000007bd      0xcd4 ./Core/Src/main.o
 .debug_line    0x0000000000001491      0xaff ./Core/Src/stm32l4xx_hal_msp.o
 .debug_line    0x0000000000001f90      0x89e ./Core/Src/stm32l4xx_it.o
 .debug_line    0x000000000000282e      0x83b ./Core/Src/system_stm32l4xx.o
 .debug_line    0x0000000000003069       0x88 ./Core/Startup/startup_stm32l4s5vitx.o
 .debug_line    0x00000000000030f1      0xb93 ./Drivers/STM32L4xx_HAL_Driver/Src/stm32l4xx_hal.o
 .debug_line    0x0000000000003c84     0x1cb9 ./Drivers/STM32L4xx_HAL_Driver/Src/stm32l4xx_hal_adc.o
 .debug_line    0x000000000000593d      0xd3a ./Drivers/STM32L4xx_HAL_Driver/Src/stm32l4xx_hal_cortex.o
 .debug_line    0x0000000000006677     0x1f0b ./Drivers/STM32L4xx_HAL_Driver/Src/stm32l4xx_hal_dfsdm.o
 .debug_line    0x0000000000008582      0xbef ./Drivers/STM32L4xx_HAL_Driver/Src/stm32l4xx_hal_gpio.o
 .debug_line    0x0000000000009171     0x3725 ./Drivers/STM32L4xx_HAL_Driver/Src/stm32l4xx_hal_i2c.o
 .debug_line    0x000000000000c896      0x9c1 ./Drivers/STM32L4xx_HAL_Driver/Src/stm32l4xx_hal_i2c_ex.o
 .debug_line    0x000000000000d257     0x17cb ./Drivers/STM32L4xx_HAL_Driver/Src/stm32l4xx_hal_ospi.o
 .debug_line    0x000000000000ea22      0x970 ./Drivers/STM32L4xx_HAL_Driver/Src/stm32l4xx_hal_pwr.o
 .debug_line    0x000000000000f392      0xe00 ./Drivers/STM32L4xx_HAL_Driver/Src/stm32l4xx_hal_pwr_ex.o
 .debug_line    0x0000000000010192     0x10e7 ./Drivers/STM32L4xx_HAL_Driver/Src/stm32l4xx_hal_rcc.o
 .debug_line    0x0000000000011279     0x19bb ./Drivers/STM32L4xx_HAL_Driver/Src/stm32l4xx_hal_rcc_ex.o
 .debug_line    0x0000000000012c34     0x1fcd ./Drivers/STM32L4xx_HAL_Driver/Src/stm32l4xx_hal_spi.o
 .debug_line    0x0000000000014c01     0x3c06 ./Drivers/STM32L4xx_HAL_Driver/Src/stm32l4xx_hal_uart.o
 .debug_line    0x0000000000018807      0xe2f ./Drivers/STM32L4xx_HAL_Driver/Src/stm32l4xx_hal_uart_ex.o

.debug_str      0x0000000000000000   0x118d50
 .debug_str     0x0000000000000000   0x1119da ./Core/Src/gyro.o
                                     0x111f3f (size before relaxing)
 .debug_str     0x00000000001119da     0x165b ./Core/Src/main.o
                                     0x1137d8 (size before relaxing)
 .debug_str     0x0000000000113035      0x148 ./Core/Src/stm32l4xx_hal_msp.o
                                     0x112e9c (size before relaxing)
 .debug_str     0x000000000011317d      0x10a ./Core/Src/stm32l4xx_it.o
                                     0x1119f8 (size before relaxing)
 .debug_str     0x0000000000113287       0xf2 ./Core/Src/system_stm32l4xx.o
                                     0x1107a6 (size before relaxing)
 .debug_str     0x0000000000113379       0x36 ./Core/Startup/startup_stm32l4s5vitx.o
                                         0x9d (size before relaxing)
 .debug_str     0x00000000001133af      0x63a ./Drivers/STM32L4xx_HAL_Driver/Src/stm32l4xx_hal.o
                                     0x111384 (size before relaxing)
 .debug_str     0x00000000001139e9      0xa65 ./Drivers/STM32L4xx_HAL_Driver/Src/stm32l4xx_hal_adc.o
                                     0x1116c8 (size before relaxing)
 .debug_str     0x000000000011444e      0x327 ./Drivers/STM32L4xx_HAL_Driver/Src/stm32l4xx_hal_cortex.o
                                     0x111013 (size before relaxing)
 .debug_str     0x0000000000114775      0xbed ./Drivers/STM32L4xx_HAL_Driver/Src/stm32l4xx_hal_dfsdm.o
                                     0x111795 (size before relaxing)
 .debug_str     0x0000000000115362      0x10a ./Drivers/STM32L4xx_HAL_Driver/Src/stm32l4xx_hal_gpio.o
                                     0x110920 (size before relaxing)
 .debug_str     0x000000000011546c      0xdb7 ./Drivers/STM32L4xx_HAL_Driver/Src/stm32l4xx_hal_i2c.o
                                     0x111a86 (size before relaxing)
 .debug_str     0x0000000000116223       0xb8 ./Drivers/STM32L4xx_HAL_Driver/Src/stm32l4xx_hal_i2c_ex.o
                                     0x110dde (size before relaxing)
 .debug_str     0x00000000001162db      0x865 ./Drivers/STM32L4xx_HAL_Driver/Src/stm32l4xx_hal_ospi.o
                                     0x1113ff (size before relaxing)
 .debug_str     0x0000000000116b40      0x34d ./Drivers/STM32L4xx_HAL_Driver/Src/stm32l4xx_hal_pwr.o
                                     0x110b1d (size before relaxing)
 .debug_str     0x0000000000116e8d      0x461 ./Drivers/STM32L4xx_HAL_Driver/Src/stm32l4xx_hal_pwr_ex.o
                                     0x110d79 (size before relaxing)
 .debug_str     0x00000000001172ee      0x3c7 ./Drivers/STM32L4xx_HAL_Driver/Src/stm32l4xx_hal_rcc.o
                                     0x110e19 (size before relaxing)
 .debug_str     0x00000000001176b5      0x565 ./Drivers/STM32L4xx_HAL_Driver/Src/stm32l4xx_hal_rcc_ex.o
                                     0x1111da (size before relaxing)
 .debug_str     0x0000000000117c1a      0x532 ./Drivers/STM32L4xx_HAL_Driver/Src/stm32l4xx_hal_spi.o
                                     0x1110a3 (size before relaxing)
 .debug_str     0x000000000011814c      0x9b3 ./Drivers/STM32L4xx_HAL_Driver/Src/stm32l4xx_hal_uart.o
                                     0x111722 (size before relaxing)
 .debug_str     0x0000000000118aff      0x251 ./Drivers/STM32L4xx_HAL_Driver/Src/stm32l4xx_hal_uart_ex.o
                                     0x110f18 (size before relaxing)

.comment        0x0000000000000000       0x50
 .comment       0x0000000000000000       0x50 ./Core/Src/gyro.o
                                         0x51 (size before relaxing)
 .comment       0x0000000000000050       0x51 ./Core/Src/main.o
 .comment       0x0000000000000050       0x51 ./Core/Src/stm32l4xx_hal_msp.o
 .comment       0x0000000000000050       0x51 ./Core/Src/stm32l4xx_it.o
 .comment       0x0000000000000050       0x51 ./Core/Src/system_stm32l4xx.o
 .comment       0x0000000000000050       0x51 ./Drivers/STM32L4xx_HAL_Driver/Src/stm32l4xx_hal.o
 .comment       0x0000000000000050       0x51 ./Drivers/STM32L4xx_HAL_Driver/Src/stm32l4xx_hal_adc.o
 .comment       0x0000000000000050       0x51 ./Drivers/STM32L4xx_HAL_Driver/Src/stm32l4xx_hal_cortex.o
 .comment       0x0000000000000050       0x51 ./Drivers/STM32L4xx_HAL_Driver/Src/stm32l4xx_hal_dfsdm.o
 .comment       0x0000000000000050       0x51 ./Drivers/STM32L4xx_HAL_Driver/Src/stm32l4xx_hal_gpio.o
 .comment       0x0000000000000050       0x51 ./Drivers/STM32L4xx_HAL_Driver/Src/stm32l4xx_hal_i2c.o
 .comment       0x0000000000000050       0x51 ./Drivers/STM32L4xx_HAL_Driver/Src/stm32l4xx_hal_i2c_ex.o
 .comment       0x0000000000000050       0x51 ./Drivers/STM32L4xx_HAL_Driver/Src/stm32l4xx_hal_ospi.o
 .comment       0x0000000000000050       0x51 ./Drivers/STM32L4xx_HAL_Driver/Src/stm32l4xx_hal_pwr.o
 .comment       0x0000000000000050       0x51 ./Drivers/STM32L4xx_HAL_Driver/Src/stm32l4xx_hal_pwr_ex.o
 .comment       0x0000000000000050       0x51 ./Drivers/STM32L4xx_HAL_Driver/Src/stm32l4xx_hal_rcc.o
 .comment       0x0000000000000050       0x51 ./Drivers/STM32L4xx_HAL_Driver/Src/stm32l4xx_hal_rcc_ex.o
 .comment       0x0000000000000050       0x51 ./Drivers/STM32L4xx_HAL_Driver/Src/stm32l4xx_hal_spi.o
 .comment       0x0000000000000050       0x51 ./Drivers/STM32L4xx_HAL_Driver/Src/stm32l4xx_hal_uart.o
 .comment       0x0000000000000050       0x51 ./Drivers/STM32L4xx_HAL_Driver/Src/stm32l4xx_hal_uart_ex.o

.debug_frame    0x0000000000000000     0x5d9c
 .debug_frame   0x0000000000000000       0x74 ./Core/Src/gyro.o
 .debug_frame   0x0000000000000074      0x218 ./Core/Src/main.o
 .debug_frame   0x000000000000028c      0x1f8 ./Core/Src/stm32l4xx_hal_msp.o
 .debug_frame   0x0000000000000484      0x13c ./Core/Src/stm32l4xx_it.o
 .debug_frame   0x00000000000005c0       0x58 ./Core/Src/system_stm32l4xx.o
 .debug_frame   0x0000000000000618      0x498 ./Drivers/STM32L4xx_HAL_Driver/Src/stm32l4xx_hal.o
 .debug_frame   0x0000000000000ab0      0x9d8 ./Drivers/STM32L4xx_HAL_Driver/Src/stm32l4xx_hal_adc.o
 .debug_frame   0x0000000000001488      0x498 ./Drivers/STM32L4xx_HAL_Driver/Src/stm32l4xx_hal_cortex.o
 .debug_frame   0x0000000000001920      0xa78 ./Drivers/STM32L4xx_HAL_Driver/Src/stm32l4xx_hal_dfsdm.o
 .debug_frame   0x0000000000002398      0x14c ./Drivers/STM32L4xx_HAL_Driver/Src/stm32l4xx_hal_gpio.o
 .debug_frame   0x00000000000024e4      0xc38 ./Drivers/STM32L4xx_HAL_Driver/Src/stm32l4xx_hal_i2c.o
 .debug_frame   0x000000000000311c      0x100 ./Drivers/STM32L4xx_HAL_Driver/Src/stm32l4xx_hal_i2c_ex.o
 .debug_frame   0x000000000000321c      0x6a4 ./Drivers/STM32L4xx_HAL_Driver/Src/stm32l4xx_hal_ospi.o
 .debug_frame   0x00000000000038c0      0x230 ./Drivers/STM32L4xx_HAL_Driver/Src/stm32l4xx_hal_pwr.o
 .debug_frame   0x0000000000003af0      0x5c4 ./Drivers/STM32L4xx_HAL_Driver/Src/stm32l4xx_hal_pwr_ex.o
 .debug_frame   0x00000000000040b4      0x248 ./Drivers/STM32L4xx_HAL_Driver/Src/stm32l4xx_hal_rcc.o
 .debug_frame   0x00000000000042fc      0x464 ./Drivers/STM32L4xx_HAL_Driver/Src/stm32l4xx_hal_rcc_ex.o
 .debug_frame   0x0000000000004760      0x860 ./Drivers/STM32L4xx_HAL_Driver/Src/stm32l4xx_hal_spi.o
 .debug_frame   0x0000000000004fc0      0xa94 ./Drivers/STM32L4xx_HAL_Driver/Src/stm32l4xx_hal_uart.o
 .debug_frame   0x0000000000005a54      0x29c ./Drivers/STM32L4xx_HAL_Driver/Src/stm32l4xx_hal_uart_ex.o
 .debug_frame   0x0000000000005cf0       0x2c c:/st/stm32cubeide_1.11.0/stm32cubeide/plugins/com.st.stm32cube.ide.mcu.externaltools.gnu-tools-for-stm32.10.3-2021.10.win32_1.0.100.202210260954/tools/bin/../lib/gcc/arm-none-eabi/10.3.1/../../../../arm-none-eabi/lib/thumb/v7e-m+fp/hard\libc_nano.a(lib_a-init.o)
 .debug_frame   0x0000000000005d1c       0x20 c:/st/stm32cubeide_1.11.0/stm32cubeide/plugins/com.st.stm32cube.ide.mcu.externaltools.gnu-tools-for-stm32.10.3-2021.10.win32_1.0.100.202210260954/tools/bin/../lib/gcc/arm-none-eabi/10.3.1/../../../../arm-none-eabi/lib/thumb/v7e-m+fp/hard\libc_nano.a(lib_a-memset.o)
 .debug_frame   0x0000000000005d3c       0x2c c:/st/stm32cubeide_1.11.0/stm32cubeide/plugins/com.st.stm32cube.ide.mcu.externaltools.gnu-tools-for-stm32.10.3-2021.10.win32_1.0.100.202210260954/tools/bin/../lib/gcc/arm-none-eabi/10.3.1/thumb/v7e-m+fp/hard\libgcc.a(_aeabi_uldivmod.o)
 .debug_frame   0x0000000000005d68       0x34 c:/st/stm32cubeide_1.11.0/stm32cubeide/plugins/com.st.stm32cube.ide.mcu.externaltools.gnu-tools-for-stm32.10.3-2021.10.win32_1.0.100.202210260954/tools/bin/../lib/gcc/arm-none-eabi/10.3.1/thumb/v7e-m+fp/hard\libgcc.a(_udivmoddi4.o)
