Archive member included to satisfy reference by file (symbol)

c:/st/stm32cubeide_1.11.0/stm32cubeide/plugins/com.st.stm32cube.ide.mcu.externaltools.gnu-tools-for-stm32.10.3-2021.10.win32_1.0.100.202210260954/tools/bin/../lib/gcc/arm-none-eabi/10.3.1/../../../../arm-none-eabi/lib/thumb/v7e-m+fp/hard\libc_nano.a(lib_a-errno.o)
                              ./Core/Src/syscalls.o (__errno)
c:/st/stm32cubeide_1.11.0/stm32cubeide/plugins/com.st.stm32cube.ide.mcu.externaltools.gnu-tools-for-stm32.10.3-2021.10.win32_1.0.100.202210260954/tools/bin/../lib/gcc/arm-none-eabi/10.3.1/../../../../arm-none-eabi/lib/thumb/v7e-m+fp/hard\libc_nano.a(lib_a-exit.o)
                              c:/st/stm32cubeide_1.11.0/stm32cubeide/plugins/com.st.stm32cube.ide.mcu.externaltools.gnu-tools-for-stm32.10.3-2021.10.win32_1.0.100.202210260954/tools/bin/../lib/gcc/arm-none-eabi/10.3.1/../../../../arm-none-eabi/lib/thumb/v7e-m+fp/hard/crt0.o (exit)
c:/st/stm32cubeide_1.11.0/stm32cubeide/plugins/com.st.stm32cube.ide.mcu.externaltools.gnu-tools-for-stm32.10.3-2021.10.win32_1.0.100.202210260954/tools/bin/../lib/gcc/arm-none-eabi/10.3.1/../../../../arm-none-eabi/lib/thumb/v7e-m+fp/hard\libc_nano.a(lib_a-fflush.o)
                              ./Core/Src/sample_service.o (fflush)
c:/st/stm32cubeide_1.11.0/stm32cubeide/plugins/com.st.stm32cube.ide.mcu.externaltools.gnu-tools-for-stm32.10.3-2021.10.win32_1.0.100.202210260954/tools/bin/../lib/gcc/arm-none-eabi/10.3.1/../../../../arm-none-eabi/lib/thumb/v7e-m+fp/hard\libc_nano.a(lib_a-findfp.o)
                              c:/st/stm32cubeide_1.11.0/stm32cubeide/plugins/com.st.stm32cube.ide.mcu.externaltools.gnu-tools-for-stm32.10.3-2021.10.win32_1.0.100.202210260954/tools/bin/../lib/gcc/arm-none-eabi/10.3.1/../../../../arm-none-eabi/lib/thumb/v7e-m+fp/hard\libc_nano.a(lib_a-fflush.o) (__sinit)
c:/st/stm32cubeide_1.11.0/stm32cubeide/plugins/com.st.stm32cube.ide.mcu.externaltools.gnu-tools-for-stm32.10.3-2021.10.win32_1.0.100.202210260954/tools/bin/../lib/gcc/arm-none-eabi/10.3.1/../../../../arm-none-eabi/lib/thumb/v7e-m+fp/hard\libc_nano.a(lib_a-fwalk.o)
                              c:/st/stm32cubeide_1.11.0/stm32cubeide/plugins/com.st.stm32cube.ide.mcu.externaltools.gnu-tools-for-stm32.10.3-2021.10.win32_1.0.100.202210260954/tools/bin/../lib/gcc/arm-none-eabi/10.3.1/../../../../arm-none-eabi/lib/thumb/v7e-m+fp/hard\libc_nano.a(lib_a-findfp.o) (_fwalk)
c:/st/stm32cubeide_1.11.0/stm32cubeide/plugins/com.st.stm32cube.ide.mcu.externaltools.gnu-tools-for-stm32.10.3-2021.10.win32_1.0.100.202210260954/tools/bin/../lib/gcc/arm-none-eabi/10.3.1/../../../../arm-none-eabi/lib/thumb/v7e-m+fp/hard\libc_nano.a(lib_a-impure.o)
                              c:/st/stm32cubeide_1.11.0/stm32cubeide/plugins/com.st.stm32cube.ide.mcu.externaltools.gnu-tools-for-stm32.10.3-2021.10.win32_1.0.100.202210260954/tools/bin/../lib/gcc/arm-none-eabi/10.3.1/../../../../arm-none-eabi/lib/thumb/v7e-m+fp/hard\libc_nano.a(lib_a-exit.o) (_global_impure_ptr)
c:/st/stm32cubeide_1.11.0/stm32cubeide/plugins/com.st.stm32cube.ide.mcu.externaltools.gnu-tools-for-stm32.10.3-2021.10.win32_1.0.100.202210260954/tools/bin/../lib/gcc/arm-none-eabi/10.3.1/../../../../arm-none-eabi/lib/thumb/v7e-m+fp/hard\libc_nano.a(lib_a-init.o)
                              c:/st/stm32cubeide_1.11.0/stm32cubeide/plugins/com.st.stm32cube.ide.mcu.externaltools.gnu-tools-for-stm32.10.3-2021.10.win32_1.0.100.202210260954/tools/bin/../lib/gcc/arm-none-eabi/10.3.1/../../../../arm-none-eabi/lib/thumb/v7e-m+fp/hard/crt0.o (__libc_init_array)
c:/st/stm32cubeide_1.11.0/stm32cubeide/plugins/com.st.stm32cube.ide.mcu.externaltools.gnu-tools-for-stm32.10.3-2021.10.win32_1.0.100.202210260954/tools/bin/../lib/gcc/arm-none-eabi/10.3.1/../../../../arm-none-eabi/lib/thumb/v7e-m+fp/hard\libc_nano.a(lib_a-lock.o)
                              c:/st/stm32cubeide_1.11.0/stm32cubeide/plugins/com.st.stm32cube.ide.mcu.externaltools.gnu-tools-for-stm32.10.3-2021.10.win32_1.0.100.202210260954/tools/bin/../lib/gcc/arm-none-eabi/10.3.1/../../../../arm-none-eabi/lib/thumb/v7e-m+fp/hard\libc_nano.a(lib_a-findfp.o) (__retarget_lock_init_recursive)
c:/st/stm32cubeide_1.11.0/stm32cubeide/plugins/com.st.stm32cube.ide.mcu.externaltools.gnu-tools-for-stm32.10.3-2021.10.win32_1.0.100.202210260954/tools/bin/../lib/gcc/arm-none-eabi/10.3.1/../../../../arm-none-eabi/lib/thumb/v7e-m+fp/hard\libc_nano.a(lib_a-memcpy-stub.o)
                              ./Middlewares/ST/BlueNRG-MS/hci/controller/bluenrg_gap_aci.o (memcpy)
c:/st/stm32cubeide_1.11.0/stm32cubeide/plugins/com.st.stm32cube.ide.mcu.externaltools.gnu-tools-for-stm32.10.3-2021.10.win32_1.0.100.202210260954/tools/bin/../lib/gcc/arm-none-eabi/10.3.1/../../../../arm-none-eabi/lib/thumb/v7e-m+fp/hard\libc_nano.a(lib_a-memset.o)
[...]
Memory Configuration

Name             Origin             Length             Attributes
RAM              0x0000000020000000 0x00000000000a0000 xrw
RAM2             0x0000000010000000 0x0000000000010000 xrw
RAM3             0x0000000020040000 0x0000000000060000 xrw
FLASH            0x0000000008000000 0x0000000000200000 xr
*default*        0x0000000000000000 0xffffffffffffffff

Linker script and memory map

LOAD c:/st/stm32cubeide_1.11.0/stm32cubeide/plugins/com.st.stm32cube.ide.mcu.externaltools.gnu-tools-for-stm32.10.3-2021.10.win32_1.0.100.202210260954/tools/bin/../lib/gcc/arm-none-eabi/10.3.1/thumb/v7e-m+fp/hard/crti.o
LOAD c:/st/stm32cubeide_1.11.0/stm32cubeide/plugins/com.st.stm32cube.ide.mcu.externaltools.gnu-tools-for-stm32.10.3-2021.10.win32_1.0.100.202210260954/tools/bin/../lib/gcc/arm-none-eabi/10.3.1/thumb/v7e-m+fp/hard/crtbegin.o
LOAD c:/st/stm32cubeide_1.11.0/stm32cubeide/plugins/com.st.stm32cube.ide.mcu.externaltools.gnu-tools-for-stm32.10.3-2021.10.win32_1.0.100.202210260954/tools/bin/../lib/gcc/arm-none-eabi/10.3.1/../../../../arm-none-eabi/lib/thumb/v7e-m+fp/hard/crt0.o
LOAD ./BlueNRG-MS/Target/hci_tl_interface.o
LOAD ./Core/Src/adc.o
LOAD ./Core/Src/app_bluenrg_ms.o
LOAD ./Core/Src/custom_bus.o
LOAD ./Core/Src/dfsdm.o
LOAD ./Core/Src/gpio.o
LOAD ./Core/Src/gyro.o
LOAD ./Core/Src/i2c.o
LOAD ./Core/Src/main.o
LOAD ./Core/Src/octospi.o
LOAD ./Core/Src/sample_service.o
LOAD ./Core/Src/spi.o
LOAD ./Core/Src/stm32l4xx_hal_msp.o
LOAD ./Core/Src/stm32l4xx_it.o
LOAD ./Core/Src/syscalls.o
LOAD ./Core/Src/sysmem.o
LOAD ./Core/Src/system_stm32l4xx.o
LOAD ./Core/Src/usart.o
LOAD ./Core/Src/usb_otg.o
LOAD ./Core/Startup/startup_stm32l4s5vitx.o
LOAD ./Drivers/BSP/B-L4S5I-IOT01A/b_l4s5i_iot01a_bus.o
LOAD ./Drivers/BSP/Components/lsm6dsl/lsm6dsl.o
LOAD ./Drivers/BSP/Components/lsm6dsl/lsm6dsl_reg.o
LOAD ./Drivers/STM32L4xx_HAL_Driver/Src/stm32l4xx_hal.o
LOAD ./Drivers/STM32L4xx_HAL_Driver/Src/stm32l4xx_hal_adc.o
LOAD ./Drivers/STM32L4xx_HAL_Driver/Src/stm32l4xx_hal_adc_ex.o
LOAD ./Drivers/STM32L4xx_HAL_Driver/Src/stm32l4xx_hal_cortex.o
LOAD ./Drivers/STM32L4xx_HAL_Driver/Src/stm32l4xx_hal_dfsdm.o
LOAD ./Drivers/STM32L4xx_HAL_Driver/Src/stm32l4xx_hal_dfsdm_ex.o
LOAD ./Drivers/STM32L4xx_HAL_Driver/Src/stm32l4xx_hal_dma.o
LOAD ./Drivers/STM32L4xx_HAL_Driver/Src/stm32l4xx_hal_dma_ex.o
LOAD ./Drivers/STM32L4xx_HAL_Driver/Src/stm32l4xx_hal_exti.o
LOAD ./Drivers/STM32L4xx_HAL_Driver/Src/stm32l4xx_hal_flash.o
LOAD ./Drivers/STM32L4xx_HAL_Driver/Src/stm32l4xx_hal_flash_ex.o
LOAD ./Drivers/STM32L4xx_HAL_Driver/Src/stm32l4xx_hal_flash_ramfunc.o
LOAD ./Drivers/STM32L4xx_HAL_Driver/Src/stm32l4xx_hal_gpio.o
LOAD ./Drivers/STM32L4xx_HAL_Driver/Src/stm32l4xx_hal_i2c.o
LOAD ./Drivers/STM32L4xx_HAL_Driver/Src/stm32l4xx_hal_i2c_ex.o
LOAD ./Drivers/STM32L4xx_HAL_Driver/Src/stm32l4xx_hal_ospi.o
LOAD ./Drivers/STM32L4xx_HAL_Driver/Src/stm32l4xx_hal_pwr.o
LOAD ./Drivers/STM32L4xx_HAL_Driver/Src/stm32l4xx_hal_pwr_ex.o
LOAD ./Drivers/STM32L4xx_HAL_Driver/Src/stm32l4xx_hal_rcc.o
LOAD ./Drivers/STM32L4xx_HAL_Driver/Src/stm32l4xx_hal_rcc_ex.o
LOAD ./Drivers/STM32L4xx_HAL_Driver/Src/stm32l4xx_hal_spi.o
LOAD ./Drivers/STM32L4xx_HAL_Driver/Src/stm32l4xx_hal_spi_ex.o
LOAD ./Drivers/STM32L4xx_HAL_Driver/Src/stm32l4xx_hal_tim.o
LOAD ./Drivers/STM32L4xx_HAL_Driver/Src/stm32l4xx_hal_tim_ex.o
LOAD ./Drivers/STM32L4xx_HAL_Driver/Src/stm32l4xx_hal_uart.o
LOAD ./Drivers/STM32L4xx_HAL_Driver/Src/stm32l4xx_hal_uart_ex.o
LOAD ./Middlewares/ST/BlueNRG-MS/hci/controller/bluenrg_gap_aci.o
LOAD ./Middlewares/ST/BlueNRG-MS/hci/controller/bluenrg_gatt_aci.o
LOAD ./Middlewares/ST/BlueNRG-MS/hci/controller/bluenrg_hal_aci.o
LOAD ./Middlewares/ST/BlueNRG-MS/hci/controller/bluenrg_l2cap_aci.o
LOAD ./Middlewares/ST/BlueNRG-MS/hci/controller/bluenrg_updater_aci.o
LOAD ./Middlewares/ST/BlueNRG-MS/hci/controller/bluenrg_utils_small.o
LOAD ./Middlewares/ST/BlueNRG-MS/hci/hci_le.o
LOAD ./Middlewares/ST/BlueNRG-MS/hci/hci_tl_patterns/Basic/hci_tl.o
LOAD ./Middlewares/ST/BlueNRG-MS/utils/ble_list.o
START GROUP
LOAD c:/st/stm32cubeide_1.11.0/stm32cubeide/plugins/com.st.stm32cube.ide.mcu.externaltools.gnu-tools-for-stm32.10.3-2021.10.win32_1.0.100.202210260954/tools/bin/../lib/gcc/arm-none-eabi/10.3.1/../../../../arm-none-eabi/lib/thumb/v7e-m+fp/hard\libc_nano.a
LOAD c:/st/stm32cubeide_1.11.0/stm32cubeide/plugins/com.st.stm32cube.ide.mcu.externaltools.gnu-tools-for-stm32.10.3-2021.10.win32_1.0.100.202210260954/tools/bin/../lib/gcc/arm-none-eabi/10.3.1/../../../../arm-none-eabi/lib/thumb/v7e-m+fp/hard\libm.a
END GROUP
START GROUP
LOAD c:/st/stm32cubeide_1.11.0/stm32cubeide/plugins/com.st.stm32cube.ide.mcu.externaltools.gnu-tools-for-stm32.10.3-2021.10.win32_1.0.100.202210260954/tools/bin/../lib/gcc/arm-none-eabi/10.3.1/thumb/v7e-m+fp/hard\libgcc.a
LOAD c:/st/stm32cubeide_1.11.0/stm32cubeide/plugins/com.st.stm32cube.ide.mcu.externaltools.gnu-tools-for-stm32.10.3-2021.10.win32_1.0.100.202210260954/tools/bin/../lib/gcc/arm-none-eabi/10.3.1/../../../../arm-none-eabi/lib/thumb/v7e-m+fp/hard\libc_nano.a
END GROUP
START GROUP
LOAD c:/st/stm32cubeide_1.11.0/stm32cubeide/plugins/com.st.stm32cube.ide.mcu.externaltools.gnu-tools-for-stm32.10.3-2021.10.win32_1.0.100.202210260954/tools/bin/../lib/gcc/arm-none-eabi/10.3.1/thumb/v7e-m+fp/hard\libgcc.a
LOAD c:/st/stm32cubeide_1.11.0/stm32cubeide/plugins/com.st.stm32cube.ide.mcu.externaltools.gnu-tools-for-stm32.10.3-2021.10.win32_1.0.100.202210260954/tools/bin/../lib/gcc/arm-none-eabi/10.3.1/../../../../arm-none-eabi/lib/thumb/v7e-m+fp/hard\libc_nano.a
LOAD c:/st/stm32cubeide_1.11.0/stm32cubeide/plugins/com.st.stm32cube.ide.mcu.externaltools.gnu-tools-for-stm32.10.3-2021.10.win32_1.0.100.202210260954/tools/bin/../lib/gcc/arm-none-eabi/10.3.1/../../../../arm-none-eabi/lib/thumb/v7e-m+fp/hard\libnosys.a
END GROUP
START GROUP
LOAD c:/st/stm32cubeide_1.11.0/stm32cubeide/plugins/com.st.stm32cube.ide.mcu.externaltools.gnu-tools-for-stm32.10.3-2021.10.win32_1.0.100.202210260954/tools/bin/../lib/gcc/arm-none-eabi/10.3.1/thumb/v7e-m+fp/hard\libgcc.a
LOAD c:/st/stm32cubeide_1.11.0/stm32cubeide/plugins/com.st.stm32cube.ide.mcu.externaltools.gnu-tools-for-stm32.10.3-2021.10.win32_1.0.100.202210260954/tools/bin/../lib/gcc/arm-none-eabi/10.3.1/../../../../arm-none-eabi/lib/thumb/v7e-m+fp/hard\libc_nano.a
LOAD c:/st/stm32cubeide_1.11.0/stm32cubeide/plugins/com.st.stm32cube.ide.mcu.externaltools.gnu-tools-for-stm32.10.3-2021.10.win32_1.0.100.202210260954/tools/bin/../lib/gcc/arm-none-eabi/10.3.1/../../../../arm-none-eabi/lib/thumb/v7e-m+fp/hard\libnosys.a
END GROUP
LOAD c:/st/stm32cubeide_1.11.0/stm32cubeide/plugins/com.st.stm32cube.ide.mcu.externaltools.gnu-tools-for-stm32.10.3-2021.10.win32_1.0.100.202210260954/tools/bin/../lib/gcc/arm-none-eabi/10.3.1/thumb/v7e-m+fp/hard/crtend.o
LOAD c:/st/stm32cubeide_1.11.0/stm32cubeide/plugins/com.st.stm32cube.ide.mcu.externaltools.gnu-tools-for-stm32.10.3-2021.10.win32_1.0.100.202210260954/tools/bin/../lib/gcc/arm-none-eabi/10.3.1/thumb/v7e-m+fp/hard/crtn.o
                0x00000000200a0000                _estack = (ORIGIN (RAM) + LENGTH (RAM))
                0x0000000000000200                _Min_Heap_Size = 0x200
                0x0000000000000400                _Min_Stack_Size = 0x400

.isr_vector     0x0000000008000000      0x1bc
                0x0000000008000000                . = ALIGN (0x4)
 *(.isr_vector)
 .isr_vector    0x0000000008000000      0x1bc ./Core/Startup/startup_stm32l4s5vitx.o
                0x0000000008000000                g_pfnVectors
                0x00000000080001bc                . = ALIGN (0x4)

.text           0x00000000080001c0     0xbcf0
                0x00000000080001c0                . = ALIGN (0x4)
 *(.text)
 .text          0x00000000080001c0       0x40 c:/st/stm32cubeide_1.11.0/stm32cubeide/plugins/com.st.stm32cube.ide.mcu.externaltools.gnu-tools-for-stm32.10.3-2021.10.win32_1.0.100.202210260954/tools/bin/../lib/gcc/arm-none-eabi/10.3.1/thumb/v7e-m+fp/hard/crtbegin.o
 .text          0x0000000008000200       0xa0 c:/st/stm32cubeide_1.11.0/stm32cubeide/plugins/com.st.stm32cube.ide.mcu.externaltools.gnu-tools-for-stm32.10.3-2021.10.win32_1.0.100.202210260954/tools/bin/../lib/gcc/arm-none-eabi/10.3.1/../../../../arm-none-eabi/lib/thumb/v7e-m+fp/hard\libc_nano.a(lib_a-memchr.o)
                0x0000000008000200                memchr
 .text          0x00000000080002a0       0x30 c:/st/stm32cubeide_1.11.0/stm32cubeide/plugins/com.st.stm32cube.ide.mcu.externaltools.gnu-tools-for-stm32.10.3-2021.10.win32_1.0.100.202210260954/tools/bin/../lib/gcc/arm-none-eabi/10.3.1/thumb/v7e-m+fp/hard\libgcc.a(_aeabi_uldivmod.o)
                0x00000000080002a0                __aeabi_uldivmod
 .text          0x00000000080002d0      0x2d0 c:/st/stm32cubeide_1.11.0/stm32cubeide/plugins/com.st.stm32cube.ide.mcu.externaltools.gnu-tools-for-stm32.10.3-2021.10.win32_1.0.100.202210260954/tools/bin/../lib/gcc/arm-none-eabi/10.3.1/thumb/v7e-m+fp/hard\libgcc.a(_udivmoddi4.o)
                0x00000000080002d0                __udivmoddi4
 .text          0x00000000080005a0        0x4 c:/st/stm32cubeide_1.11.0/stm32cubeide/plugins/com.st.stm32cube.ide.mcu.externaltools.gnu-tools-for-stm32.10.3-2021.10.win32_1.0.100.202210260954/tools/bin/../lib/gcc/arm-none-eabi/10.3.1/thumb/v7e-m+fp/hard\libgcc.a(_dvmd_tls.o)
                0x00000000080005a0                __aeabi_idiv0
                0x00000000080005a0                __aeabi_ldiv0
 *(.text*)
 .text.HCI_TL_SPI_Init
                0x00000000080005a4       0x94 ./BlueNRG-MS/Target/hci_tl_interface.o
                0x00000000080005a4                HCI_TL_SPI_Init
 .text.HCI_TL_SPI_DeInit
                0x0000000008000638       0x30 ./BlueNRG-MS/Target/hci_tl_interface.o
                0x0000000008000638                HCI_TL_SPI_DeInit
 .text.HCI_TL_SPI_Reset
                0x0000000008000668       0x44 ./BlueNRG-MS/Target/hci_tl_interface.o
                0x0000000008000668                HCI_TL_SPI_Reset
 .text.HCI_TL_SPI_Receive
                0x00000000080006ac       0xb8 ./BlueNRG-MS/Target/hci_tl_interface.o
                0x00000000080006ac                HCI_TL_SPI_Receive
 .text.HCI_TL_SPI_Send
                0x0000000008000764       0xac ./BlueNRG-MS/Target/hci_tl_interface.o
                0x0000000008000764                HCI_TL_SPI_Send
 .text.IsDataAvailable
                0x0000000008000810       0x20 ./BlueNRG-MS/Target/hci_tl_interface.o
 .text.hci_tl_lowlevel_init
                0x0000000008000830       0x74 ./BlueNRG-MS/Target/hci_tl_interface.o
                0x0000000008000830                hci_tl_lowlevel_init
 .text.hci_tl_lowlevel_isr
                0x00000000080008a4       0x22 ./BlueNRG-MS/Target/hci_tl_interface.o
                0x00000000080008a4                hci_tl_lowlevel_isr
 *fill*         0x00000000080008c6        0x2 
 .text.MX_ADC1_Init
                0x00000000080008c8       0xcc ./Core/Src/adc.o
                0x00000000080008c8                MX_ADC1_Init
 .text.HAL_ADC_MspInit
                0x0000000008000994       0x80 ./Core/Src/adc.o
                0x0000000008000994                HAL_ADC_MspInit
 .text.MX_BlueNRG_MS_Init
                0x0000000008000a14      0x200 ./Core/Src/app_bluenrg_ms.o
                0x0000000008000a14                MX_BlueNRG_MS_Init
 .text.MX_BlueNRG_MS_Process
                0x0000000008000c14       0x10 ./Core/Src/app_bluenrg_ms.o
                0x0000000008000c14                MX_BlueNRG_MS_Process
 .text.User_Init
                0x0000000008000c24        0xe ./Core/Src/app_bluenrg_ms.o
 *fill*         0x0000000008000c32        0x2 
 .text.User_Process
                0x0000000008000c34       0xe8 ./Core/Src/app_bluenrg_ms.o
 .text.BSP_I2C2_Init
                0x0000000008000d1c       0x7c ./Core/Src/custom_bus.o
                0x0000000008000d1c                BSP_I2C2_Init
 .text.BSP_I2C2_DeInit
                0x0000000008000d98       0x50 ./Core/Src/custom_bus.o
                0x0000000008000d98                BSP_I2C2_DeInit
 .text.BSP_I2C2_WriteReg
                0x0000000008000de8       0x64 ./Core/Src/custom_bus.o
                0x0000000008000de8                BSP_I2C2_WriteReg
 .text.BSP_I2C2_ReadReg
                0x0000000008000e4c       0x64 ./Core/Src/custom_bus.o
                0x0000000008000e4c                BSP_I2C2_ReadReg
 .text.BSP_GetTick
                0x0000000008000eb0        0xe ./Core/Src/custom_bus.o
                0x0000000008000eb0                BSP_GetTick
 *fill*         0x0000000008000ebe        0x2 
 .text.MX_I2C2_Init
                0x0000000008000ec0       0x88 ./Core/Src/custom_bus.o
                0x0000000008000ec0                MX_I2C2_Init
 .text.I2C2_MspInit
                0x0000000008000f48       0xd0 ./Core/Src/custom_bus.o
 .text.I2C2_MspDeInit
                0x0000000008001018       0x40 ./Core/Src/custom_bus.o
 .text.MX_DFSDM1_Init
                0x0000000008001058       0x70 ./Core/Src/dfsdm.o
                0x0000000008001058                MX_DFSDM1_Init
 .text.HAL_DFSDM_ChannelMspInit
                0x00000000080010c8       0xc8 ./Core/Src/dfsdm.o
                0x00000000080010c8                HAL_DFSDM_ChannelMspInit
 .text.MX_GPIO_Init
                0x0000000008001190      0x284 ./Core/Src/gpio.o
                0x0000000008001190                MX_GPIO_Init
 .text.MX_I2C1_Init
                0x0000000008001414       0x80 ./Core/Src/i2c.o
                0x0000000008001414                MX_I2C1_Init
 .text.HAL_I2C_MspInit
                0x0000000008001494       0xbc ./Core/Src/i2c.o
                0x0000000008001494                HAL_I2C_MspInit
 .text.HAL_I2C_MspDeInit
                0x0000000008001550       0x48 ./Core/Src/i2c.o
                0x0000000008001550                HAL_I2C_MspDeInit
 .text.main     0x0000000008001598       0x54 ./Core/Src/main.o
                0x0000000008001598                main
 .text.SystemClock_Config
                0x00000000080015ec       0xc4 ./Core/Src/main.o
                0x00000000080015ec                SystemClock_Config
 .text.PeriphCommonClock_Config
                0x00000000080016b0       0x5e ./Core/Src/main.o
                0x00000000080016b0                PeriphCommonClock_Config
 *fill*         0x000000000800170e        0x2 
 .text._write   0x0000000008001710       0x2c ./Core/Src/main.o
                0x0000000008001710                _write
 .text.MEMS_Init
                0x000000000800173c       0x94 ./Core/Src/main.o
 .text.HAL_GPIO_EXTI_Callback
                0x00000000080017d0       0x2c ./Core/Src/main.o
                0x00000000080017d0                HAL_GPIO_EXTI_Callback
 .text.Error_Handler
                0x00000000080017fc        0xa ./Core/Src/main.o
                0x00000000080017fc                Error_Handler
 *fill*         0x0000000008001806        0x2 
 .text.MX_OCTOSPI1_Init
                0x0000000008001808       0xac ./Core/Src/octospi.o
                0x0000000008001808                MX_OCTOSPI1_Init
 .text.HAL_OSPI_MspInit
                0x00000000080018b4       0xd8 ./Core/Src/octospi.o
                0x00000000080018b4                HAL_OSPI_MspInit
 .text.Add_Sample_Service
                0x000000000800198c      0x104 ./Core/Src/sample_service.o
                0x000000000800198c                Add_Sample_Service
 .text.Make_Connection
                0x0000000008001a90       0xd0 ./Core/Src/sample_service.o
                0x0000000008001a90                Make_Connection
 .text.startReadTXCharHandle
                0x0000000008001b60       0x4c ./Core/Src/sample_service.o
                0x0000000008001b60                startReadTXCharHandle
 .text.startReadRXCharHandle
                0x0000000008001bac       0x4c ./Core/Src/sample_service.o
                0x0000000008001bac                startReadRXCharHandle
 .text.receiveData
                0x0000000008001bf8       0x5c ./Core/Src/sample_service.o
                0x0000000008001bf8                receiveData
 .text.sendData
                0x0000000008001c54       0x60 ./Core/Src/sample_service.o
                0x0000000008001c54                sendData
 .text.enableNotification
                0x0000000008001cb4       0x60 ./Core/Src/sample_service.o
                0x0000000008001cb4                enableNotification
 .text.Attribute_Modified_CB
                0x0000000008001d14       0x70 ./Core/Src/sample_service.o
                0x0000000008001d14                Attribute_Modified_CB
 .text.GAP_ConnectionComplete_CB
                0x0000000008001d84       0x68 ./Core/Src/sample_service.o
                0x0000000008001d84                GAP_ConnectionComplete_CB
 .text.GAP_DisconnectionComplete_CB
                0x0000000008001dec       0x58 ./Core/Src/sample_service.o
                0x0000000008001dec                GAP_DisconnectionComplete_CB
 .text.GATT_Notification_CB
                0x0000000008001e44       0x34 ./Core/Src/sample_service.o
                0x0000000008001e44                GATT_Notification_CB
 .text.user_notify
                0x0000000008001e78      0x218 ./Core/Src/sample_service.o
                0x0000000008001e78                user_notify
 .text.MX_SPI1_Init
                0x0000000008002090       0x7c ./Core/Src/spi.o
                0x0000000008002090                MX_SPI1_Init
 .text.HAL_SPI_MspInit
                0x000000000800210c       0x84 ./Core/Src/spi.o
                0x000000000800210c                HAL_SPI_MspInit
 .text.HAL_MspInit
                0x0000000008002190       0x48 ./Core/Src/stm32l4xx_hal_msp.o
                0x0000000008002190                HAL_MspInit
 .text.NMI_Handler
                0x00000000080021d8        0x6 ./Core/Src/stm32l4xx_it.o
                0x00000000080021d8                NMI_Handler
 .text.HardFault_Handler
                0x00000000080021de        0x6 ./Core/Src/stm32l4xx_it.o
                0x00000000080021de                HardFault_Handler
 .text.MemManage_Handler
                0x00000000080021e4        0x6 ./Core/Src/stm32l4xx_it.o
                0x00000000080021e4                MemManage_Handler
 .text.BusFault_Handler
                0x00000000080021ea        0x6 ./Core/Src/stm32l4xx_it.o
                0x00000000080021ea                BusFault_Handler
 .text.UsageFault_Handler
                0x00000000080021f0        0x6 ./Core/Src/stm32l4xx_it.o
                0x00000000080021f0                UsageFault_Handler
 .text.SVC_Handler
                0x00000000080021f6        0xe ./Core/Src/stm32l4xx_it.o
                0x00000000080021f6                SVC_Handler
 .text.DebugMon_Handler
                0x0000000008002204        0xe ./Core/Src/stm32l4xx_it.o
                0x0000000008002204                DebugMon_Handler
 .text.PendSV_Handler
                0x0000000008002212        0xe ./Core/Src/stm32l4xx_it.o
                0x0000000008002212                PendSV_Handler
 .text.SysTick_Handler
                0x0000000008002220        0xc ./Core/Src/stm32l4xx_it.o
                0x0000000008002220                SysTick_Handler
 .text.EXTI9_5_IRQHandler
                0x000000000800222c       0x28 ./Core/Src/stm32l4xx_it.o
                0x000000000800222c                EXTI9_5_IRQHandler
 .text.EXTI15_10_IRQHandler
                0x0000000008002254       0x38 ./Core/Src/stm32l4xx_it.o
                0x0000000008002254                EXTI15_10_IRQHandler
 .text._read    0x000000000800228c       0x3a ./Core/Src/syscalls.o
                0x000000000800228c                _read
 .text._close   0x00000000080022c6       0x18 ./Core/Src/syscalls.o
                0x00000000080022c6                _close
 .text._fstat   0x00000000080022de       0x20 ./Core/Src/syscalls.o
                0x00000000080022de                _fstat
 .text._isatty  0x00000000080022fe       0x16 ./Core/Src/syscalls.o
                0x00000000080022fe                _isatty
 .text._lseek   0x0000000008002314       0x1a ./Core/Src/syscalls.o
                0x0000000008002314                _lseek
 *fill*         0x000000000800232e        0x2 
 .text._sbrk    0x0000000008002330       0x6c ./Core/Src/sysmem.o
                0x0000000008002330                _sbrk
 .text.SystemInit
                0x000000000800239c       0x24 ./Core/Src/system_stm32l4xx.o
                0x000000000800239c                SystemInit
 .text.MX_UART4_Init
                0x00000000080023c0       0x98 ./Core/Src/usart.o
                0x00000000080023c0                MX_UART4_Init
 .text.MX_USART1_UART_Init
                0x0000000008002458       0x98 ./Core/Src/usart.o
                0x0000000008002458                MX_USART1_UART_Init
 .text.MX_USART2_UART_Init
                0x00000000080024f0       0x9c ./Core/Src/usart.o
                0x00000000080024f0                MX_USART2_UART_Init
 .text.MX_USART3_UART_Init
                0x000000000800258c       0x98 ./Core/Src/usart.o
                0x000000000800258c                MX_USART3_UART_Init
 .text.HAL_UART_MspInit
                0x0000000008002624      0x254 ./Core/Src/usart.o
                0x0000000008002624                HAL_UART_MspInit
 .text.MX_USB_OTG_FS_USB_Init
                0x0000000008002878        0xe ./Core/Src/usb_otg.o
                0x0000000008002878                MX_USB_OTG_FS_USB_Init
 *fill*         0x0000000008002886        0x2 
 .text.Reset_Handler
                0x0000000008002888       0x50 ./Core/Startup/startup_stm32l4s5vitx.o
                0x0000000008002888                Reset_Handler
 .text.Default_Handler
                0x00000000080028d8        0x2 ./Core/Startup/startup_stm32l4s5vitx.o
                0x00000000080028d8                RTC_Alarm_IRQHandler
                0x00000000080028d8                EXTI2_IRQHandler
                0x00000000080028d8                TIM8_TRG_COM_IRQHandler
                0x00000000080028d8                TIM8_CC_IRQHandler
                0x00000000080028d8                TIM1_CC_IRQHandler
                0x00000000080028d8                TSC_IRQHandler
                0x00000000080028d8                TAMP_STAMP_IRQHandler
                0x00000000080028d8                EXTI3_IRQHandler
                0x00000000080028d8                LPTIM2_IRQHandler
                0x00000000080028d8                DFSDM1_FLT1_IRQHandler
                0x00000000080028d8                GFXMMU_IRQHandler
                0x00000000080028d8                I2C3_ER_IRQHandler
                0x00000000080028d8                DFSDM1_FLT2_IRQHandler
                0x00000000080028d8                EXTI0_IRQHandler
                0x00000000080028d8                I2C2_EV_IRQHandler
                0x00000000080028d8                CAN1_RX0_IRQHandler
                0x00000000080028d8                FPU_IRQHandler
                0x00000000080028d8                TIM1_UP_TIM16_IRQHandler
                0x00000000080028d8                LTDC_ER_IRQHandler
                0x00000000080028d8                SPI1_IRQHandler
                0x00000000080028d8                OCTOSPI1_IRQHandler
                0x00000000080028d8                TIM6_DAC_IRQHandler
                0x00000000080028d8                DCMI_IRQHandler
                0x00000000080028d8                TIM8_UP_IRQHandler
                0x00000000080028d8                OCTOSPI2_IRQHandler
                0x00000000080028d8                DMA2_Channel2_IRQHandler
                0x00000000080028d8                DMA1_Channel4_IRQHandler
                0x00000000080028d8                SAI2_IRQHandler
                0x00000000080028d8                ADC1_IRQHandler
                0x00000000080028d8                DFSDM1_FLT3_IRQHandler
                0x00000000080028d8                USART3_IRQHandler
                0x00000000080028d8                DMA1_Channel7_IRQHandler
                0x00000000080028d8                CAN1_RX1_IRQHandler
                0x00000000080028d8                UART5_IRQHandler
                0x00000000080028d8                TIM4_IRQHandler
                0x00000000080028d8                DMA2_Channel1_IRQHandler
                0x00000000080028d8                I2C1_EV_IRQHandler
                0x00000000080028d8                DMAMUX1_OVR_IRQHandler
                0x00000000080028d8                DMA1_Channel6_IRQHandler
                0x00000000080028d8                UART4_IRQHandler
                0x00000000080028d8                DMA2_Channel4_IRQHandler
                0x00000000080028d8                TIM3_IRQHandler
                0x00000000080028d8                RCC_IRQHandler
                0x00000000080028d8                DMA1_Channel1_IRQHandler
                0x00000000080028d8                Default_Handler
                0x00000000080028d8                DMA2_Channel7_IRQHandler
                0x00000000080028d8                TIM7_IRQHandler
                0x00000000080028d8                SDMMC1_IRQHandler
                0x00000000080028d8                TIM5_IRQHandler
                0x00000000080028d8                I2C3_EV_IRQHandler
                0x00000000080028d8                RTC_WKUP_IRQHandler
                0x00000000080028d8                LTDC_IRQHandler
                0x00000000080028d8                PVD_PVM_IRQHandler
                0x00000000080028d8                SPI2_IRQHandler
                0x00000000080028d8                CAN1_TX_IRQHandler
                0x00000000080028d8                DMA2_Channel5_IRQHandler
                0x00000000080028d8                DMA1_Channel5_IRQHandler
                0x00000000080028d8                EXTI4_IRQHandler
                0x00000000080028d8                RNG_IRQHandler
                0x00000000080028d8                TIM1_TRG_COM_TIM17_IRQHandler
                0x00000000080028d8                DMA1_Channel3_IRQHandler
                0x00000000080028d8                COMP_IRQHandler
                0x00000000080028d8                HASH_CRS_IRQHandler
                0x00000000080028d8                WWDG_IRQHandler
                0x00000000080028d8                I2C4_EV_IRQHandler
                0x00000000080028d8                LPUART1_IRQHandler
                0x00000000080028d8                DMA2_Channel6_IRQHandler
                0x00000000080028d8                TIM2_IRQHandler
                0x00000000080028d8                DMA2D_IRQHandler
                0x00000000080028d8                EXTI1_IRQHandler
                0x00000000080028d8                AES_IRQHandler
                0x00000000080028d8                USART2_IRQHandler
                0x00000000080028d8                DFSDM1_FLT0_IRQHandler
                0x00000000080028d8                I2C2_ER_IRQHandler
                0x00000000080028d8                DMA1_Channel2_IRQHandler
                0x00000000080028d8                TIM8_BRK_IRQHandler
                0x00000000080028d8                CAN1_SCE_IRQHandler
                0x00000000080028d8                FLASH_IRQHandler
                0x00000000080028d8                USART1_IRQHandler
                0x00000000080028d8                OTG_FS_IRQHandler
                0x00000000080028d8                SPI3_IRQHandler
                0x00000000080028d8                I2C1_ER_IRQHandler
                0x00000000080028d8                FMC_IRQHandler
                0x00000000080028d8                LPTIM1_IRQHandler
                0x00000000080028d8                I2C4_ER_IRQHandler
                0x00000000080028d8                SAI1_IRQHandler
                0x00000000080028d8                DMA2_Channel3_IRQHandler
                0x00000000080028d8                TIM1_BRK_TIM15_IRQHandler
 *fill*         0x00000000080028da        0x2 
 .text.BSP_SPI3_Init
                0x00000000080028dc       0x60 ./Drivers/BSP/B-L4S5I-IOT01A/b_l4s5i_iot01a_bus.o
                0x00000000080028dc                BSP_SPI3_Init
 .text.BSP_SPI3_SendRecv
                0x000000000800293c       0x40 ./Drivers/BSP/B-L4S5I-IOT01A/b_l4s5i_iot01a_bus.o
                0x000000000800293c                BSP_SPI3_SendRecv
 .text.MX_SPI3_Init
                0x000000000800297c       0x84 ./Drivers/BSP/B-L4S5I-IOT01A/b_l4s5i_iot01a_bus.o
                0x000000000800297c                MX_SPI3_Init
 .text.SPI3_MspInit
                0x0000000008002a00       0xb0 ./Drivers/BSP/B-L4S5I-IOT01A/b_l4s5i_iot01a_bus.o
 .text.LSM6DSL_RegisterBusIO
                0x0000000008002ab0       0xd4 ./Drivers/BSP/Components/lsm6dsl/lsm6dsl.o
                0x0000000008002ab0                LSM6DSL_RegisterBusIO
 .text.LSM6DSL_Init
                0x0000000008002b84       0xd2 ./Drivers/BSP/Components/lsm6dsl/lsm6dsl.o
                0x0000000008002b84                LSM6DSL_Init
 .text.LSM6DSL_ReadID
                0x0000000008002c56       0x2c ./Drivers/BSP/Components/lsm6dsl/lsm6dsl.o
                0x0000000008002c56                LSM6DSL_ReadID
 .text.LSM6DSL_GYRO_Enable
                0x0000000008002c82       0x48 ./Drivers/BSP/Components/lsm6dsl/lsm6dsl.o
                0x0000000008002c82                LSM6DSL_GYRO_Enable
 .text.LSM6DSL_GYRO_SetOutputDataRate
                0x0000000008002cca       0x38 ./Drivers/BSP/Components/lsm6dsl/lsm6dsl.o
                0x0000000008002cca                LSM6DSL_GYRO_SetOutputDataRate
 .text.LSM6DSL_GYRO_SetFullScale
                0x0000000008002d02       0x5e ./Drivers/BSP/Components/lsm6dsl/lsm6dsl.o
                0x0000000008002d02                LSM6DSL_GYRO_SetFullScale
 .text.LSM6DSL_GYRO_GetAxesRaw
                0x0000000008002d60       0x48 ./Drivers/BSP/Components/lsm6dsl/lsm6dsl.o
                0x0000000008002d60                LSM6DSL_GYRO_GetAxesRaw
 .text.LSM6DSL_Write_Reg
                0x0000000008002da8       0x36 ./Drivers/BSP/Components/lsm6dsl/lsm6dsl.o
                0x0000000008002da8                LSM6DSL_Write_Reg
 .text.LSM6DSL_GYRO_Set_INT1_DRDY
                0x0000000008002dde       0x68 ./Drivers/BSP/Components/lsm6dsl/lsm6dsl.o
                0x0000000008002dde                LSM6DSL_GYRO_Set_INT1_DRDY
 *fill*         0x0000000008002e46        0x2 
 .text.LSM6DSL_GYRO_SetOutputDataRate_When_Enabled
                0x0000000008002e48      0x118 ./Drivers/BSP/Components/lsm6dsl/lsm6dsl.o
 .text.LSM6DSL_GYRO_SetOutputDataRate_When_Disabled
                0x0000000008002f60      0x104 ./Drivers/BSP/Components/lsm6dsl/lsm6dsl.o
 .text.ReadRegWrap
                0x0000000008003064       0x36 ./Drivers/BSP/Components/lsm6dsl/lsm6dsl.o
 .text.WriteRegWrap
                0x000000000800309a       0x36 ./Drivers/BSP/Components/lsm6dsl/lsm6dsl.o
 .text.lsm6dsl_read_reg
                0x00000000080030d0       0x30 ./Drivers/BSP/Components/lsm6dsl/lsm6dsl_reg.o
                0x00000000080030d0                lsm6dsl_read_reg
 .text.lsm6dsl_write_reg
                0x0000000008003100       0x30 ./Drivers/BSP/Components/lsm6dsl/lsm6dsl_reg.o
                0x0000000008003100                lsm6dsl_write_reg
 .text.lsm6dsl_xl_full_scale_set
                0x0000000008003130       0x4c ./Drivers/BSP/Components/lsm6dsl/lsm6dsl_reg.o
                0x0000000008003130                lsm6dsl_xl_full_scale_set
 .text.lsm6dsl_xl_data_rate_set
                0x000000000800317c       0x4c ./Drivers/BSP/Components/lsm6dsl/lsm6dsl_reg.o
                0x000000000800317c                lsm6dsl_xl_data_rate_set
 .text.lsm6dsl_gy_full_scale_set
                0x00000000080031c8       0x4c ./Drivers/BSP/Components/lsm6dsl/lsm6dsl_reg.o
                0x00000000080031c8                lsm6dsl_gy_full_scale_set
 .text.lsm6dsl_gy_data_rate_set
                0x0000000008003214       0x4c ./Drivers/BSP/Components/lsm6dsl/lsm6dsl_reg.o
                0x0000000008003214                lsm6dsl_gy_data_rate_set
 .text.lsm6dsl_block_data_update_set
                0x0000000008003260       0x4c ./Drivers/BSP/Components/lsm6dsl/lsm6dsl_reg.o
                0x0000000008003260                lsm6dsl_block_data_update_set
 .text.lsm6dsl_angular_rate_raw_get
                0x00000000080032ac       0x96 ./Drivers/BSP/Components/lsm6dsl/lsm6dsl_reg.o
                0x00000000080032ac                lsm6dsl_angular_rate_raw_get
 .text.lsm6dsl_device_id_get
                0x0000000008003342       0x22 ./Drivers/BSP/Components/lsm6dsl/lsm6dsl_reg.o
                0x0000000008003342                lsm6dsl_device_id_get
 .text.lsm6dsl_auto_increment_set
                0x0000000008003364       0x4c ./Drivers/BSP/Components/lsm6dsl/lsm6dsl_reg.o
                0x0000000008003364                lsm6dsl_auto_increment_set
 .text.lsm6dsl_pin_int1_route_set
                0x00000000080033b0      0x2c6 ./Drivers/BSP/Components/lsm6dsl/lsm6dsl_reg.o
                0x00000000080033b0                lsm6dsl_pin_int1_route_set
 .text.lsm6dsl_pin_int1_route_get
                0x0000000008003676      0x1ac ./Drivers/BSP/Components/lsm6dsl/lsm6dsl_reg.o
                0x0000000008003676                lsm6dsl_pin_int1_route_get
 .text.lsm6dsl_fifo_mode_set
                0x0000000008003822       0x4c ./Drivers/BSP/Components/lsm6dsl/lsm6dsl_reg.o
                0x0000000008003822                lsm6dsl_fifo_mode_set
 .text.HAL_Init
                0x000000000800386e       0x30 ./Drivers/STM32L4xx_HAL_Driver/Src/stm32l4xx_hal.o
                0x000000000800386e                HAL_Init
 *fill*         0x000000000800389e        0x2 
 .text.HAL_InitTick
                0x00000000080038a0       0x78 ./Drivers/STM32L4xx_HAL_Driver/Src/stm32l4xx_hal.o
                0x00000000080038a0                HAL_InitTick
 .text.HAL_IncTick
                0x0000000008003918       0x28 ./Drivers/STM32L4xx_HAL_Driver/Src/stm32l4xx_hal.o
                0x0000000008003918                HAL_IncTick
 .text.HAL_GetTick
                0x0000000008003940       0x18 ./Drivers/STM32L4xx_HAL_Driver/Src/stm32l4xx_hal.o
                0x0000000008003940                HAL_GetTick
 .text.HAL_Delay
                0x0000000008003958       0x48 ./Drivers/STM32L4xx_HAL_Driver/Src/stm32l4xx_hal.o
                0x0000000008003958                HAL_Delay
 .text.LL_ADC_SetCommonClock
                0x00000000080039a0       0x26 ./Drivers/STM32L4xx_HAL_Driver/Src/stm32l4xx_hal_adc.o
 .text.LL_ADC_SetCommonPathInternalCh
                0x00000000080039c6       0x26 ./Drivers/STM32L4xx_HAL_Driver/Src/stm32l4xx_hal_adc.o
 .text.LL_ADC_GetCommonPathInternalCh
                0x00000000080039ec       0x1c ./Drivers/STM32L4xx_HAL_Driver/Src/stm32l4xx_hal_adc.o
 .text.LL_ADC_SetOffset
                0x0000000008003a08       0x48 ./Drivers/STM32L4xx_HAL_Driver/Src/stm32l4xx_hal_adc.o
 .text.LL_ADC_GetOffsetChannel
                0x0000000008003a50       0x2c ./Drivers/STM32L4xx_HAL_Driver/Src/stm32l4xx_hal_adc.o
 .text.LL_ADC_SetOffsetState
                0x0000000008003a7c       0x36 ./Drivers/STM32L4xx_HAL_Driver/Src/stm32l4xx_hal_adc.o
 .text.LL_ADC_SetSamplingTimeCommonConfig
                0x0000000008003ab2       0x26 ./Drivers/STM32L4xx_HAL_Driver/Src/stm32l4xx_hal_adc.o
 .text.LL_ADC_REG_SetSequencerRanks
                0x0000000008003ad8       0x58 ./Drivers/STM32L4xx_HAL_Driver/Src/stm32l4xx_hal_adc.o
 .text.LL_ADC_SetChannelSamplingTime
                0x0000000008003b30       0x56 ./Drivers/STM32L4xx_HAL_Driver/Src/stm32l4xx_hal_adc.o
 *fill*         0x0000000008003b86        0x2 
 .text.LL_ADC_SetChannelSingleDiff
                0x0000000008003b88       0x48 ./Drivers/STM32L4xx_HAL_Driver/Src/stm32l4xx_hal_adc.o
 .text.LL_ADC_DisableDeepPowerDown
                0x0000000008003bd0       0x24 ./Drivers/STM32L4xx_HAL_Driver/Src/stm32l4xx_hal_adc.o
 .text.LL_ADC_IsDeepPowerDownEnabled
                0x0000000008003bf4       0x28 ./Drivers/STM32L4xx_HAL_Driver/Src/stm32l4xx_hal_adc.o
 .text.LL_ADC_EnableInternalRegulator
                0x0000000008003c1c       0x28 ./Drivers/STM32L4xx_HAL_Driver/Src/stm32l4xx_hal_adc.o
 .text.LL_ADC_IsInternalRegulatorEnabled
                0x0000000008003c44       0x28 ./Drivers/STM32L4xx_HAL_Driver/Src/stm32l4xx_hal_adc.o
 .text.LL_ADC_IsEnabled
                0x0000000008003c6c       0x26 ./Drivers/STM32L4xx_HAL_Driver/Src/stm32l4xx_hal_adc.o
 .text.LL_ADC_REG_IsConversionOngoing
                0x0000000008003c92       0x26 ./Drivers/STM32L4xx_HAL_Driver/Src/stm32l4xx_hal_adc.o
 .text.LL_ADC_INJ_IsConversionOngoing
                0x0000000008003cb8       0x26 ./Drivers/STM32L4xx_HAL_Driver/Src/stm32l4xx_hal_adc.o
 *fill*         0x0000000008003cde        0x2 
 .text.HAL_ADC_Init
                0x0000000008003ce0      0x298 ./Drivers/STM32L4xx_HAL_Driver/Src/stm32l4xx_hal_adc.o
                0x0000000008003ce0                HAL_ADC_Init
 .text.HAL_ADC_ConfigChannel
                0x0000000008003f78      0x7f8 ./Drivers/STM32L4xx_HAL_Driver/Src/stm32l4xx_hal_adc.o
                0x0000000008003f78                HAL_ADC_ConfigChannel
 .text.__NVIC_SetPriorityGrouping
                0x0000000008004770       0x48 ./Drivers/STM32L4xx_HAL_Driver/Src/stm32l4xx_hal_cortex.o
 .text.__NVIC_GetPriorityGrouping
                0x00000000080047b8       0x1c ./Drivers/STM32L4xx_HAL_Driver/Src/stm32l4xx_hal_cortex.o
 .text.__NVIC_EnableIRQ
                0x00000000080047d4       0x3c ./Drivers/STM32L4xx_HAL_Driver/Src/stm32l4xx_hal_cortex.o
 .text.__NVIC_DisableIRQ
                0x0000000008004810       0x48 ./Drivers/STM32L4xx_HAL_Driver/Src/stm32l4xx_hal_cortex.o
 .text.__NVIC_SetPriority
                0x0000000008004858       0x54 ./Drivers/STM32L4xx_HAL_Driver/Src/stm32l4xx_hal_cortex.o
 .text.NVIC_EncodePriority
                0x00000000080048ac       0x66 ./Drivers/STM32L4xx_HAL_Driver/Src/stm32l4xx_hal_cortex.o
 *fill*         0x0000000008004912        0x2 
 .text.SysTick_Config
                0x0000000008004914       0x44 ./Drivers/STM32L4xx_HAL_Driver/Src/stm32l4xx_hal_cortex.o
 .text.HAL_NVIC_SetPriorityGrouping
                0x0000000008004958       0x16 ./Drivers/STM32L4xx_HAL_Driver/Src/stm32l4xx_hal_cortex.o
                0x0000000008004958                HAL_NVIC_SetPriorityGrouping
 .text.HAL_NVIC_SetPriority
                0x000000000800496e       0x38 ./Drivers/STM32L4xx_HAL_Driver/Src/stm32l4xx_hal_cortex.o
                0x000000000800496e                HAL_NVIC_SetPriority
 .text.HAL_NVIC_EnableIRQ
                0x00000000080049a6       0x1c ./Drivers/STM32L4xx_HAL_Driver/Src/stm32l4xx_hal_cortex.o
                0x00000000080049a6                HAL_NVIC_EnableIRQ
 .text.HAL_NVIC_DisableIRQ
                0x00000000080049c2       0x1c ./Drivers/STM32L4xx_HAL_Driver/Src/stm32l4xx_hal_cortex.o
                0x00000000080049c2                HAL_NVIC_DisableIRQ
 .text.HAL_SYSTICK_Config
                0x00000000080049de       0x18 ./Drivers/STM32L4xx_HAL_Driver/Src/stm32l4xx_hal_cortex.o
                0x00000000080049de                HAL_SYSTICK_Config
 *fill*         0x00000000080049f6        0x2 
 .text.HAL_DFSDM_ChannelInit
                0x00000000080049f8      0x180 ./Drivers/STM32L4xx_HAL_Driver/Src/stm32l4xx_hal_dfsdm.o
                0x00000000080049f8                HAL_DFSDM_ChannelInit
 .text.DFSDM_GetChannelFromInstance
                0x0000000008004b78       0x98 ./Drivers/STM32L4xx_HAL_Driver/Src/stm32l4xx_hal_dfsdm.o
 .text.HAL_EXTI_RegisterCallback
                0x0000000008004c10       0x34 ./Drivers/STM32L4xx_HAL_Driver/Src/stm32l4xx_hal_exti.o
                0x0000000008004c10                HAL_EXTI_RegisterCallback
 .text.HAL_EXTI_GetHandle
                0x0000000008004c44       0x28 ./Drivers/STM32L4xx_HAL_Driver/Src/stm32l4xx_hal_exti.o
                0x0000000008004c44                HAL_EXTI_GetHandle
 .text.HAL_EXTI_IRQHandler
                0x0000000008004c6c       0x60 ./Drivers/STM32L4xx_HAL_Driver/Src/stm32l4xx_hal_exti.o
                0x0000000008004c6c                HAL_EXTI_IRQHandler
 .text.HAL_GPIO_Init
                0x0000000008004ccc      0x324 ./Drivers/STM32L4xx_HAL_Driver/Src/stm32l4xx_hal_gpio.o
                0x0000000008004ccc                HAL_GPIO_Init
 .text.HAL_GPIO_DeInit
                0x0000000008004ff0      0x1e4 ./Drivers/STM32L4xx_HAL_Driver/Src/stm32l4xx_hal_gpio.o
                0x0000000008004ff0                HAL_GPIO_DeInit
 .text.HAL_GPIO_ReadPin
                0x00000000080051d4       0x30 ./Drivers/STM32L4xx_HAL_Driver/Src/stm32l4xx_hal_gpio.o
                0x00000000080051d4                HAL_GPIO_ReadPin
 .text.HAL_GPIO_WritePin
                0x0000000008005204       0x30 ./Drivers/STM32L4xx_HAL_Driver/Src/stm32l4xx_hal_gpio.o
                0x0000000008005204                HAL_GPIO_WritePin
 .text.HAL_GPIO_EXTI_IRQHandler
                0x0000000008005234       0x30 ./Drivers/STM32L4xx_HAL_Driver/Src/stm32l4xx_hal_gpio.o
                0x0000000008005234                HAL_GPIO_EXTI_IRQHandler
 .text.HAL_I2C_Init
                0x0000000008005264      0x11e ./Drivers/STM32L4xx_HAL_Driver/Src/stm32l4xx_hal_i2c.o
                0x0000000008005264                HAL_I2C_Init
 .text.HAL_I2C_DeInit
                0x0000000008005382       0x5e ./Drivers/STM32L4xx_HAL_Driver/Src/stm32l4xx_hal_i2c.o
                0x0000000008005382                HAL_I2C_DeInit
 .text.HAL_I2C_Mem_Write
                0x00000000080053e0      0x228 ./Drivers/STM32L4xx_HAL_Driver/Src/stm32l4xx_hal_i2c.o
                0x00000000080053e0                HAL_I2C_Mem_Write
 .text.HAL_I2C_Mem_Read
                0x0000000008005608      0x234 ./Drivers/STM32L4xx_HAL_Driver/Src/stm32l4xx_hal_i2c.o
                0x0000000008005608                HAL_I2C_Mem_Read
 .text.HAL_I2C_GetState
                0x000000000800583c       0x1c ./Drivers/STM32L4xx_HAL_Driver/Src/stm32l4xx_hal_i2c.o
                0x000000000800583c                HAL_I2C_GetState
 .text.HAL_I2C_GetError
                0x0000000008005858       0x18 ./Drivers/STM32L4xx_HAL_Driver/Src/stm32l4xx_hal_i2c.o
                0x0000000008005858                HAL_I2C_GetError
 .text.I2C_RequestMemoryWrite
                0x0000000008005870       0xa8 ./Drivers/STM32L4xx_HAL_Driver/Src/stm32l4xx_hal_i2c.o
 .text.I2C_RequestMemoryRead
                0x0000000008005918       0xa8 ./Drivers/STM32L4xx_HAL_Driver/Src/stm32l4xx_hal_i2c.o
 .text.I2C_Flush_TXDR
                0x00000000080059c0       0x48 ./Drivers/STM32L4xx_HAL_Driver/Src/stm32l4xx_hal_i2c.o
 .text.I2C_WaitOnFlagUntilTimeout
                0x0000000008005a08       0x80 ./Drivers/STM32L4xx_HAL_Driver/Src/stm32l4xx_hal_i2c.o
 .text.I2C_WaitOnTXISFlagUntilTimeout
                0x0000000008005a88       0x80 ./Drivers/STM32L4xx_HAL_Driver/Src/stm32l4xx_hal_i2c.o
 .text.I2C_WaitOnSTOPFlagUntilTimeout
                0x0000000008005b08       0x78 ./Drivers/STM32L4xx_HAL_Driver/Src/stm32l4xx_hal_i2c.o
 .text.I2C_IsErrorOccurred
                0x0000000008005b80      0x1d8 ./Drivers/STM32L4xx_HAL_Driver/Src/stm32l4xx_hal_i2c.o
 .text.I2C_TransferConfig
                0x0000000008005d58       0x64 ./Drivers/STM32L4xx_HAL_Driver/Src/stm32l4xx_hal_i2c.o
 .text.HAL_I2CEx_ConfigAnalogFilter
                0x0000000008005dbc       0x96 ./Drivers/STM32L4xx_HAL_Driver/Src/stm32l4xx_hal_i2c_ex.o
                0x0000000008005dbc                HAL_I2CEx_ConfigAnalogFilter
 .text.HAL_I2CEx_ConfigDigitalFilter
                0x0000000008005e52       0x98 ./Drivers/STM32L4xx_HAL_Driver/Src/stm32l4xx_hal_i2c_ex.o
                0x0000000008005e52                HAL_I2CEx_ConfigDigitalFilter
 *fill*         0x0000000008005eea        0x2 
 .text.HAL_OSPI_Init
                0x0000000008005eec      0x154 ./Drivers/STM32L4xx_HAL_Driver/Src/stm32l4xx_hal_ospi.o
                0x0000000008005eec                HAL_OSPI_Init
 .text.HAL_OSPI_SetTimeout
                0x0000000008006040       0x1e ./Drivers/STM32L4xx_HAL_Driver/Src/stm32l4xx_hal_ospi.o
                0x0000000008006040                HAL_OSPI_SetTimeout
 *fill*         0x000000000800605e        0x2 
 .text.HAL_OSPIM_Config
                0x0000000008006060      0x668 ./Drivers/STM32L4xx_HAL_Driver/Src/stm32l4xx_hal_ospi.o
                0x0000000008006060                HAL_OSPIM_Config
 .text.OSPI_WaitFlagStateUntilTimeout
                0x00000000080066c8       0x6e ./Drivers/STM32L4xx_HAL_Driver/Src/stm32l4xx_hal_ospi.o
 *fill*         0x0000000008006736        0x2 
 .text.OSPIM_GetConfig
                0x0000000008006738      0x160 ./Drivers/STM32L4xx_HAL_Driver/Src/stm32l4xx_hal_ospi.o
 .text.HAL_PWR_EnableBkUpAccess
                0x0000000008006898       0x20 ./Drivers/STM32L4xx_HAL_Driver/Src/stm32l4xx_hal_pwr.o
                0x0000000008006898                HAL_PWR_EnableBkUpAccess
 .text.HAL_PWREx_GetVoltageRange
                0x00000000080068b8       0x40 ./Drivers/STM32L4xx_HAL_Driver/Src/stm32l4xx_hal_pwr_ex.o
                0x00000000080068b8                HAL_PWREx_GetVoltageRange
 .text.HAL_PWREx_ControlVoltageScaling
                0x00000000080068f8      0x148 ./Drivers/STM32L4xx_HAL_Driver/Src/stm32l4xx_hal_pwr_ex.o
                0x00000000080068f8                HAL_PWREx_ControlVoltageScaling
 .text.HAL_RCC_OscConfig
                0x0000000008006a40      0x834 ./Drivers/STM32L4xx_HAL_Driver/Src/stm32l4xx_hal_rcc.o
                0x0000000008006a40                HAL_RCC_OscConfig
 .text.HAL_RCC_ClockConfig
                0x0000000008007274      0x274 ./Drivers/STM32L4xx_HAL_Driver/Src/stm32l4xx_hal_rcc.o
                0x0000000008007274                HAL_RCC_ClockConfig
 .text.HAL_RCC_GetSysClockFreq
                0x00000000080074e8      0x118 ./Drivers/STM32L4xx_HAL_Driver/Src/stm32l4xx_hal_rcc.o
                0x00000000080074e8                HAL_RCC_GetSysClockFreq
 .text.HAL_RCC_GetHCLKFreq
                0x0000000008007600       0x18 ./Drivers/STM32L4xx_HAL_Driver/Src/stm32l4xx_hal_rcc.o
                0x0000000008007600                HAL_RCC_GetHCLKFreq
 .text.HAL_RCC_GetPCLK1Freq
                0x0000000008007618       0x2c ./Drivers/STM32L4xx_HAL_Driver/Src/stm32l4xx_hal_rcc.o
                0x0000000008007618                HAL_RCC_GetPCLK1Freq
 .text.HAL_RCC_GetPCLK2Freq
                0x0000000008007644       0x2c ./Drivers/STM32L4xx_HAL_Driver/Src/stm32l4xx_hal_rcc.o
                0x0000000008007644                HAL_RCC_GetPCLK2Freq
 .text.RCC_SetFlashLatencyFromMSIRange
                0x0000000008007670       0xb4 ./Drivers/STM32L4xx_HAL_Driver/Src/stm32l4xx_hal_rcc.o
 .text.RCC_GetSysClockFreqFromPLLSource
                0x0000000008007724       0xcc ./Drivers/STM32L4xx_HAL_Driver/Src/stm32l4xx_hal_rcc.o
 .text.HAL_RCCEx_PeriphCLKConfig
                0x00000000080077f0      0x660 ./Drivers/STM32L4xx_HAL_Driver/Src/stm32l4xx_hal_rcc_ex.o
                0x00000000080077f0                HAL_RCCEx_PeriphCLKConfig
 .text.HAL_RCCEx_EnableMSIPLLMode
                0x0000000008007e50       0x20 ./Drivers/STM32L4xx_HAL_Driver/Src/stm32l4xx_hal_rcc_ex.o
                0x0000000008007e50                HAL_RCCEx_EnableMSIPLLMode
 .text.RCCEx_PLLSAI1_Config
                0x0000000008007e70      0x1e8 ./Drivers/STM32L4xx_HAL_Driver/Src/stm32l4xx_hal_rcc_ex.o
 .text.RCCEx_PLLSAI2_Config
                0x0000000008008058      0x1e8 ./Drivers/STM32L4xx_HAL_Driver/Src/stm32l4xx_hal_rcc_ex.o
 .text.HAL_SPI_Init
                0x0000000008008240      0x146 ./Drivers/STM32L4xx_HAL_Driver/Src/stm32l4xx_hal_spi.o
                0x0000000008008240                HAL_SPI_Init
 .text.HAL_SPI_TransmitReceive
                0x0000000008008386      0x426 ./Drivers/STM32L4xx_HAL_Driver/Src/stm32l4xx_hal_spi.o
                0x0000000008008386                HAL_SPI_TransmitReceive
 .text.HAL_SPI_GetState
                0x00000000080087ac       0x1c ./Drivers/STM32L4xx_HAL_Driver/Src/stm32l4xx_hal_spi.o
                0x00000000080087ac                HAL_SPI_GetState
 .text.SPI_WaitFlagStateUntilTimeout
                0x00000000080087c8      0x110 ./Drivers/STM32L4xx_HAL_Driver/Src/stm32l4xx_hal_spi.o
 .text.SPI_WaitFifoStateUntilTimeout
                0x00000000080088d8      0x12c ./Drivers/STM32L4xx_HAL_Driver/Src/stm32l4xx_hal_spi.o
 .text.SPI_EndRxTxTransaction
                0x0000000008008a04       0x8c ./Drivers/STM32L4xx_HAL_Driver/Src/stm32l4xx_hal_spi.o
 .text.HAL_UART_Init
                0x0000000008008a90       0xa0 ./Drivers/STM32L4xx_HAL_Driver/Src/stm32l4xx_hal_uart.o
                0x0000000008008a90                HAL_UART_Init
 .text.HAL_UART_Transmit
                0x0000000008008b30      0x12e ./Drivers/STM32L4xx_HAL_Driver/Src/stm32l4xx_hal_uart.o
                0x0000000008008b30                HAL_UART_Transmit
 *fill*         0x0000000008008c5e        0x2 
 .text.UART_SetConfig
                0x0000000008008c60      0x5f8 ./Drivers/STM32L4xx_HAL_Driver/Src/stm32l4xx_hal_uart.o
                0x0000000008008c60                UART_SetConfig
 .text.UART_AdvFeatureConfig
                0x0000000008009258      0x144 ./Drivers/STM32L4xx_HAL_Driver/Src/stm32l4xx_hal_uart.o
                0x0000000008009258                UART_AdvFeatureConfig
 .text.UART_CheckIdleState
                0x000000000800939c       0x96 ./Drivers/STM32L4xx_HAL_Driver/Src/stm32l4xx_hal_uart.o
                0x000000000800939c                UART_CheckIdleState
 .text.UART_WaitOnFlagUntilTimeout
                0x0000000008009432      0x190 ./Drivers/STM32L4xx_HAL_Driver/Src/stm32l4xx_hal_uart.o
                0x0000000008009432                UART_WaitOnFlagUntilTimeout
 .text.HAL_UARTEx_DisableFifoMode
                0x00000000080095c2       0x72 ./Drivers/STM32L4xx_HAL_Driver/Src/stm32l4xx_hal_uart_ex.o
                0x00000000080095c2                HAL_UARTEx_DisableFifoMode
 .text.HAL_UARTEx_SetTxFifoThreshold
                0x0000000008009634       0x7c ./Drivers/STM32L4xx_HAL_Driver/Src/stm32l4xx_hal_uart_ex.o
                0x0000000008009634                HAL_UARTEx_SetTxFifoThreshold
 .text.HAL_UARTEx_SetRxFifoThreshold
                0x00000000080096b0       0x7c ./Drivers/STM32L4xx_HAL_Driver/Src/stm32l4xx_hal_uart_ex.o
                0x00000000080096b0                HAL_UARTEx_SetRxFifoThreshold
 .text.UARTEx_SetNbDataToProcess
                0x000000000800972c       0x9c ./Drivers/STM32L4xx_HAL_Driver/Src/stm32l4xx_hal_uart_ex.o
 .text.aci_gap_init_IDB05A1
                0x00000000080097c8       0xa0 ./Middlewares/ST/BlueNRG-MS/hci/controller/bluenrg_gap_aci.o
                0x00000000080097c8                aci_gap_init_IDB05A1
 .text.aci_gap_init_IDB04A1
                0x0000000008009868       0x94 ./Middlewares/ST/BlueNRG-MS/hci/controller/bluenrg_gap_aci.o
                0x0000000008009868                aci_gap_init_IDB04A1
 .text.aci_gap_set_discoverable
                0x00000000080098fc      0x1d4 ./Middlewares/ST/BlueNRG-MS/hci/controller/bluenrg_gap_aci.o
                0x00000000080098fc                aci_gap_set_discoverable
 .text.aci_gap_set_auth_requirement
                0x0000000008009ad0       0xae ./Middlewares/ST/BlueNRG-MS/hci/controller/bluenrg_gap_aci.o
                0x0000000008009ad0                aci_gap_set_auth_requirement
 .text.aci_gap_create_connection
                0x0000000008009b7e       0xa8 ./Middlewares/ST/BlueNRG-MS/hci/controller/bluenrg_gap_aci.o
                0x0000000008009b7e                aci_gap_create_connection
 .text.aci_gatt_init
                0x0000000008009c26       0x46 ./Middlewares/ST/BlueNRG-MS/hci/controller/bluenrg_gatt_aci.o
                0x0000000008009c26                aci_gatt_init
 .text.aci_gatt_add_serv
                0x0000000008009c6c      0x112 ./Middlewares/ST/BlueNRG-MS/hci/controller/bluenrg_gatt_aci.o
                0x0000000008009c6c                aci_gatt_add_serv
 .text.aci_gatt_add_char
                0x0000000008009d7e      0x196 ./Middlewares/ST/BlueNRG-MS/hci/controller/bluenrg_gatt_aci.o
                0x0000000008009d7e                aci_gatt_add_char
 .text.aci_gatt_update_char_value
                0x0000000008009f14      0x120 ./Middlewares/ST/BlueNRG-MS/hci/controller/bluenrg_gatt_aci.o
                0x0000000008009f14                aci_gatt_update_char_value
 .text.aci_gatt_disc_charac_by_uuid
                0x000000000800a034      0x11c ./Middlewares/ST/BlueNRG-MS/hci/controller/bluenrg_gatt_aci.o
                0x000000000800a034                aci_gatt_disc_charac_by_uuid
 .text.aci_gatt_write_charac_descriptor
                0x000000000800a150       0xf6 ./Middlewares/ST/BlueNRG-MS/hci/controller/bluenrg_gatt_aci.o
                0x000000000800a150                aci_gatt_write_charac_descriptor
 .text.aci_gatt_write_without_response
                0x000000000800a246       0x8a ./Middlewares/ST/BlueNRG-MS/hci/controller/bluenrg_gatt_aci.o
                0x000000000800a246                aci_gatt_write_without_response
 .text.aci_hal_write_config_data
                0x000000000800a2d0       0xca ./Middlewares/ST/BlueNRG-MS/hci/controller/bluenrg_hal_aci.o
                0x000000000800a2d0                aci_hal_write_config_data
 .text.aci_hal_set_tx_power_level
                0x000000000800a39a       0x62 ./Middlewares/ST/BlueNRG-MS/hci/controller/bluenrg_hal_aci.o
                0x000000000800a39a                aci_hal_set_tx_power_level
 .text.getBlueNRGVersion
                0x000000000800a3fc       0x88 ./Middlewares/ST/BlueNRG-MS/hci/controller/bluenrg_utils_small.o
                0x000000000800a3fc                getBlueNRGVersion
 .text.hci_reset
                0x000000000800a484       0x44 ./Middlewares/ST/BlueNRG-MS/hci/hci_le.o
                0x000000000800a484                hci_reset
 .text.hci_le_read_local_version
                0x000000000800a4c8       0x94 ./Middlewares/ST/BlueNRG-MS/hci/hci_le.o
                0x000000000800a4c8                hci_le_read_local_version
 .text.hci_le_set_scan_resp_data
                0x000000000800a55c       0x82 ./Middlewares/ST/BlueNRG-MS/hci/hci_le.o
                0x000000000800a55c                hci_le_set_scan_resp_data
 .text.verify_packet
                0x000000000800a5de       0x40 ./Middlewares/ST/BlueNRG-MS/hci/hci_tl_patterns/Basic/hci_tl.o
 *fill*         0x000000000800a61e        0x2 
 .text.send_cmd
                0x000000000800a620       0x80 ./Middlewares/ST/BlueNRG-MS/hci/hci_tl_patterns/Basic/hci_tl.o
 .text.move_list
                0x000000000800a6a0       0x38 ./Middlewares/ST/BlueNRG-MS/hci/hci_tl_patterns/Basic/hci_tl.o
 .text.free_event_list
                0x000000000800a6d8       0x3c ./Middlewares/ST/BlueNRG-MS/hci/hci_tl_patterns/Basic/hci_tl.o
 .text.hci_init
                0x000000000800a714       0x84 ./Middlewares/ST/BlueNRG-MS/hci/hci_tl_patterns/Basic/hci_tl.o
                0x000000000800a714                hci_init
 .text.hci_register_io_bus
                0x000000000800a798       0x40 ./Middlewares/ST/BlueNRG-MS/hci/hci_tl_patterns/Basic/hci_tl.o
                0x000000000800a798                hci_register_io_bus
 .text.hci_send_req
                0x000000000800a7d8      0x234 ./Middlewares/ST/BlueNRG-MS/hci/hci_tl_patterns/Basic/hci_tl.o
                0x000000000800a7d8                hci_send_req
 .text.hci_user_evt_proc
                0x000000000800aa0c       0x58 ./Middlewares/ST/BlueNRG-MS/hci/hci_tl_patterns/Basic/hci_tl.o
                0x000000000800aa0c                hci_user_evt_proc
 .text.hci_notify_asynch_evt
                0x000000000800aa64       0x9c ./Middlewares/ST/BlueNRG-MS/hci/hci_tl_patterns/Basic/hci_tl.o
                0x000000000800aa64                hci_notify_asynch_evt
 .text.list_init_head
                0x000000000800ab00       0x20 ./Middlewares/ST/BlueNRG-MS/utils/ble_list.o
                0x000000000800ab00                list_init_head
 .text.list_is_empty
                0x000000000800ab20       0x44 ./Middlewares/ST/BlueNRG-MS/utils/ble_list.o
                0x000000000800ab20                list_is_empty
 .text.list_insert_head
                0x000000000800ab64       0x4c ./Middlewares/ST/BlueNRG-MS/utils/ble_list.o
                0x000000000800ab64                list_insert_head
 .text.list_insert_tail
                0x000000000800abb0       0x4c ./Middlewares/ST/BlueNRG-MS/utils/ble_list.o
                0x000000000800abb0                list_insert_tail
 .text.list_remove_node
                0x000000000800abfc       0x42 ./Middlewares/ST/BlueNRG-MS/utils/ble_list.o
                0x000000000800abfc                list_remove_node
 .text.list_remove_head
                0x000000000800ac3e       0x4e ./Middlewares/ST/BlueNRG-MS/utils/ble_list.o
                0x000000000800ac3e                list_remove_head
 .text.list_remove_tail
                0x000000000800ac8c       0x4e ./Middlewares/ST/BlueNRG-MS/utils/ble_list.o
                0x000000000800ac8c                list_remove_tail
 .text.list_get_size
                0x000000000800acda       0x50 ./Middlewares/ST/BlueNRG-MS/utils/ble_list.o
                0x000000000800acda                list_get_size
 *fill*         0x000000000800ad2a        0x2 
 .text.__errno  0x000000000800ad2c        0xc c:/st/stm32cubeide_1.11.0/stm32cubeide/plugins/com.st.stm32cube.ide.mcu.externaltools.gnu-tools-for-stm32.10.3-2021.10.win32_1.0.100.202210260954/tools/bin/../lib/gcc/arm-none-eabi/10.3.1/../../../../arm-none-eabi/lib/thumb/v7e-m+fp/hard\libc_nano.a(lib_a-errno.o)
                0x000000000800ad2c                __errno
 .text.__sflush_r
                0x000000000800ad38      0x10c c:/st/stm32cubeide_1.11.0/stm32cubeide/plugins/com.st.stm32cube.ide.mcu.externaltools.gnu-tools-for-stm32.10.3-2021.10.win32_1.0.100.202210260954/tools/bin/../lib/gcc/arm-none-eabi/10.3.1/../../../../arm-none-eabi/lib/thumb/v7e-m+fp/hard\libc_nano.a(lib_a-fflush.o)
                0x000000000800ad38                __sflush_r
 .text._fflush_r
                0x000000000800ae44       0x78 c:/st/stm32cubeide_1.11.0/stm32cubeide/plugins/com.st.stm32cube.ide.mcu.externaltools.gnu-tools-for-stm32.10.3-2021.10.win32_1.0.100.202210260954/tools/bin/../lib/gcc/arm-none-eabi/10.3.1/../../../../arm-none-eabi/lib/thumb/v7e-m+fp/hard\libc_nano.a(lib_a-fflush.o)
                0x000000000800ae44                _fflush_r
 .text.fflush   0x000000000800aebc       0x24 c:/st/stm32cubeide_1.11.0/stm32cubeide/plugins/com.st.stm32cube.ide.mcu.externaltools.gnu-tools-for-stm32.10.3-2021.10.win32_1.0.100.202210260954/tools/bin/../lib/gcc/arm-none-eabi/10.3.1/../../../../arm-none-eabi/lib/thumb/v7e-m+fp/hard\libc_nano.a(lib_a-fflush.o)
                0x000000000800aebc                fflush
 .text.std      0x000000000800aee0       0x48 c:/st/stm32cubeide_1.11.0/stm32cubeide/plugins/com.st.stm32cube.ide.mcu.externaltools.gnu-tools-for-stm32.10.3-2021.10.win32_1.0.100.202210260954/tools/bin/../lib/gcc/arm-none-eabi/10.3.1/../../../../arm-none-eabi/lib/thumb/v7e-m+fp/hard\libc_nano.a(lib_a-findfp.o)
 .text._cleanup_r
                0x000000000800af28        0xc c:/st/stm32cubeide_1.11.0/stm32cubeide/plugins/com.st.stm32cube.ide.mcu.externaltools.gnu-tools-for-stm32.10.3-2021.10.win32_1.0.100.202210260954/tools/bin/../lib/gcc/arm-none-eabi/10.3.1/../../../../arm-none-eabi/lib/thumb/v7e-m+fp/hard\libc_nano.a(lib_a-findfp.o)
                0x000000000800af28                _cleanup_r
 .text.__sfmoreglue
                0x000000000800af34       0x2c c:/st/stm32cubeide_1.11.0/stm32cubeide/plugins/com.st.stm32cube.ide.mcu.externaltools.gnu-tools-for-stm32.10.3-2021.10.win32_1.0.100.202210260954/tools/bin/../lib/gcc/arm-none-eabi/10.3.1/../../../../arm-none-eabi/lib/thumb/v7e-m+fp/hard\libc_nano.a(lib_a-findfp.o)
                0x000000000800af34                __sfmoreglue
 .text.__sfp_lock_acquire
                0x000000000800af60        0xc c:/st/stm32cubeide_1.11.0/stm32cubeide/plugins/com.st.stm32cube.ide.mcu.externaltools.gnu-tools-for-stm32.10.3-2021.10.win32_1.0.100.202210260954/tools/bin/../lib/gcc/arm-none-eabi/10.3.1/../../../../arm-none-eabi/lib/thumb/v7e-m+fp/hard\libc_nano.a(lib_a-findfp.o)
                0x000000000800af60                __sfp_lock_acquire
 .text.__sfp_lock_release
                0x000000000800af6c        0xc c:/st/stm32cubeide_1.11.0/stm32cubeide/plugins/com.st.stm32cube.ide.mcu.externaltools.gnu-tools-for-stm32.10.3-2021.10.win32_1.0.100.202210260954/tools/bin/../lib/gcc/arm-none-eabi/10.3.1/../../../../arm-none-eabi/lib/thumb/v7e-m+fp/hard\libc_nano.a(lib_a-findfp.o)
                0x000000000800af6c                __sfp_lock_release
 .text.__sinit_lock_acquire
                0x000000000800af78        0xc c:/st/stm32cubeide_1.11.0/stm32cubeide/plugins/com.st.stm32cube.ide.mcu.externaltools.gnu-tools-for-stm32.10.3-2021.10.win32_1.0.100.202210260954/tools/bin/../lib/gcc/arm-none-eabi/10.3.1/../../../../arm-none-eabi/lib/thumb/v7e-m+fp/hard\libc_nano.a(lib_a-findfp.o)
                0x000000000800af78                __sinit_lock_acquire
 .text.__sinit_lock_release
                0x000000000800af84        0xc c:/st/stm32cubeide_1.11.0/stm32cubeide/plugins/com.st.stm32cube.ide.mcu.externaltools.gnu-tools-for-stm32.10.3-2021.10.win32_1.0.100.202210260954/tools/bin/../lib/gcc/arm-none-eabi/10.3.1/../../../../arm-none-eabi/lib/thumb/v7e-m+fp/hard\libc_nano.a(lib_a-findfp.o)
                0x000000000800af84                __sinit_lock_release
 .text.__sinit  0x000000000800af90       0x70 c:/st/stm32cubeide_1.11.0/stm32cubeide/plugins/com.st.stm32cube.ide.mcu.externaltools.gnu-tools-for-stm32.10.3-2021.10.win32_1.0.100.202210260954/tools/bin/../lib/gcc/arm-none-eabi/10.3.1/../../../../arm-none-eabi/lib/thumb/v7e-m+fp/hard\libc_nano.a(lib_a-findfp.o)
                0x000000000800af90                __sinit
 .text.__sfp    0x000000000800b000       0x8c c:/st/stm32cubeide_1.11.0/stm32cubeide/plugins/com.st.stm32cube.ide.mcu.externaltools.gnu-tools-for-stm32.10.3-2021.10.win32_1.0.100.202210260954/tools/bin/../lib/gcc/arm-none-eabi/10.3.1/../../../../arm-none-eabi/lib/thumb/v7e-m+fp/hard\libc_nano.a(lib_a-findfp.o)
                0x000000000800b000                __sfp
 .text._fwalk_reent
                0x000000000800b08c       0x3e c:/st/stm32cubeide_1.11.0/stm32cubeide/plugins/com.st.stm32cube.ide.mcu.externaltools.gnu-tools-for-stm32.10.3-2021.10.win32_1.0.100.202210260954/tools/bin/../lib/gcc/arm-none-eabi/10.3.1/../../../../arm-none-eabi/lib/thumb/v7e-m+fp/hard\libc_nano.a(lib_a-fwalk.o)
                0x000000000800b08c                _fwalk_reent
 *fill*         0x000000000800b0ca        0x2 
 .text.__libc_init_array
                0x000000000800b0cc       0x48 c:/st/stm32cubeide_1.11.0/stm32cubeide/plugins/com.st.stm32cube.ide.mcu.externaltools.gnu-tools-for-stm32.10.3-2021.10.win32_1.0.100.202210260954/tools/bin/../lib/gcc/arm-none-eabi/10.3.1/../../../../arm-none-eabi/lib/thumb/v7e-m+fp/hard\libc_nano.a(lib_a-init.o)
                0x000000000800b0cc                __libc_init_array
 .text.__retarget_lock_init_recursive
                0x000000000800b114        0x2 c:/st/stm32cubeide_1.11.0/stm32cubeide/plugins/com.st.stm32cube.ide.mcu.externaltools.gnu-tools-for-stm32.10.3-2021.10.win32_1.0.100.202210260954/tools/bin/../lib/gcc/arm-none-eabi/10.3.1/../../../../arm-none-eabi/lib/thumb/v7e-m+fp/hard\libc_nano.a(lib_a-lock.o)
                0x000000000800b114                __retarget_lock_init_recursive
 .text.__retarget_lock_acquire_recursive
                0x000000000800b116        0x2 c:/st/stm32cubeide_1.11.0/stm32cubeide/plugins/com.st.stm32cube.ide.mcu.externaltools.gnu-tools-for-stm32.10.3-2021.10.win32_1.0.100.202210260954/tools/bin/../lib/gcc/arm-none-eabi/10.3.1/../../../../arm-none-eabi/lib/thumb/v7e-m+fp/hard\libc_nano.a(lib_a-lock.o)
                0x000000000800b116                __retarget_lock_acquire_recursive
 .text.__retarget_lock_release_recursive
                0x000000000800b118        0x2 c:/st/stm32cubeide_1.11.0/stm32cubeide/plugins/com.st.stm32cube.ide.mcu.externaltools.gnu-tools-for-stm32.10.3-2021.10.win32_1.0.100.202210260954/tools/bin/../lib/gcc/arm-none-eabi/10.3.1/../../../../arm-none-eabi/lib/thumb/v7e-m+fp/hard\libc_nano.a(lib_a-lock.o)
                0x000000000800b118                __retarget_lock_release_recursive
 .text.memcpy   0x000000000800b11a       0x1c c:/st/stm32cubeide_1.11.0/stm32cubeide/plugins/com.st.stm32cube.ide.mcu.externaltools.gnu-tools-for-stm32.10.3-2021.10.win32_1.0.100.202210260954/tools/bin/../lib/gcc/arm-none-eabi/10.3.1/../../../../arm-none-eabi/lib/thumb/v7e-m+fp/hard\libc_nano.a(lib_a-memcpy-stub.o)
                0x000000000800b11a                memcpy
 .text.memset   0x000000000800b136       0x10 c:/st/stm32cubeide_1.11.0/stm32cubeide/plugins/com.st.stm32cube.ide.mcu.externaltools.gnu-tools-for-stm32.10.3-2021.10.win32_1.0.100.202210260954/tools/bin/../lib/gcc/arm-none-eabi/10.3.1/../../../../arm-none-eabi/lib/thumb/v7e-m+fp/hard\libc_nano.a(lib_a-memset.o)
                0x000000000800b136                memset
 *fill*         0x000000000800b146        0x2 
 .text._free_r  0x000000000800b148       0x98 c:/st/stm32cubeide_1.11.0/stm32cubeide/plugins/com.st.stm32cube.ide.mcu.externaltools.gnu-tools-for-stm32.10.3-2021.10.win32_1.0.100.202210260954/tools/bin/../lib/gcc/arm-none-eabi/10.3.1/../../../../arm-none-eabi/lib/thumb/v7e-m+fp/hard\libc_nano.a(lib_a-nano-freer.o)
                0x000000000800b148                _free_r
 .text.sbrk_aligned
                0x000000000800b1e0       0x40 c:/st/stm32cubeide_1.11.0/stm32cubeide/plugins/com.st.stm32cube.ide.mcu.externaltools.gnu-tools-for-stm32.10.3-2021.10.win32_1.0.100.202210260954/tools/bin/../lib/gcc/arm-none-eabi/10.3.1/../../../../arm-none-eabi/lib/thumb/v7e-m+fp/hard\libc_nano.a(lib_a-nano-mallocr.o)
 .text._malloc_r
                0x000000000800b220       0xe8 c:/st/stm32cubeide_1.11.0/stm32cubeide/plugins/com.st.stm32cube.ide.mcu.externaltools.gnu-tools-for-stm32.10.3-2021.10.win32_1.0.100.202210260954/tools/bin/../lib/gcc/arm-none-eabi/10.3.1/../../../../arm-none-eabi/lib/thumb/v7e-m+fp/hard\libc_nano.a(lib_a-nano-mallocr.o)
                0x000000000800b220                _malloc_r
 .text.printf   0x000000000800b308       0x30 c:/st/stm32cubeide_1.11.0/stm32cubeide/plugins/com.st.stm32cube.ide.mcu.externaltools.gnu-tools-for-stm32.10.3-2021.10.win32_1.0.100.202210260954/tools/bin/../lib/gcc/arm-none-eabi/10.3.1/../../../../arm-none-eabi/lib/thumb/v7e-m+fp/hard\libc_nano.a(lib_a-printf.o)
                0x000000000800b308                iprintf
                0x000000000800b308                printf
 .text.putchar  0x000000000800b338       0x2c c:/st/stm32cubeide_1.11.0/stm32cubeide/plugins/com.st.stm32cube.ide.mcu.externaltools.gnu-tools-for-stm32.10.3-2021.10.win32_1.0.100.202210260954/tools/bin/../lib/gcc/arm-none-eabi/10.3.1/../../../../arm-none-eabi/lib/thumb/v7e-m+fp/hard\libc_nano.a(lib_a-putchar.o)
                0x000000000800b338                putchar
 .text._puts_r  0x000000000800b364       0xdc c:/st/stm32cubeide_1.11.0/stm32cubeide/plugins/com.st.stm32cube.ide.mcu.externaltools.gnu-tools-for-stm32.10.3-2021.10.win32_1.0.100.202210260954/tools/bin/../lib/gcc/arm-none-eabi/10.3.1/../../../../arm-none-eabi/lib/thumb/v7e-m+fp/hard\libc_nano.a(lib_a-puts.o)
                0x000000000800b364                _puts_r
 .text.puts     0x000000000800b440       0x10 c:/st/stm32cubeide_1.11.0/stm32cubeide/plugins/com.st.stm32cube.ide.mcu.externaltools.gnu-tools-for-stm32.10.3-2021.10.win32_1.0.100.202210260954/tools/bin/../lib/gcc/arm-none-eabi/10.3.1/../../../../arm-none-eabi/lib/thumb/v7e-m+fp/hard\libc_nano.a(lib_a-puts.o)
                0x000000000800b440                puts
 .text._sbrk_r  0x000000000800b450       0x20 c:/st/stm32cubeide_1.11.0/stm32cubeide/plugins/com.st.stm32cube.ide.mcu.externaltools.gnu-tools-for-stm32.10.3-2021.10.win32_1.0.100.202210260954/tools/bin/../lib/gcc/arm-none-eabi/10.3.1/../../../../arm-none-eabi/lib/thumb/v7e-m+fp/hard\libc_nano.a(lib_a-sbrkr.o)
                0x000000000800b450                _sbrk_r
 .text.__sread  0x000000000800b470       0x22 c:/st/stm32cubeide_1.11.0/stm32cubeide/plugins/com.st.stm32cube.ide.mcu.externaltools.gnu-tools-for-stm32.10.3-2021.10.win32_1.0.100.202210260954/tools/bin/../lib/gcc/arm-none-eabi/10.3.1/../../../../arm-none-eabi/lib/thumb/v7e-m+fp/hard\libc_nano.a(lib_a-stdio.o)
                0x000000000800b470                __sread
 .text.__swrite
                0x000000000800b492       0x38 c:/st/stm32cubeide_1.11.0/stm32cubeide/plugins/com.st.stm32cube.ide.mcu.externaltools.gnu-tools-for-stm32.10.3-2021.10.win32_1.0.100.202210260954/tools/bin/../lib/gcc/arm-none-eabi/10.3.1/../../../../arm-none-eabi/lib/thumb/v7e-m+fp/hard\libc_nano.a(lib_a-stdio.o)
                0x000000000800b492                __swrite
 .text.__sseek  0x000000000800b4ca       0x24 c:/st/stm32cubeide_1.11.0/stm32cubeide/plugins/com.st.stm32cube.ide.mcu.externaltools.gnu-tools-for-stm32.10.3-2021.10.win32_1.0.100.202210260954/tools/bin/../lib/gcc/arm-none-eabi/10.3.1/../../../../arm-none-eabi/lib/thumb/v7e-m+fp/hard\libc_nano.a(lib_a-stdio.o)
                0x000000000800b4ca                __sseek
 .text.__sclose
                0x000000000800b4ee        0x8 c:/st/stm32cubeide_1.11.0/stm32cubeide/plugins/com.st.stm32cube.ide.mcu.externaltools.gnu-tools-for-stm32.10.3-2021.10.win32_1.0.100.202210260954/tools/bin/../lib/gcc/arm-none-eabi/10.3.1/../../../../arm-none-eabi/lib/thumb/v7e-m+fp/hard\libc_nano.a(lib_a-stdio.o)
                0x000000000800b4ee                __sclose
 *fill*         0x000000000800b4f6        0x2 
 .text.__swbuf_r
                0x000000000800b4f8       0xa4 c:/st/stm32cubeide_1.11.0/stm32cubeide/plugins/com.st.stm32cube.ide.mcu.externaltools.gnu-tools-for-stm32.10.3-2021.10.win32_1.0.100.202210260954/tools/bin/../lib/gcc/arm-none-eabi/10.3.1/../../../../arm-none-eabi/lib/thumb/v7e-m+fp/hard\libc_nano.a(lib_a-wbuf.o)
                0x000000000800b4f8                __swbuf_r
 .text._write_r
                0x000000000800b59c       0x24 c:/st/stm32cubeide_1.11.0/stm32cubeide/plugins/com.st.stm32cube.ide.mcu.externaltools.gnu-tools-for-stm32.10.3-2021.10.win32_1.0.100.202210260954/tools/bin/../lib/gcc/arm-none-eabi/10.3.1/../../../../arm-none-eabi/lib/thumb/v7e-m+fp/hard\libc_nano.a(lib_a-writer.o)
                0x000000000800b59c                _write_r
 .text.__swsetup_r
                0x000000000800b5c0       0xdc c:/st/stm32cubeide_1.11.0/stm32cubeide/plugins/com.st.stm32cube.ide.mcu.externaltools.gnu-tools-for-stm32.10.3-2021.10.win32_1.0.100.202210260954/tools/bin/../lib/gcc/arm-none-eabi/10.3.1/../../../../arm-none-eabi/lib/thumb/v7e-m+fp/hard\libc_nano.a(lib_a-wsetup.o)
                0x000000000800b5c0                __swsetup_r
 .text._close_r
                0x000000000800b69c       0x20 c:/st/stm32cubeide_1.11.0/stm32cubeide/plugins/com.st.stm32cube.ide.mcu.externaltools.gnu-tools-for-stm32.10.3-2021.10.win32_1.0.100.202210260954/tools/bin/../lib/gcc/arm-none-eabi/10.3.1/../../../../arm-none-eabi/lib/thumb/v7e-m+fp/hard\libc_nano.a(lib_a-closer.o)
                0x000000000800b69c                _close_r
 .text._lseek_r
                0x000000000800b6bc       0x24 c:/st/stm32cubeide_1.11.0/stm32cubeide/plugins/com.st.stm32cube.ide.mcu.externaltools.gnu-tools-for-stm32.10.3-2021.10.win32_1.0.100.202210260954/tools/bin/../lib/gcc/arm-none-eabi/10.3.1/../../../../arm-none-eabi/lib/thumb/v7e-m+fp/hard\libc_nano.a(lib_a-lseekr.o)
                0x000000000800b6bc                _lseek_r
 .text.__swhatbuf_r
                0x000000000800b6e0       0x4a c:/st/stm32cubeide_1.11.0/stm32cubeide/plugins/com.st.stm32cube.ide.mcu.externaltools.gnu-tools-for-stm32.10.3-2021.10.win32_1.0.100.202210260954/tools/bin/../lib/gcc/arm-none-eabi/10.3.1/../../../../arm-none-eabi/lib/thumb/v7e-m+fp/hard\libc_nano.a(lib_a-makebuf.o)
                0x000000000800b6e0                __swhatbuf_r
 *fill*         0x000000000800b72a        0x2 
 .text.__smakebuf_r
                0x000000000800b72c       0x80 c:/st/stm32cubeide_1.11.0/stm32cubeide/plugins/com.st.stm32cube.ide.mcu.externaltools.gnu-tools-for-stm32.10.3-2021.10.win32_1.0.100.202210260954/tools/bin/../lib/gcc/arm-none-eabi/10.3.1/../../../../arm-none-eabi/lib/thumb/v7e-m+fp/hard\libc_nano.a(lib_a-makebuf.o)
                0x000000000800b72c                __smakebuf_r
 .text.__malloc_lock
                0x000000000800b7ac        0xc c:/st/stm32cubeide_1.11.0/stm32cubeide/plugins/com.st.stm32cube.ide.mcu.externaltools.gnu-tools-for-stm32.10.3-2021.10.win32_1.0.100.202210260954/tools/bin/../lib/gcc/arm-none-eabi/10.3.1/../../../../arm-none-eabi/lib/thumb/v7e-m+fp/hard\libc_nano.a(lib_a-mlock.o)
                0x000000000800b7ac                __malloc_lock
 .text.__malloc_unlock
                0x000000000800b7b8        0xc c:/st/stm32cubeide_1.11.0/stm32cubeide/plugins/com.st.stm32cube.ide.mcu.externaltools.gnu-tools-for-stm32.10.3-2021.10.win32_1.0.100.202210260954/tools/bin/../lib/gcc/arm-none-eabi/10.3.1/../../../../arm-none-eabi/lib/thumb/v7e-m+fp/hard\libc_nano.a(lib_a-mlock.o)
                0x000000000800b7b8                __malloc_unlock
 .text.__sfputc_r
                0x000000000800b7c4       0x2e c:/st/stm32cubeide_1.11.0/stm32cubeide/plugins/com.st.stm32cube.ide.mcu.externaltools.gnu-tools-for-stm32.10.3-2021.10.win32_1.0.100.202210260954/tools/bin/../lib/gcc/arm-none-eabi/10.3.1/../../../../arm-none-eabi/lib/thumb/v7e-m+fp/hard\libc_nano.a(lib_a-nano-vfprintf.o)
 .text.__sfputs_r
                0x000000000800b7f2       0x24 c:/st/stm32cubeide_1.11.0/stm32cubeide/plugins/com.st.stm32cube.ide.mcu.externaltools.gnu-tools-for-stm32.10.3-2021.10.win32_1.0.100.202210260954/tools/bin/../lib/gcc/arm-none-eabi/10.3.1/../../../../arm-none-eabi/lib/thumb/v7e-m+fp/hard\libc_nano.a(lib_a-nano-vfprintf.o)
                0x000000000800b7f2                __sfputs_r
 *fill*         0x000000000800b816        0x2 
 .text._vfprintf_r
                0x000000000800b818      0x260 c:/st/stm32cubeide_1.11.0/stm32cubeide/plugins/com.st.stm32cube.ide.mcu.externaltools.gnu-tools-for-stm32.10.3-2021.10.win32_1.0.100.202210260954/tools/bin/../lib/gcc/arm-none-eabi/10.3.1/../../../../arm-none-eabi/lib/thumb/v7e-m+fp/hard\libc_nano.a(lib_a-nano-vfprintf.o)
                0x000000000800b818                _vfprintf_r
                0x000000000800b818                _vfiprintf_r
 .text._printf_common
                0x000000000800ba78       0xda c:/st/stm32cubeide_1.11.0/stm32cubeide/plugins/com.st.stm32cube.ide.mcu.externaltools.gnu-tools-for-stm32.10.3-2021.10.win32_1.0.100.202210260954/tools/bin/../lib/gcc/arm-none-eabi/10.3.1/../../../../arm-none-eabi/lib/thumb/v7e-m+fp/hard\libc_nano.a(lib_a-nano-vfprintf_i.o)
                0x000000000800ba78                _printf_common
 *fill*         0x000000000800bb52        0x2 
 .text._printf_i
                0x000000000800bb54      0x24c c:/st/stm32cubeide_1.11.0/stm32cubeide/plugins/com.st.stm32cube.ide.mcu.externaltools.gnu-tools-for-stm32.10.3-2021.10.win32_1.0.100.202210260954/tools/bin/../lib/gcc/arm-none-eabi/10.3.1/../../../../arm-none-eabi/lib/thumb/v7e-m+fp/hard\libc_nano.a(lib_a-nano-vfprintf_i.o)
                0x000000000800bb54                _printf_i
 .text._putc_r  0x000000000800bda0       0x90 c:/st/stm32cubeide_1.11.0/stm32cubeide/plugins/com.st.stm32cube.ide.mcu.externaltools.gnu-tools-for-stm32.10.3-2021.10.win32_1.0.100.202210260954/tools/bin/../lib/gcc/arm-none-eabi/10.3.1/../../../../arm-none-eabi/lib/thumb/v7e-m+fp/hard\libc_nano.a(lib_a-putc.o)
                0x000000000800bda0                _putc_r
 .text._read_r  0x000000000800be30       0x24 c:/st/stm32cubeide_1.11.0/stm32cubeide/plugins/com.st.stm32cube.ide.mcu.externaltools.gnu-tools-for-stm32.10.3-2021.10.win32_1.0.100.202210260954/tools/bin/../lib/gcc/arm-none-eabi/10.3.1/../../../../arm-none-eabi/lib/thumb/v7e-m+fp/hard\libc_nano.a(lib_a-readr.o)
                0x000000000800be30                _read_r
 .text._fstat_r
                0x000000000800be54       0x24 c:/st/stm32cubeide_1.11.0/stm32cubeide/plugins/com.st.stm32cube.ide.mcu.externaltools.gnu-tools-for-stm32.10.3-2021.10.win32_1.0.100.202210260954/tools/bin/../lib/gcc/arm-none-eabi/10.3.1/../../../../arm-none-eabi/lib/thumb/v7e-m+fp/hard\libc_nano.a(lib_a-fstatr.o)
                0x000000000800be54                _fstat_r
 .text._isatty_r
                0x000000000800be78       0x20 c:/st/stm32cubeide_1.11.0/stm32cubeide/plugins/com.st.stm32cube.ide.mcu.externaltools.gnu-tools-for-stm32.10.3-2021.10.win32_1.0.100.202210260954/tools/bin/../lib/gcc/arm-none-eabi/10.3.1/../../../../arm-none-eabi/lib/thumb/v7e-m+fp/hard\libc_nano.a(lib_a-isattyr.o)
                0x000000000800be78                _isatty_r
 *(.glue_7)
 .glue_7        0x000000000800be98        0x0 linker stubs
 *(.glue_7t)
 .glue_7t       0x000000000800be98        0x0 linker stubs
 *(.eh_frame)
 .eh_frame      0x000000000800be98        0x0 c:/st/stm32cubeide_1.11.0/stm32cubeide/plugins/com.st.stm32cube.ide.mcu.externaltools.gnu-tools-for-stm32.10.3-2021.10.win32_1.0.100.202210260954/tools/bin/../lib/gcc/arm-none-eabi/10.3.1/thumb/v7e-m+fp/hard/crtbegin.o
 *(.init)
 .init          0x000000000800be98        0x4 c:/st/stm32cubeide_1.11.0/stm32cubeide/plugins/com.st.stm32cube.ide.mcu.externaltools.gnu-tools-for-stm32.10.3-2021.10.win32_1.0.100.202210260954/tools/bin/../lib/gcc/arm-none-eabi/10.3.1/thumb/v7e-m+fp/hard/crti.o
                0x000000000800be98                _init
 .init          0x000000000800be9c        0x8 c:/st/stm32cubeide_1.11.0/stm32cubeide/plugins/com.st.stm32cube.ide.mcu.externaltools.gnu-tools-for-stm32.10.3-2021.10.win32_1.0.100.202210260954/tools/bin/../lib/gcc/arm-none-eabi/10.3.1/thumb/v7e-m+fp/hard/crtn.o
 *(.fini)
 .fini          0x000000000800bea4        0x4 c:/st/stm32cubeide_1.11.0/stm32cubeide/plugins/com.st.stm32cube.ide.mcu.externaltools.gnu-tools-for-stm32.10.3-2021.10.win32_1.0.100.202210260954/tools/bin/../lib/gcc/arm-none-eabi/10.3.1/thumb/v7e-m+fp/hard/crti.o
                0x000000000800bea4                _fini
 .fini          0x000000000800bea8        0x8 c:/st/stm32cubeide_1.11.0/stm32cubeide/plugins/com.st.stm32cube.ide.mcu.externaltools.gnu-tools-for-stm32.10.3-2021.10.win32_1.0.100.202210260954/tools/bin/../lib/gcc/arm-none-eabi/10.3.1/thumb/v7e-m+fp/hard/crtn.o
                0x000000000800beb0                . = ALIGN (0x4)
                0x000000000800beb0                _etext = .

.vfp11_veneer   0x000000000800beb0        0x0
 .vfp11_veneer  0x000000000800beb0        0x0 linker stubs

.v4_bx          0x000000000800beb0        0x0
 .v4_bx         0x000000000800beb0        0x0 linker stubs

.iplt           0x000000000800beb0        0x0
 .iplt          0x000000000800beb0        0x0 c:/st/stm32cubeide_1.11.0/stm32cubeide/plugins/com.st.stm32cube.ide.mcu.externaltools.gnu-tools-for-stm32.10.3-2021.10.win32_1.0.100.202210260954/tools/bin/../lib/gcc/arm-none-eabi/10.3.1/thumb/v7e-m+fp/hard/crtbegin.o

.rodata         0x000000000800beb0      0x330
                0x000000000800beb0                . = ALIGN (0x4)
 *(.rodata)
 .rodata        0x000000000800beb0        0xd ./BlueNRG-MS/Target/hci_tl_interface.o
 *fill*         0x000000000800bebd        0x3 
 .rodata        0x000000000800bec0      0x110 ./Core/Src/app_bluenrg_ms.o
 .rodata        0x000000000800bfd0      0x105 ./Core/Src/sample_service.o
 *(.rodata*)
 *fill*         0x000000000800c0d5        0x3 
 .rodata.AHBPrescTable
                0x000000000800c0d8       0x10 ./Core/Src/system_stm32l4xx.o
                0x000000000800c0d8                AHBPrescTable
 .rodata.APBPrescTable
                0x000000000800c0e8        0x8 ./Core/Src/system_stm32l4xx.o
                0x000000000800c0e8                APBPrescTable
 .rodata.MSIRangeTable
                0x000000000800c0f0       0x30 ./Core/Src/system_stm32l4xx.o
                0x000000000800c0f0                MSIRangeTable
 .rodata.UARTPrescTable
                0x000000000800c120       0x18 ./Drivers/STM32L4xx_HAL_Driver/Src/stm32l4xx_hal_uart.o
                0x000000000800c120                UARTPrescTable
 .rodata.numerator.1
                0x000000000800c138        0x8 ./Drivers/STM32L4xx_HAL_Driver/Src/stm32l4xx_hal_uart_ex.o
 .rodata.denominator.0
                0x000000000800c140        0x8 ./Drivers/STM32L4xx_HAL_Driver/Src/stm32l4xx_hal_uart_ex.o
 .rodata.__sf_fake_stderr
                0x000000000800c148       0x20 c:/st/stm32cubeide_1.11.0/stm32cubeide/plugins/com.st.stm32cube.ide.mcu.externaltools.gnu-tools-for-stm32.10.3-2021.10.win32_1.0.100.202210260954/tools/bin/../lib/gcc/arm-none-eabi/10.3.1/../../../../arm-none-eabi/lib/thumb/v7e-m+fp/hard\libc_nano.a(lib_a-findfp.o)
                0x000000000800c148                __sf_fake_stderr
 .rodata.__sf_fake_stdin
                0x000000000800c168       0x20 c:/st/stm32cubeide_1.11.0/stm32cubeide/plugins/com.st.stm32cube.ide.mcu.externaltools.gnu-tools-for-stm32.10.3-2021.10.win32_1.0.100.202210260954/tools/bin/../lib/gcc/arm-none-eabi/10.3.1/../../../../arm-none-eabi/lib/thumb/v7e-m+fp/hard\libc_nano.a(lib_a-findfp.o)
                0x000000000800c168                __sf_fake_stdin
 .rodata.__sf_fake_stdout
                0x000000000800c188       0x20 c:/st/stm32cubeide_1.11.0/stm32cubeide/plugins/com.st.stm32cube.ide.mcu.externaltools.gnu-tools-for-stm32.10.3-2021.10.win32_1.0.100.202210260954/tools/bin/../lib/gcc/arm-none-eabi/10.3.1/../../../../arm-none-eabi/lib/thumb/v7e-m+fp/hard\libc_nano.a(lib_a-findfp.o)
                0x000000000800c188                __sf_fake_stdout
 .rodata._global_impure_ptr
                0x000000000800c1a8        0x4 c:/st/stm32cubeide_1.11.0/stm32cubeide/plugins/com.st.stm32cube.ide.mcu.externaltools.gnu-tools-for-stm32.10.3-2021.10.win32_1.0.100.202210260954/tools/bin/../lib/gcc/arm-none-eabi/10.3.1/../../../../arm-none-eabi/lib/thumb/v7e-m+fp/hard\libc_nano.a(lib_a-impure.o)
                0x000000000800c1a8                _global_impure_ptr
 .rodata._vfprintf_r.str1.1
                0x000000000800c1ac       0x11 c:/st/stm32cubeide_1.11.0/stm32cubeide/plugins/com.st.stm32cube.ide.mcu.externaltools.gnu-tools-for-stm32.10.3-2021.10.win32_1.0.100.202210260954/tools/bin/../lib/gcc/arm-none-eabi/10.3.1/../../../../arm-none-eabi/lib/thumb/v7e-m+fp/hard\libc_nano.a(lib_a-nano-vfprintf.o)
 .rodata._printf_i.str1.1
                0x000000000800c1bd       0x22 c:/st/stm32cubeide_1.11.0/stm32cubeide/plugins/com.st.stm32cube.ide.mcu.externaltools.gnu-tools-for-stm32.10.3-2021.10.win32_1.0.100.202210260954/tools/bin/../lib/gcc/arm-none-eabi/10.3.1/../../../../arm-none-eabi/lib/thumb/v7e-m+fp/hard\libc_nano.a(lib_a-nano-vfprintf_i.o)
                0x000000000800c1e0                . = ALIGN (0x4)
 *fill*         0x000000000800c1df        0x1 

.ARM.extab      0x000000000800c1e0        0x0
                0x000000000800c1e0                . = ALIGN (0x4)
 *(.ARM.extab* .gnu.linkonce.armextab.*)
                0x000000000800c1e0                . = ALIGN (0x4)

.ARM            0x000000000800c1e0        0x8
                0x000000000800c1e0                . = ALIGN (0x4)
                0x000000000800c1e0                __exidx_start = .
 *(.ARM.exidx*)
 .ARM.exidx     0x000000000800c1e0        0x8 c:/st/stm32cubeide_1.11.0/stm32cubeide/plugins/com.st.stm32cube.ide.mcu.externaltools.gnu-tools-for-stm32.10.3-2021.10.win32_1.0.100.202210260954/tools/bin/../lib/gcc/arm-none-eabi/10.3.1/thumb/v7e-m+fp/hard\libgcc.a(_udivmoddi4.o)
                0x000000000800c1e8                __exidx_end = .
                0x000000000800c1e8                . = ALIGN (0x4)

.rel.dyn        0x000000000800c1e8        0x0
 .rel.iplt      0x000000000800c1e8        0x0 c:/st/stm32cubeide_1.11.0/stm32cubeide/plugins/com.st.stm32cube.ide.mcu.externaltools.gnu-tools-for-stm32.10.3-2021.10.win32_1.0.100.202210260954/tools/bin/../lib/gcc/arm-none-eabi/10.3.1/thumb/v7e-m+fp/hard/crtbegin.o

.preinit_array  0x000000000800c1e8        0x0
                0x000000000800c1e8                . = ALIGN (0x4)
                0x000000000800c1e8                PROVIDE (__preinit_array_start = .)
 *(.preinit_array*)
                0x000000000800c1e8                PROVIDE (__preinit_array_end = .)
                0x000000000800c1e8                . = ALIGN (0x4)

.init_array     0x000000000800c1e8        0x4
                0x000000000800c1e8                . = ALIGN (0x4)
                0x000000000800c1e8                PROVIDE (__init_array_start = .)
 *(SORT_BY_NAME(.init_array.*))
 *(.init_array*)
 .init_array    0x000000000800c1e8        0x4 c:/st/stm32cubeide_1.11.0/stm32cubeide/plugins/com.st.stm32cube.ide.mcu.externaltools.gnu-tools-for-stm32.10.3-2021.10.win32_1.0.100.202210260954/tools/bin/../lib/gcc/arm-none-eabi/10.3.1/thumb/v7e-m+fp/hard/crtbegin.o
                0x000000000800c1ec                PROVIDE (__init_array_end = .)
                0x000000000800c1ec                . = ALIGN (0x4)

.fini_array     0x000000000800c1ec        0x4
                0x000000000800c1ec                . = ALIGN (0x4)
                [!provide]                        PROVIDE (__fini_array_start = .)
 *(SORT_BY_NAME(.fini_array.*))
 *(.fini_array*)
 .fini_array    0x000000000800c1ec        0x4 c:/st/stm32cubeide_1.11.0/stm32cubeide/plugins/com.st.stm32cube.ide.mcu.externaltools.gnu-tools-for-stm32.10.3-2021.10.win32_1.0.100.202210260954/tools/bin/../lib/gcc/arm-none-eabi/10.3.1/thumb/v7e-m+fp/hard/crtbegin.o
                [!provide]                        PROVIDE (__fini_array_end = .)
                0x000000000800c1f0                . = ALIGN (0x4)
                0x000000000800c1f0                _sidata = LOADADDR (.data)

.data           0x0000000020000000       0x74 load address 0x000000000800c1f0
                0x0000000020000000                . = ALIGN (0x4)
                0x0000000020000000                _sdata = .
 *(.data)
 *(.data*)
 .data.BLE_Role
                0x0000000020000000        0x1 ./Core/Src/app_bluenrg_ms.o
                0x0000000020000000                BLE_Role
 .data.set_connectable
                0x0000000020000001        0x1 ./Core/Src/sample_service.o
                0x0000000020000001                set_connectable
 *fill*         0x0000000020000002        0x2 
 .data.SystemCoreClock
                0x0000000020000004        0x4 ./Core/Src/system_stm32l4xx.o
                0x0000000020000004                SystemCoreClock
 .data.uwTickPrio
                0x0000000020000008        0x4 ./Drivers/STM32L4xx_HAL_Driver/Src/stm32l4xx_hal.o
                0x0000000020000008                uwTickPrio
 .data.uwTickFreq
                0x000000002000000c        0x1 ./Drivers/STM32L4xx_HAL_Driver/Src/stm32l4xx_hal.o
                0x000000002000000c                uwTickFreq
 *fill*         0x000000002000000d        0x3 
 .data._impure_ptr
                0x0000000020000010        0x4 c:/st/stm32cubeide_1.11.0/stm32cubeide/plugins/com.st.stm32cube.ide.mcu.externaltools.gnu-tools-for-stm32.10.3-2021.10.win32_1.0.100.202210260954/tools/bin/../lib/gcc/arm-none-eabi/10.3.1/../../../../arm-none-eabi/lib/thumb/v7e-m+fp/hard\libc_nano.a(lib_a-impure.o)
                0x0000000020000010                _impure_ptr
 .data.impure_data
                0x0000000020000014       0x60 c:/st/stm32cubeide_1.11.0/stm32cubeide/plugins/com.st.stm32cube.ide.mcu.externaltools.gnu-tools-for-stm32.10.3-2021.10.win32_1.0.100.202210260954/tools/bin/../lib/gcc/arm-none-eabi/10.3.1/../../../../arm-none-eabi/lib/thumb/v7e-m+fp/hard\libc_nano.a(lib_a-impure.o)
 *(.RamFunc)
 *(.RamFunc*)
                0x0000000020000074                . = ALIGN (0x4)
                0x0000000020000074                _edata = .

.igot.plt       0x0000000020000074        0x0 load address 0x000000000800c264
 .igot.plt      0x0000000020000074        0x0 c:/st/stm32cubeide_1.11.0/stm32cubeide/plugins/com.st.stm32cube.ide.mcu.externaltools.gnu-tools-for-stm32.10.3-2021.10.win32_1.0.100.202210260954/tools/bin/../lib/gcc/arm-none-eabi/10.3.1/thumb/v7e-m+fp/hard/crtbegin.o
                0x0000000020000074                . = ALIGN (0x4)

.bss            0x0000000020000074      0x958 load address 0x000000000800c264
                0x0000000020000074                _sbss = .
                0x0000000020000074                __bss_start__ = _sbss
 *(.bss)
 .bss           0x0000000020000074       0x1c c:/st/stm32cubeide_1.11.0/stm32cubeide/plugins/com.st.stm32cube.ide.mcu.externaltools.gnu-tools-for-stm32.10.3-2021.10.win32_1.0.100.202210260954/tools/bin/../lib/gcc/arm-none-eabi/10.3.1/thumb/v7e-m+fp/hard/crtbegin.o
 *(.bss*)
 .bss.hexti6    0x0000000020000090        0x8 ./BlueNRG-MS/Target/hci_tl_interface.o
                0x0000000020000090                hexti6
 .bss.read_char_buf.0
                0x0000000020000098       0xff ./BlueNRG-MS/Target/hci_tl_interface.o
 *fill*         0x0000000020000197        0x1 
 .bss.hadc1     0x0000000020000198       0x68 ./Core/Src/adc.o
                0x0000000020000198                hadc1
 .bss.bnrg_expansion_board
                0x0000000020000200        0x1 ./Core/Src/app_bluenrg_ms.o
                0x0000000020000200                bnrg_expansion_board
 .bss.user_button_pressed
                0x0000000020000201        0x1 ./Core/Src/app_bluenrg_ms.o
 *fill*         0x0000000020000202        0x2 
 .bss.hi2c2     0x0000000020000204       0x54 ./Core/Src/custom_bus.o
                0x0000000020000204                hi2c2
 .bss.I2C2InitCounter
                0x0000000020000258        0x4 ./Core/Src/custom_bus.o
 .bss.hdfsdm1_channel2
                0x000000002000025c       0x38 ./Core/Src/dfsdm.o
                0x000000002000025c                hdfsdm1_channel2
 .bss.DFSDM1_Init
                0x0000000020000294        0x4 ./Core/Src/dfsdm.o
 .bss.hi2c1     0x0000000020000298       0x54 ./Core/Src/i2c.o
                0x0000000020000298                hi2c1
 .bss.Gyro      0x00000000200002ec       0x38 ./Core/Src/main.o
                0x00000000200002ec                Gyro
 .bss.dataRdyIntReceived
                0x0000000020000324        0x4 ./Core/Src/main.o
                0x0000000020000324                dataRdyIntReceived
 .bss.command   0x0000000020000328        0x7 ./Core/Src/main.o
                0x0000000020000328                command
 *fill*         0x000000002000032f        0x1 
 .bss.hospi1    0x0000000020000330       0x50 ./Core/Src/octospi.o
                0x0000000020000330                hospi1
 .bss.connected
                0x0000000020000380        0x4 ./Core/Src/sample_service.o
                0x0000000020000380                connected
 .bss.connection_handle
                0x0000000020000384        0x2 ./Core/Src/sample_service.o
                0x0000000020000384                connection_handle
 .bss.notification_enabled
                0x0000000020000386        0x1 ./Core/Src/sample_service.o
                0x0000000020000386                notification_enabled
 .bss.start_read_tx_char_handle
                0x0000000020000387        0x1 ./Core/Src/sample_service.o
                0x0000000020000387                start_read_tx_char_handle
 .bss.start_read_rx_char_handle
                0x0000000020000388        0x1 ./Core/Src/sample_service.o
                0x0000000020000388                start_read_rx_char_handle
 .bss.end_read_tx_char_handle
                0x0000000020000389        0x1 ./Core/Src/sample_service.o
                0x0000000020000389                end_read_tx_char_handle
 .bss.end_read_rx_char_handle
                0x000000002000038a        0x1 ./Core/Src/sample_service.o
                0x000000002000038a                end_read_rx_char_handle
 *fill*         0x000000002000038b        0x1 
 .bss.tx_handle
                0x000000002000038c        0x2 ./Core/Src/sample_service.o
                0x000000002000038c                tx_handle
 .bss.rx_handle
                0x000000002000038e        0x2 ./Core/Src/sample_service.o
                0x000000002000038e                rx_handle
 .bss.sampleServHandle
                0x0000000020000390        0x2 ./Core/Src/sample_service.o
                0x0000000020000390                sampleServHandle
 .bss.TXCharHandle
                0x0000000020000392        0x2 ./Core/Src/sample_service.o
                0x0000000020000392                TXCharHandle
 .bss.RXCharHandle
                0x0000000020000394        0x2 ./Core/Src/sample_service.o
                0x0000000020000394                RXCharHandle
 *fill*         0x0000000020000396        0x2 
 .bss.hspi1     0x0000000020000398       0x64 ./Core/Src/spi.o
                0x0000000020000398                hspi1
 .bss.__sbrk_heap_end
                0x00000000200003fc        0x4 ./Core/Src/sysmem.o
 .bss.huart4    0x0000000020000400       0x90 ./Core/Src/usart.o
                0x0000000020000400                huart4
 .bss.huart1    0x0000000020000490       0x90 ./Core/Src/usart.o
                0x0000000020000490                huart1
 .bss.huart2    0x0000000020000520       0x90 ./Core/Src/usart.o
                0x0000000020000520                huart2
 .bss.huart3    0x00000000200005b0       0x90 ./Core/Src/usart.o
                0x00000000200005b0                huart3
 .bss.hspi3     0x0000000020000640       0x64 ./Drivers/BSP/B-L4S5I-IOT01A/b_l4s5i_iot01a_bus.o
                0x0000000020000640                hspi3
 .bss.SPI3InitCounter
                0x00000000200006a4        0x4 ./Drivers/BSP/B-L4S5I-IOT01A/b_l4s5i_iot01a_bus.o
 .bss.uwTick    0x00000000200006a8        0x4 ./Drivers/STM32L4xx_HAL_Driver/Src/stm32l4xx_hal.o
                0x00000000200006a8                uwTick
 .bss.v_dfsdm1ChannelCounter
                0x00000000200006ac        0x4 ./Drivers/STM32L4xx_HAL_Driver/Src/stm32l4xx_hal_dfsdm.o
 .bss.a_dfsdm1ChannelHandle
                0x00000000200006b0       0x20 ./Drivers/STM32L4xx_HAL_Driver/Src/stm32l4xx_hal_dfsdm.o
 .bss.hciReadPktPool
                0x00000000200006d0        0x8 ./Middlewares/ST/BlueNRG-MS/hci/hci_tl_patterns/Basic/hci_tl.o
                0x00000000200006d0                hciReadPktPool
 .bss.hciReadPktRxQueue
                0x00000000200006d8        0x8 ./Middlewares/ST/BlueNRG-MS/hci/hci_tl_patterns/Basic/hci_tl.o
                0x00000000200006d8                hciReadPktRxQueue
 .bss.hciReadPacketBuffer
                0x00000000200006e0      0x2bc ./Middlewares/ST/BlueNRG-MS/hci/hci_tl_patterns/Basic/hci_tl.o
 .bss.hciContext
                0x000000002000099c       0x20 ./Middlewares/ST/BlueNRG-MS/hci/hci_tl_patterns/Basic/hci_tl.o
 .bss.__lock___malloc_recursive_mutex