../Drivers/BSP/B-L4S5I-IOT01A/b_l4s5i_iot01a_bus.c:221:9:BSP_SPI3_Init	16	static
../Drivers/BSP/B-L4S5I-IOT01A/b_l4s5i_iot01a_bus.c:262:9:BSP_SPI3_DeInit	16	static
../Drivers/BSP/B-L4S5I-IOT01A/b_l4s5i_iot01a_bus.c:288:9:BSP_SPI3_Send	24	static
../Drivers/BSP/B-L4S5I-IOT01A/b_l4s5i_iot01a_bus.c:305:10:BSP_SPI3_Recv	24	static
../Drivers/BSP/B-L4S5I-IOT01A/b_l4s5i_iot01a_bus.c:322:9:BSP_SPI3_SendRecv	40	static
../Drivers/BSP/B-L4S5I-IOT01A/b_l4s5i_iot01a_bus.c:341:16:BSP_I2C2_Init	16	static
../Drivers/BSP/B-L4S5I-IOT01A/b_l4s5i_iot01a_bus.c:389:16:BSP_I2C2_DeInit	16	static
../Drivers/BSP/B-L4S5I-IOT01A/b_l4s5i_iot01a_bus.c:417:16:BSP_I2C2_IsReady	24	static
../Drivers/BSP/B-L4S5I-IOT01A/b_l4s5i_iot01a_bus.c:438:16:BSP_I2C2_WriteReg	48	static
../Drivers/BSP/B-L4S5I-IOT01A/b_l4s5i_iot01a_bus.c:464:17:BSP_I2C2_ReadReg	48	static
../Drivers/BSP/B-L4S5I-IOT01A/b_l4s5i_iot01a_bus.c:492:16:BSP_I2C2_WriteReg16	48	static
../Drivers/BSP/B-L4S5I-IOT01A/b_l4s5i_iot01a_bus.c:517:17:BSP_I2C2_ReadReg16	48	static
../Drivers/BSP/B-L4S5I-IOT01A/b_l4s5i_iot01a_bus.c:542:16:BSP_I2C2_Send	32	static
../Drivers/BSP/B-L4S5I-IOT01A/b_l4s5i_iot01a_bus.c:567:16:BSP_I2C2_Recv	32	static
../Drivers/BSP/B-L4S5I-IOT01A/b_l4s5i_iot01a_bus.c:695:16:BSP_GetTick	8	static
../Drivers/BSP/B-L4S5I-IOT01A/b_l4s5i_iot01a_bus.c:701:26:MX_SPI3_Init	24	static
../Drivers/BSP/B-L4S5I-IOT01A/b_l4s5i_iot01a_bus.c:727:13:SPI3_MspInit	48	static
../Drivers/BSP/B-L4S5I-IOT01A/b_l4s5i_iot01a_bus.c:768:13:SPI3_MspDeInit	16	static
../Drivers/BSP/B-L4S5I-IOT01A/b_l4s5i_iot01a_bus.c:794:26:MX_I2C2_Init	24	static
../Drivers/BSP/B-L4S5I-IOT01A/b_l4s5i_iot01a_bus.c:825:13:I2C2_MspInit	192	static
../Drivers/BSP/B-L4S5I-IOT01A/b_l4s5i_iot01a_bus.c:865:13:I2C2_MspDeInit	16	static
