17:39:45 **** Incremental Build of configuration Debug for project gyro ****
make -j8 all 
arm-none-eabi-gcc "../Drivers/BSP/B-L4S5I-IOT01A/b_l4s5i_iot01a_bus.c" -mcpu=cortex-m4 -std=gnu11 -g3 -DDEBUG -DUSE_HAL_DRIVER -DSTM32L4S5xx -c -I../Core/Inc -I../Drivers/STM32L4xx_HAL_Driver/Inc -I../Drivers/STM32L4xx_HAL_Driver/Inc/Legacy -I../Drivers/CMSIS/Device/ST/STM32L4xx/Include -I../Drivers/CMSIS/Include -I../BlueNRG-MS/Target -I../Drivers/BSP/B-L4S5I-IOT01A -I../Middlewares/ST/BlueNRG-MS/utils -I../Middlewares/ST/BlueNRG-MS/includes -I../Middlewares/ST/BlueNRG-MS/hci/hci_tl_patterns/Basic -I../X-CUBE-MEMS1/Target -I../Drivers/BSP/Components/lsm6dsl -O0 -ffunction-sections -fdata-sections -Wall -fstack-usage -MMD -MP -MF"Drivers/BSP/B-L4S5I-IOT01A/b_l4s5i_iot01a_bus.d" -MT"Drivers/BSP/B-L4S5I-IOT01A/b_l4s5i_iot01a_bus.o" --specs=nano.specs -mfpu=fpv4-sp-d16 -mfloat-abi=hard -mthumb -o "Drivers/BSP/B-L4S5I-IOT01A/b_l4s5i_iot01a_bus.o"
arm-none-eabi-gcc -o "gyro.elf" @"objects.list"   -mcpu=cortex-m4 -T"C:\Users\PC\OneDrive - University of Maryland\S8\ENEE459V\My Work\HW11a\enee459v\Project_ws\gyro\STM32L4S5VITX_FLASH.ld" --specs=nosys.specs -Wl,-Map="gyro.map" -Wl,--gc-sections -static --specs=nano.specs -mfpu=fpv4-sp-d16 -mfloat-abi=hard -mthumb -Wl,--start-group -lc -lm -Wl,--end-group
Finished building target: gyro.elf
 
arm-none-eabi-size   gyro.elf 
arm-none-eabi-objdump -h -S  gyro.elf  > "gyro.list"
   text	   data	    bss	    dec	    hex	filename
  49636	    124	   3932	  53692	   d1bc	gyro.elf
Finished building: default.size.stdout
 
Finished building: gyro.list
 

17:39:48 Build Finished. 0 errors, 0 warnings. (took 3s.144ms)

